<html>
<body>
<pre>
<h1>µVision Build Log</h1>
<h2>Tool Versions:</h2>
IDE-Version: µVision V5.18.0.0
Copyright (C) 2016 ARM Ltd and ARM Germany GmbH. All rights reserved.
License Information: Cuong Nguyen, UIT, LIC=IK19U-SNI6Z-UGM7Q-NQQ36-YHSEE-SK8HB
 
Tool Versions:
Toolchain:       MDK-ARM Standard  Version: 5.18
Toolchain Path:  C:\Keil_v5\ARM\ARMCC\Bin
C Compiler:      Armcc.exe V5.06 update 1 (build 61)
Assembler:       Armasm.exe V5.06 update 1 (build 61)
Linker/Locator:  ArmLink.exe V5.06 update 1 (build 61)
Library Manager: ArmAr.exe V5.06 update 1 (build 61)
Hex Converter:   FromElf.exe V5.06 update 1 (build 61)
CPU DLL:         SARMCM3.DLL V5.18
Dialog DLL:      DCM.DLL V1.13.6.0
Target DLL:      STLink\ST-LINKIII-KEIL_SWO.dll V2.0.18.0
Dialog DLL:      TCM.DLL V1.14.8.0
 
<h2>Project:</h2>
C:\Users\Tuy Chon\Downloads\LoraDemo1-20171214T161541Z-001\LoraDemo1\LoraDemo\Keil\SK-iM880A\ping-pong\Ping-Pong.uvprojx
Project File Date:  12/15/2017

<h2>Output:</h2>
*** Using Compiler 'V5.06 update 1 (build 61)', folder: 'C:\Keil_v5\ARM\ARMCC\Bin'
Build target 'Ping-Pong-lora'
compiling main.c...
..\..\..\src\apps\ping-pong\SK-iM880A\main.c(146): warning:  #177-D: variable "isMaster" was declared but never referenced
      bool isMaster = true;
..\..\..\src\apps\ping-pong\SK-iM880A\main.c(299): warning:  #223-D: function "I2C_LCD_Puts" declared implicitly
  		I2C_LCD_Puts("Ham MODE");
..\..\..\src\apps\ping-pong\SK-iM880A\main.c(304): warning:  #223-D: function "I2C_LCD_NewLine" declared implicitly
  			I2C_LCD_NewLine(0xC0); //Xuong dong, bat dau tu vi tri 0
..\..\..\src\apps\ping-pong\SK-iM880A\main.c(306): warning:  #223-D: function "I2C_LCD_Puts" declared implicitly
  			I2C_LCD_Puts("0001");
..\..\..\src\apps\ping-pong\SK-iM880A\main.c: 4 warnings, 0 errors
linking...
Program Size: Code=19868 RO-data=676 RW-data=192 ZI-data=2384  
FromELF: creating hex file...
".\obj\Ping-Pong-lora\Ping-Pong.axf" - 0 Error(s), 4 Warning(s).

<h2>Software Packages used:</h2>

Package Vendor: ARM
                http://www.keil.com/pack/ARM.CMSIS.5.2.0.pack
                ARM::CMSIS:CORE:5.0.2
                CMSIS (Cortex Microcontroller Software Interface Standard)
   * Component: CORE Version: 5.0.2

<h2>Collection of Component include folders:</h2>
  C:\Users\Tuy Chon\Downloads\LoraDemo1-20171214T161541Z-001\LoraDemo1\LoraDemo\Keil\SK-iM880A\ping-pong\RTE
  C:\Keil_v5\ARM\PACK\ARM\CMSIS\5.2.0\CMSIS\Include
  C:\Keil_v5\ARM\PACK\Keil\STM32L1xx_DFP\1.2.0\Device\Include

<h2>Collection of Component Files used:</h2>

   * Component: ARM::CMSIS:CORE:5.0.2
Build Time Elapsed:  00:00:05
</pre>
</body>
</html>
