Component: ARM Compiler 5.06 update 1 (build 61) Tool: armlink [4d35a8]

==============================================================================

Section Cross References

    main.o(i.ConvertData) refers to log10f.o(i.log10f) for log10f
    main.o(i.ConvertData) refers to fmul.o(.text) for __aeabi_fmul
    main.o(i.ConvertData) refers to fflti.o(.text) for __aeabi_i2f
    main.o(i.ConvertData) refers to fadd.o(.text) for __aeabi_fadd
    main.o(i.ConvertData) refers to fdiv.o(.text) for __aeabi_fdiv
    main.o(i.ConvertData) refers to f2d.o(.text) for __aeabi_f2d
    main.o(i.ConvertData) refers to powl.o(i.powl) for powl
    main.o(i.ConvertData) refers to d2f.o(.text) for __aeabi_d2f
    main.o(i.OnRxDone) refers to memseta.o(.text) for __aeabi_memclr4
    main.o(i.OnRxDone) refers to memcpya.o(.text) for __aeabi_memcpy
    main.o(i.OnRxDone) refers to gpio.o(i.GpioRead) for GpioRead
    main.o(i.OnRxDone) refers to gpio.o(i.GpioWrite) for GpioWrite
    main.o(i.OnRxDone) refers to printf0.o(i.__0printf$0) for __2printf
    main.o(i.OnRxDone) refers to main.o(.data) for BufferSize
    main.o(i.OnRxDone) refers to board.o(.bss) for Led2
    main.o(i.OnRxError) refers to printf0.o(i.__0printf$0) for __2printf
    main.o(i.OnRxError) refers to main.o(i.NVIC_SystemReset) for NVIC_SystemReset
    main.o(i.OnRxTimeout) refers to printf0.o(i.__0printf$0) for __2printf
    main.o(i.OnRxTimeout) refers to main.o(i.NVIC_SystemReset) for NVIC_SystemReset
    main.o(i.OnTxDone) refers to gpio.o(i.GpioRead) for GpioRead
    main.o(i.OnTxDone) refers to gpio.o(i.GpioWrite) for GpioWrite
    main.o(i.OnTxDone) refers to board.o(.bss) for Led2
    main.o(i.OnTxDone) refers to sx1272-board.o(.constdata) for Radio
    main.o(i.OnTxDone) refers to main.o(.data) for State
    main.o(i.OnTxTimeout) refers to sx1272-board.o(.constdata) for Radio
    main.o(i.OnTxTimeout) refers to main.o(.data) for State
    main.o(i.fgetc) refers to stm32l0xx_hal_usart.o(i.USART_ReceiveData) for USART_ReceiveData
    main.o(i.fputc) refers to stm32l0xx_hal_usart.o(i.USART_SendData) for USART_SendData
    main.o(i.fputc) refers to stm32l0xx_hal_usart.o(i.USART_GetFlagStatus) for USART_GetFlagStatus
    main.o(i.int2array) refers to ffltui.o(.text) for __aeabi_ui2f
    main.o(i.int2array) refers to f2d.o(.text) for __aeabi_f2d
    main.o(i.int2array) refers to log10.o(i.log10) for log10
    main.o(i.int2array) refers to dfixi.o(.text) for __aeabi_d2iz
    main.o(i.int2array) refers to malloc.o(i.malloc) for malloc
    main.o(i.int2array) refers to idiv.o(.text) for __aeabi_idivmod
    main.o(i.main) refers to board.o(i.BoardInitMcu) for BoardInitMcu
    main.o(i.main) refers to board.o(i.BoardInitPeriph) for BoardInitPeriph
    main.o(i.main) refers to uart-board.o(i.UartMcuInit) for UartMcuInit
    main.o(i.main) refers to uart-board.o(i.UartMcuConfig) for UartMcuConfig
    main.o(i.main) refers to gpio.o(i.GpioToggle) for GpioToggle
    main.o(i.main) refers to board.o(.bss) for Uart1
    adc-board.o(i.AdcMcuConfig) refers to stm32l0xx_hal_adc.o(i.HAL_ADC_Init) for HAL_ADC_Init
    adc-board.o(i.AdcMcuConfig) refers to stm32l0xx_hal_adc_ex.o(i.HAL_ADCEx_Calibration_Start) for HAL_ADCEx_Calibration_Start
    adc-board.o(i.AdcMcuConfig) refers to adc-board.o(.bss) for AdcHandle
    adc-board.o(i.AdcMcuInit) refers to stm32l0xx_hal_adc.o(i.HAL_ADC_DeInit) for HAL_ADC_DeInit
    adc-board.o(i.AdcMcuInit) refers to gpio.o(i.GpioInit) for GpioInit
    adc-board.o(i.AdcMcuInit) refers to adc-board.o(.bss) for AdcHandle
    adc-board.o(i.AdcMcuReadChannel) refers to stm32l0xx_hal_adc.o(i.HAL_ADC_ConfigChannel) for HAL_ADC_ConfigChannel
    adc-board.o(i.AdcMcuReadChannel) refers to stm32l0xx_hal_adc.o(i.HAL_ADC_Start) for HAL_ADC_Start
    adc-board.o(i.AdcMcuReadChannel) refers to stm32l0xx_hal_adc.o(i.HAL_ADC_PollForConversion) for HAL_ADC_PollForConversion
    adc-board.o(i.AdcMcuReadChannel) refers to stm32l0xx_hal_adc.o(i.HAL_ADC_GetValue) for HAL_ADC_GetValue
    adc-board.o(i.AdcMcuReadChannel) refers to stm32l0xx_hal_adc.o(i.HAL_ADC_DeInit) for HAL_ADC_DeInit
    adc-board.o(i.AdcMcuReadChannel) refers to adc-board.o(.bss) for AdcHandle
    board.o(i.BoardBatteryMeasureVolage) refers to adc.o(i.AdcReadChannel) for AdcReadChannel
    board.o(i.BoardBatteryMeasureVolage) refers to ffltui.o(.text) for __aeabi_ui2f
    board.o(i.BoardBatteryMeasureVolage) refers to fmul.o(.text) for __aeabi_fmul
    board.o(i.BoardBatteryMeasureVolage) refers to fdiv.o(.text) for __aeabi_fdiv
    board.o(i.BoardBatteryMeasureVolage) refers to ffixui.o(.text) for __aeabi_f2uiz
    board.o(i.BoardBatteryMeasureVolage) refers to board.o(.bss) for Adc
    board.o(i.BoardDeInitMcu) refers to i2c.o(i.I2cDeInit) for I2cDeInit
    board.o(i.BoardDeInitMcu) refers to adc.o(i.AdcDeInit) for AdcDeInit
    board.o(i.BoardDeInitMcu) refers to spi-board.o(i.SpiDeInit) for SpiDeInit
[...]
    ../clib/microlib/init/entry.s            0x00000000   Number         0  entry10b.o ABSOLUTE
    ../clib/microlib/longlong.c              0x00000000   Number         0  llushr.o ABSOLUTE
    ../clib/microlib/longlong.c              0x00000000   Number         0  llsshr.o ABSOLUTE
    ../clib/microlib/longlong.c              0x00000000   Number         0  llshl.o ABSOLUTE
    ../clib/microlib/malloc/malloc.c         0x00000000   Number         0  mallocra.o ABSOLUTE
    ../clib/microlib/malloc/malloc.c         0x00000000   Number         0  malloc.o ABSOLUTE
    ../clib/microlib/malloc/malloc.c         0x00000000   Number         0  malloca.o ABSOLUTE
    ../clib/microlib/malloc/malloc.c         0x00000000   Number         0  mallocr.o ABSOLUTE
    ../clib/microlib/malloc/mvars.c          0x00000000   Number         0  mvars.o ABSOLUTE
    ../clib/microlib/printf/printf.c         0x00000000   Number         0  printf4.o ABSOLUTE
    ../clib/microlib/printf/printf.c         0x00000000   Number         0  printf5.o ABSOLUTE
    ../clib/microlib/printf/printf.c         0x00000000   Number         0  printf0.o ABSOLUTE
    ../clib/microlib/printf/printf.c         0x00000000   Number         0  printf6.o ABSOLUTE
    ../clib/microlib/printf/printf.c         0x00000000   Number         0  printf7.o ABSOLUTE
    ../clib/microlib/printf/printf.c         0x00000000   Number         0  printf1.o ABSOLUTE
    ../clib/microlib/printf/printf.c         0x00000000   Number         0  printf2.o ABSOLUTE
    ../clib/microlib/printf/printf.c         0x00000000   Number         0  printfa.o ABSOLUTE
    ../clib/microlib/printf/printf.c         0x00000000   Number         0  printf3.o ABSOLUTE
    ../clib/microlib/printf/printf.c         0x00000000   Number         0  printf8.o ABSOLUTE
    ../clib/microlib/printf/printf.c         0x00000000   Number         0  printfb.o ABSOLUTE
    ../clib/microlib/printf/stubs.s          0x00000000   Number         0  stubs.o ABSOLUTE
    ../clib/microlib/stdio/streams.c         0x00000000   Number         0  stdout.o ABSOLUTE
    ../clib/microlib/string/memcpy.c         0x00000000   Number         0  memcpyb.o ABSOLUTE
    ../clib/microlib/string/memcpy.c         0x00000000   Number         0  memcpya.o ABSOLUTE
    ../clib/microlib/string/memset.c         0x00000000   Number         0  memseta.o ABSOLUTE
    ../clib/microlib/string/strncmp.c        0x00000000   Number         0  strncmp.o ABSOLUTE
    ../clib/microlib/stubs.s                 0x00000000   Number         0  iusefp.o ABSOLUTE
    ../clib/scanf.c                          0x00000000   Number         0  atoi.o ABSOLUTE
    ../clib/scanf.c                          0x00000000   Number         0  strtol.o ABSOLUTE
    ../clib/scanf.c                          0x00000000   Number         0  _chval.o ABSOLUTE
    ../clib/scanf.c                          0x00000000   Number         0  _strtoul.o ABSOLUTE
    ../fplib/microlib/d2f.c                  0x00000000   Number         0  d2f.o ABSOLUTE
    ../fplib/microlib/f2d.c                  0x00000000   Number         0  f2d.o ABSOLUTE
    ../fplib/microlib/fpadd.c                0x00000000   Number         0  dadd.o ABSOLUTE
    ../fplib/microlib/fpadd.c                0x00000000   Number         0  fadd.o ABSOLUTE
    ../fplib/microlib/fpdiv.c                0x00000000   Number         0  ddiv.o ABSOLUTE
    ../fplib/microlib/fpdiv.c                0x00000000   Number         0  fdiv.o ABSOLUTE
    ../fplib/microlib/fpepilogue.c           0x00000000   Number         0  depilogue.o ABSOLUTE
    ../fplib/microlib/fpepilogue.c           0x00000000   Number         0  fepilogue.o ABSOLUTE
    ../fplib/microlib/fpfix.c                0x00000000   Number         0  dfixul.o ABSOLUTE
    ../fplib/microlib/fpfix.c                0x00000000   Number         0  dfixui.o ABSOLUTE
    ../fplib/microlib/fpfix.c                0x00000000   Number         0  dfixi.o ABSOLUTE
    ../fplib/microlib/fpfix.c                0x00000000   Number         0  ffixui.o ABSOLUTE
    ../fplib/microlib/fpflt.c                0x00000000   Number         0  ffltui.o ABSOLUTE
    ../fplib/microlib/fpflt.c                0x00000000   Number         0  dflti.o ABSOLUTE
    ../fplib/microlib/fpflt.c                0x00000000   Number         0  dfltui.o ABSOLUTE
    ../fplib/microlib/fpflt.c                0x00000000   Number         0  fflti.o ABSOLUTE
    ../fplib/microlib/fpflt.c                0x00000000   Number         0  dfltul.o ABSOLUTE
    ../fplib/microlib/fpmul.c                0x00000000   Number         0  dmul.o ABSOLUTE
    ../fplib/microlib/fpmul.c                0x00000000   Number         0  fmul.o ABSOLUTE
    ../fplib/microlib/fprnd.c                0x00000000   Number         0  drnd.o ABSOLUTE
    ../fplib/microlib/fpscalb.c              0x00000000   Number         0  fscalb.o ABSOLUTE
    ../fplib/microlib/fpscalb.c              0x00000000   Number         0  dscalb.o ABSOLUTE
    ../fplib/microlib/fpsqrt.c               0x00000000   Number         0  dsqrt.o ABSOLUTE
    ../mathlib/ceil.c                        0x00000000   Number         0  ceil.o ABSOLUTE
    ../mathlib/dunder.c                      0x00000000   Number         0  dunder.o ABSOLUTE
    ../mathlib/floor.c                       0x00000000   Number         0  floor.o ABSOLUTE
    ../mathlib/fpclassify.c                  0x00000000   Number         0  fpclassify.o ABSOLUTE
    ../mathlib/funder.c                      0x00000000   Number         0  funder.o ABSOLUTE
    ../mathlib/log.c                         0x00000000   Number         0  log_x.o ABSOLUTE
    ../mathlib/log.c                         0x00000000   Number         0  log.o ABSOLUTE
    ../mathlib/log10.c                       0x00000000   Number         0  log10.o ABSOLUTE
    ../mathlib/log10.c                       0x00000000   Number         0  log10_x.o ABSOLUTE
    ../mathlib/log10f.c                      0x00000000   Number         0  log10f.o ABSOLUTE
    ../mathlib/log10f.c                      0x00000000   Number         0  log10f_x.o ABSOLUTE
    ../mathlib/poly.c                        0x00000000   Number         0  poly.o ABSOLUTE
    ../mathlib/pow.c                         0x00000000   Number         0  pow.o ABSOLUTE
    ../mathlib/pow.c                         0x00000000   Number         0  pow_x.o ABSOLUTE
    ../mathlib/qnan.c                        0x00000000   Number         0  qnan.o ABSOLUTE
    ../mathlib/round.c                       0x00000000   Number         0  round.o ABSOLUTE
    ../mathlib/sqrt.c                        0x00000000   Number         0  sqrt_x.o ABSOLUTE
    ../mathlib/sqrt.c                        0x00000000   Number         0  sqrt.o ABSOLUTE
    ../mathlib/wrappers.c                    0x00000000   Number         0  powl.o ABSOLUTE
    ..\..\..\src\boards\MoteII\adc-board.c   0x00000000   Number         0  adc-board.o ABSOLUTE
    ..\..\..\src\boards\MoteII\board.c       0x00000000   Number         0  board.o ABSOLUTE
    ..\..\..\src\boards\MoteII\cmsis\arm-std\startup_stm32l051xx.s 0x00000000   Number         0  startup_stm32l051xx.o ABSOLUTE
    ..\..\..\src\boards\MoteII\cmsis\system_stm32l0xx.c 0x00000000   Number         0  system_stm32l0xx.o ABSOLUTE
    ..\..\..\src\boards\MoteII\gpio-board.c  0x00000000   Number         0  gpio-board.o ABSOLUTE
    ..\..\..\src\boards\MoteII\gps-board.c   0x00000000   Number         0  gps-board.o ABSOLUTE
    ..\..\..\src\boards\MoteII\i2c-board.c   0x00000000   Number         0  i2c-board.o ABSOLUTE
    ..\..\..\src\boards\MoteII\rtc-board.c   0x00000000   Number         0  rtc-board.o ABSOLUTE
    ..\..\..\src\boards\MoteII\spi-board.c   0x00000000   Number         0  spi-board.o ABSOLUTE
    ..\..\..\src\boards\MoteII\sx1272-board.c 0x00000000   Number         0  sx1272-board.o ABSOLUTE
    ..\..\..\src\boards\MoteII\uart-board.c  0x00000000   Number         0  uart-board.o ABSOLUTE
    ..\..\..\src\boards\mcu\stm32\STM32L0xx_HAL_Driver\Src\stm32l0xx_hal.c 0x00000000   Number         0  stm32l0xx_hal.o ABSOLUTE
    ..\..\..\src\boards\mcu\stm32\STM32L0xx_HAL_Driver\Src\stm32l0xx_hal_adc.c 0x00000000   Number         0  stm32l0xx_hal_adc.o ABSOLUTE
    ..\..\..\src\boards\mcu\stm32\STM32L0xx_HAL_Driver\Src\stm32l0xx_hal_adc_ex.c 0x00000000   Number         0  stm32l0xx_hal_adc_ex.o ABSOLUTE
    ..\..\..\src\boards\mcu\stm32\STM32L0xx_HAL_Driver\Src\stm32l0xx_hal_cortex.c 0x00000000   Number         0  stm32l0xx_hal_cortex.o ABSOLUTE
    ..\..\..\src\boards\mcu\stm32\STM32L0xx_HAL_Driver\Src\stm32l0xx_hal_dma.c 0x00000000   Number         0  stm32l0xx_hal_dma.o ABSOLUTE
    ..\..\..\src\boards\mcu\stm32\STM32L0xx_HAL_Driver\Src\stm32l0xx_hal_gpio.c 0x00000000   Number         0  stm32l0xx_hal_gpio.o ABSOLUTE
    ..\..\..\src\boards\mcu\stm32\STM32L0xx_HAL_Driver\Src\stm32l0xx_hal_i2c.c 0x00000000   Number         0  stm32l0xx_hal_i2c.o ABSOLUTE
    ..\..\..\src\boards\mcu\stm32\STM32L0xx_HAL_Driver\Src\stm32l0xx_hal_i2c_ex.c 0x00000000   Number         0  stm32l0xx_hal_i2c_ex.o ABSOLUTE
    ..\..\..\src\boards\mcu\stm32\STM32L0xx_HAL_Driver\Src\stm32l0xx_hal_pwr.c 0x00000000   Number         0  stm32l0xx_hal_pwr.o ABSOLUTE
    ..\..\..\src\boards\mcu\stm32\STM32L0xx_HAL_Driver\Src\stm32l0xx_hal_pwr_ex.c 0x00000000   Number         0  stm32l0xx_hal_pwr_ex.o ABSOLUTE
    ..\..\..\src\boards\mcu\stm32\STM32L0xx_HAL_Driver\Src\stm32l0xx_hal_rcc.c 0x00000000   Number         0  stm32l0xx_hal_rcc.o ABSOLUTE
    ..\..\..\src\boards\mcu\stm32\STM32L0xx_HAL_Driver\Src\stm32l0xx_hal_rcc_ex.c 0x00000000   Number         0  stm32l0xx_hal_rcc_ex.o ABSOLUTE
    ..\..\..\src\boards\mcu\stm32\STM32L0xx_HAL_Driver\Src\stm32l0xx_hal_rtc.c 0x00000000   Number         0  stm32l0xx_hal_rtc.o ABSOLUTE
    ..\..\..\src\boards\mcu\stm32\STM32L0xx_HAL_Driver\Src\stm32l0xx_hal_rtc_ex.c 0x00000000   Number         0  stm32l0xx_hal_rtc_ex.o ABSOLUTE
    ..\..\..\src\boards\mcu\stm32\STM32L0xx_HAL_Driver\Src\stm32l0xx_hal_spi.c 0x00000000   Number         0  stm32l0xx_hal_spi.o ABSOLUTE
    ..\..\..\src\boards\mcu\stm32\STM32L0xx_HAL_Driver\Src\stm32l0xx_hal_uart.c 0x00000000   Number         0  stm32l0xx_hal_uart.o ABSOLUTE
    ..\..\..\src\boards\mcu\stm32\STM32L0xx_HAL_Driver\Src\stm32l0xx_hal_uart_ex.c 0x00000000   Number         0  stm32l0xx_hal_uart_ex.o ABSOLUTE
    ..\..\..\src\boards\mcu\stm32\STM32L0xx_HAL_Driver\Src\stm32l0xx_hal_usart.c 0x00000000   Number         0  stm32l0xx_hal_usart.o ABSOLUTE
    ..\..\..\src\boards\mcu\stm32\sysIrqHandlers.c 0x00000000   Number         0  sysirqhandlers.o ABSOLUTE
    ..\..\..\src\boards\mcu\stm32\utilities.c 0x00000000   Number         0  utilities.o ABSOLUTE
    ..\..\..\src\peripherals\gpio-ioe.c      0x00000000   Number         0  gpio-ioe.o ABSOLUTE
    ..\..\..\src\radio\sx1272\sx1272.c       0x00000000   Number         0  sx1272.o ABSOLUTE
    ..\..\..\src\system\adc.c                0x00000000   Number         0  adc.o ABSOLUTE
    ..\..\..\src\system\delay.c              0x00000000   Number         0  delay.o ABSOLUTE
    ..\..\..\src\system\fifo.c               0x00000000   Number         0  fifo.o ABSOLUTE
    ..\..\..\src\system\gpio.c               0x00000000   Number         0  gpio.o ABSOLUTE
    ..\..\..\src\system\gps.c                0x00000000   Number         0  gps.o ABSOLUTE
    ..\..\..\src\system\i2c.c                0x00000000   Number         0  i2c.o ABSOLUTE
    ..\..\..\src\system\timer.c              0x00000000   Number         0  timer.o ABSOLUTE
    ..\..\..\src\system\uart.c               0x00000000   Number         0  uart.o ABSOLUTE
    ..\\..\\..\\src\\boards\\MoteII\\adc-board.c 0x00000000   Number         0  adc-board.o ABSOLUTE
    ..\\..\\..\\src\\boards\\MoteII\\board.c 0x00000000   Number         0  board.o ABSOLUTE
    ..\\..\\..\\src\\boards\\MoteII\\cmsis\\system_stm32l0xx.c 0x00000000   Number         0  system_stm32l0xx.o ABSOLUTE
    ..\\..\\..\\src\\boards\\MoteII\\gpio-board.c 0x00000000   Number         0  gpio-board.o ABSOLUTE
    ..\\..\\..\\src\\boards\\MoteII\\gps-board.c 0x00000000   Number         0  gps-board.o ABSOLUTE
    ..\\..\\..\\src\\boards\\MoteII\\i2c-board.c 0x00000000   Number         0  i2c-board.o ABSOLUTE
    ..\\..\\..\\src\\boards\\MoteII\\rtc-board.c 0x00000000   Number         0  rtc-board.o ABSOLUTE
    ..\\..\\..\\src\\boards\\MoteII\\spi-board.c 0x00000000   Number         0  spi-board.o ABSOLUTE
    ..\\..\\..\\src\\boards\\MoteII\\sx1272-board.c 0x00000000   Number         0  sx1272-board.o ABSOLUTE
    ..\\..\\..\\src\\boards\\MoteII\\uart-board.c 0x00000000   Number         0  uart-board.o ABSOLUTE
    ..\\..\\..\\src\\boards\\mcu\\stm32\\STM32L0xx_HAL_Driver\\Src\\stm32l0xx_hal.c 0x00000000   Number         0  stm32l0xx_hal.o ABSOLUTE
    ..\\..\\..\\src\\boards\\mcu\\stm32\\STM32L0xx_HAL_Driver\\Src\\stm32l0xx_hal_adc.c 0x00000000   Number         0  stm32l0xx_hal_adc.o ABSOLUTE
    ..\\..\\..\\src\\boards\\mcu\\stm32\\STM32L0xx_HAL_Driver\\Src\\stm32l0xx_hal_adc_ex.c 0x00000000   Number         0  stm32l0xx_hal_adc_ex.o ABSOLUTE
    ..\\..\\..\\src\\boards\\mcu\\stm32\\STM32L0xx_HAL_Driver\\Src\\stm32l0xx_hal_cortex.c 0x00000000   Number         0  stm32l0xx_hal_cortex.o ABSOLUTE
    ..\\..\\..\\src\\boards\\mcu\\stm32\\STM32L0xx_HAL_Driver\\Src\\stm32l0xx_hal_dma.c 0x00000000   Number         0  stm32l0xx_hal_dma.o ABSOLUTE
    ..\\..\\..\\src\\boards\\mcu\\stm32\\STM32L0xx_HAL_Driver\\Src\\stm32l0xx_hal_gpio.c 0x00000000   Number         0  stm32l0xx_hal_gpio.o ABSOLUTE
    ..\\..\\..\\src\\boards\\mcu\\stm32\\STM32L0xx_HAL_Driver\\Src\\stm32l0xx_hal_i2c.c 0x00000000   Number         0  stm32l0xx_hal_i2c.o ABSOLUTE
    ..\\..\\..\\src\\boards\\mcu\\stm32\\STM32L0xx_HAL_Driver\\Src\\stm32l0xx_hal_i2c_ex.c 0x00000000   Number         0  stm32l0xx_hal_i2c_ex.o ABSOLUTE
    ..\\..\\..\\src\\boards\\mcu\\stm32\\STM32L0xx_HAL_Driver\\Src\\stm32l0xx_hal_pwr.c 0x00000000   Number         0  stm32l0xx_hal_pwr.o ABSOLUTE
    ..\\..\\..\\src\\boards\\mcu\\stm32\\STM32L0xx_HAL_Driver\\Src\\stm32l0xx_hal_pwr_ex.c 0x00000000   Number         0  stm32l0xx_hal_pwr_ex.o ABSOLUTE
    ..\\..\\..\\src\\boards\\mcu\\stm32\\STM32L0xx_HAL_Driver\\Src\\stm32l0xx_hal_rcc.c 0x00000000   Number         0  stm32l0xx_hal_rcc.o ABSOLUTE
    ..\\..\\..\\src\\boards\\mcu\\stm32\\STM32L0xx_HAL_Driver\\Src\\stm32l0xx_hal_rcc_ex.c 0x00000000   Number         0  stm32l0xx_hal_rcc_ex.o ABSOLUTE
    ..\\..\\..\\src\\boards\\mcu\\stm32\\STM32L0xx_HAL_Driver\\Src\\stm32l0xx_hal_rtc.c 0x00000000   Number         0  stm32l0xx_hal_rtc.o ABSOLUTE
    ..\\..\\..\\src\\boards\\mcu\\stm32\\STM32L0xx_HAL_Driver\\Src\\stm32l0xx_hal_rtc_ex.c 0x00000000   Number         0  stm32l0xx_hal_rtc_ex.o ABSOLUTE
    ..\\..\\..\\src\\boards\\mcu\\stm32\\STM32L0xx_HAL_Driver\\Src\\stm32l0xx_hal_spi.c 0x00000000   Number         0  stm32l0xx_hal_spi.o ABSOLUTE
    ..\\..\\..\\src\\boards\\mcu\\stm32\\STM32L0xx_HAL_Driver\\Src\\stm32l0xx_hal_uart.c 0x00000000   Number         0  stm32l0xx_hal_uart.o ABSOLUTE
    ..\\..\\..\\src\\boards\\mcu\\stm32\\STM32L0xx_HAL_Driver\\Src\\stm32l0xx_hal_uart_ex.c 0x00000000   Number         0  stm32l0xx_hal_uart_ex.o ABSOLUTE
    ..\\..\\..\\src\\boards\\mcu\\stm32\\STM32L0xx_HAL_Driver\\Src\\stm32l0xx_hal_usart.c 0x00000000   Number         0  stm32l0xx_hal_usart.o ABSOLUTE
    ..\\..\\..\\src\\boards\\mcu\\stm32\\sysIrqHandlers.c 0x00000000   Number         0  sysirqhandlers.o ABSOLUTE
    ..\\..\\..\\src\\boards\\mcu\\stm32\\utilities.c 0x00000000   Number         0  utilities.o ABSOLUTE
    ..\\..\\..\\src\\peripherals\\gpio-ioe.c 0x00000000   Number         0  gpio-ioe.o ABSOLUTE
    ..\\..\\..\\src\\radio\\sx1272\\sx1272.c 0x00000000   Number         0  sx1272.o ABSOLUTE
    ..\\..\\..\\src\\system\\adc.c           0x00000000   Number         0  adc.o ABSOLUTE
    ..\\..\\..\\src\\system\\delay.c         0x00000000   Number         0  delay.o ABSOLUTE
    ..\\..\\..\\src\\system\\gpio.c          0x00000000   Number         0  gpio.o ABSOLUTE
    ..\\..\\..\\src\\system\\gps.c           0x00000000   Number         0  gps.o ABSOLUTE
    ..\\..\\..\\src\\system\\i2c.c           0x00000000   Number         0  i2c.o ABSOLUTE
    ..\\..\\..\\src\\system\\timer.c         0x00000000   Number         0  timer.o ABSOLUTE
    ..\\..\\..\\src\\system\\uart.c          0x00000000   Number         0  uart.o ABSOLUTE
    cdcmple.s                                0x00000000   Number         0  cdcmple.o ABSOLUTE
    cdrcmple.s                               0x00000000   Number         0  cdrcmple.o ABSOLUTE
    dc.s                                     0x00000000   Number         0  dc.o ABSOLUTE
    handlers.s                               0x00000000   Number         0  handlers.o ABSOLUTE
    ic_Swich.c                               0x00000000   Number         0  ic_swich.o ABSOLUTE
    ic_Swich.c                               0x00000000   Number         0  ic_swich.o ABSOLUTE
    init.s                                   0x00000000   Number         0  init.o ABSOLUTE
    main.c                                   0x00000000   Number         0  main.o ABSOLUTE
    main.c                                   0x00000000   Number         0  main.o ABSOLUTE
    RESET                                    0x08000000   Section      192  startup_stm32l051xx.o(RESET)
    .ARM.Collect$$$$00000000                 0x080000c0   Section        0  entry.o(.ARM.Collect$$$$00000000)
    .ARM.Collect$$$$00000001                 0x080000c0   Section        4  entry2.o(.ARM.Collect$$$$00000001)
    .ARM.Collect$$$$00000004                 0x080000c4   Section        4  entry5.o(.ARM.Collect$$$$00000004)
    .ARM.Collect$$$$00000008                 0x080000c8   Section        0  entry7b.o(.ARM.Collect$$$$00000008)
    .ARM.Collect$$$$0000000A                 0x080000c8   Section        0  entry8b.o(.ARM.Collect$$$$0000000A)
    .ARM.Collect$$$$0000000B                 0x080000c8   Section        8  entry9a.o(.ARM.Collect$$$$0000000B)
    .ARM.Collect$$$$0000000D                 0x080000d0   Section        0  entry10a.o(.ARM.Collect$$$$0000000D)
    .ARM.Collect$$$$0000000F                 0x080000d0   Section        0  entry11a.o(.ARM.Collect$$$$0000000F)
    .ARM.Collect$$$$00002712                 0x080000d0   Section        4  entry2.o(.ARM.Collect$$$$00002712)
    __lit__00000000                          0x080000d0   Data           4  entry2.o(.ARM.Collect$$$$00002712)
    .text                                    0x080000d4   Section       28  startup_stm32l051xx.o(.text)
    .text                                    0x080000f0   Section        0  uidiv.o(.text)
    .text                                    0x0800011c   Section        0  idiv.o(.text)
    .text                                    0x08000144   Section        0  uldiv.o(.text)
    .text                                    0x080001a4   Section        0  memcpya.o(.text)
    .text                                    0x080001c8   Section        0  dadd.o(.text)
    .text                                    0x0800032c   Section        0  dmul.o(.text)
    .text                                    0x080003fc   Section        0  ddiv.o(.text)
    .text                                    0x080004ec   Section        0  dfltui.o(.text)
    .text                                    0x08000508   Section        0  dfltul.o(.text)
    .text                                    0x08000524   Section        0  dfixui.o(.text)
    .text                                    0x08000560   Section       40  cdcmple.o(.text)
    .text                                    0x08000588   Section       40  cdrcmple.o(.text)
    .text                                    0x080005b0   Section        0  llshl.o(.text)
    .text                                    0x080005d0   Section        0  llushr.o(.text)
    .text                                    0x080005f2   Section        0  llsshr.o(.text)
    .text                                    0x08000618   Section        0  iusefp.o(.text)
    .text                                    0x08000618   Section        0  depilogue.o(.text)
    .text                                    0x080006d8   Section        0  drnd.o(.text)
    .text                                    0x08000754   Section       36  init.o(.text)
    i.ADC_ConversionStop                     0x08000778   Section        0  stm32l0xx_hal_adc.o(i.ADC_ConversionStop)
    ADC_ConversionStop                       0x08000779   Thumb Code   108  stm32l0xx_hal_adc.o(i.ADC_ConversionStop)
    i.ADC_Disable                            0x080007e4   Section        0  stm32l0xx_hal_adc.o(i.ADC_Disable)
    ADC_Disable                              0x080007e5   Thumb Code   156  stm32l0xx_hal_adc.o(i.ADC_Disable)
    i.AdcInit                                0x08000880   Section        0  adc.o(i.AdcInit)
    i.AdcMcuConfig                           0x080008a8   Section        0  adc-board.o(i.AdcMcuConfig)
    i.AdcMcuInit                             0x080008f4   Section        0  adc-board.o(i.AdcMcuInit)
    i.BlockLowPowerDuringTask                0x0800093c   Section        0  rtc-board.o(i.BlockLowPowerDuringTask)
    i.BoardDisableIrq                        0x08000954   Section        0  board.o(i.BoardDisableIrq)
    i.BoardEnableIrq                         0x08000968   Section        0  board.o(i.BoardEnableIrq)
    i.BoardInitMcu                           0x08000984   Section        0  board.o(i.BoardInitMcu)
    i.BoardInitPeriph                        0x08000a74   Section        0  board.o(i.BoardInitPeriph)
    i.BoardUnusedIoInit                      0x08000adc   Section        0  board.o(i.BoardUnusedIoInit)
    BoardUnusedIoInit                        0x08000add   Thumb Code    38  board.o(i.BoardUnusedIoInit)
    i.EXTI0_1_IRQHandler                     0x08000b02   Section        0  gpio-board.o(i.EXTI0_1_IRQHandler)
    i.EXTI2_3_IRQHandler                     0x08000b16   Section        0  gpio-board.o(i.EXTI2_3_IRQHandler)
    i.EXTI4_15_IRQHandler                    0x08000b2a   Section        0  gpio-board.o(i.EXTI4_15_IRQHandler)
    i.FifoInit                               0x08000b8a   Section        0  fifo.o(i.FifoInit)
    i.FifoNext                               0x08000b96   Section        0  fifo.o(i.FifoNext)
    FifoNext                                 0x08000b97   Thumb Code    18  fifo.o(i.FifoNext)
    i.FifoPop                                0x08000ba8   Section        0  fifo.o(i.FifoPop)
    i.FifoPush                               0x08000bc6   Section        0  fifo.o(i.FifoPush)
    i.GetBoardPowerSource                    0x08000be0   Section        0  board.o(i.GetBoardPowerSource)
    i.GpioInit                               0x08000bf4   Section        0  gpio.o(i.GpioInit)
    i.GpioIoeInterruptHandler                0x08000c1c   Section        0  gpio-ioe.o(i.GpioIoeInterruptHandler)
    i.GpioMcuInit                            0x08000c64   Section        0  gpio-board.o(i.GpioMcuInit)
    i.GpioMcuRead                            0x08000dac   Section        0  gpio-board.o(i.GpioMcuRead)
    i.GpioMcuSetInterrupt                    0x08000dcc   Section        0  gpio-board.o(i.GpioMcuSetInterrupt)
    i.GpioMcuToggle                          0x08000f14   Section        0  gpio-board.o(i.GpioMcuToggle)
    i.GpioMcuWrite                           0x08000f3c   Section        0  gpio-board.o(i.GpioMcuWrite)
    i.GpioRead                               0x08000f68   Section        0  gpio.o(i.GpioRead)
    i.GpioSetInterrupt                       0x08000f82   Section        0  gpio.o(i.GpioSetInterrupt)
    i.GpioToggle                             0x08000fa4   Section        0  gpio.o(i.GpioToggle)
    i.HAL_ADCEx_Calibration_Start            0x08000fba   Section        0  stm32l0xx_hal_adc_ex.o(i.HAL_ADCEx_Calibration_Start)
    i.HAL_ADC_DeInit                         0x08001074   Section        0  stm32l0xx_hal_adc.o(i.HAL_ADC_DeInit)
    i.HAL_ADC_Init                           0x08001148   Section        0  stm32l0xx_hal_adc.o(i.HAL_ADC_Init)
    i.HAL_ADC_MspDeInit                      0x0800137c   Section        0  stm32l0xx_hal_adc.o(i.HAL_ADC_MspDeInit)
    i.HAL_ADC_MspInit                        0x0800137e   Section        0  stm32l0xx_hal_adc.o(i.HAL_ADC_MspInit)
    i.HAL_DBGMCU_DisableDBGSleepMode         0x08001380   Section        0  stm32l0xx_hal.o(i.HAL_DBGMCU_DisableDBGSleepMode)
    i.HAL_DBGMCU_DisableDBGStandbyMode       0x08001394   Section        0  stm32l0xx_hal.o(i.HAL_DBGMCU_DisableDBGStandbyMode)
    i.HAL_DBGMCU_DisableDBGStopMode          0x080013a8   Section        0  stm32l0xx_hal.o(i.HAL_DBGMCU_DisableDBGStopMode)
    i.HAL_DBGMCU_EnableDBGSleepMode          0x080013bc   Section        0  stm32l0xx_hal.o(i.HAL_DBGMCU_EnableDBGSleepMode)
    i.HAL_DBGMCU_EnableDBGStandbyMode        0x080013d0   Section        0  stm32l0xx_hal.o(i.HAL_DBGMCU_EnableDBGStandbyMode)
    i.HAL_DBGMCU_EnableDBGStopMode           0x080013e4   Section        0  stm32l0xx_hal.o(i.HAL_DBGMCU_EnableDBGStopMode)
    i.HAL_GPIO_EXTI_Callback                 0x080013f8   Section        0  gpio-board.o(i.HAL_GPIO_EXTI_Callback)
    i.HAL_GPIO_EXTI_IRQHandler               0x08001428   Section        0  stm32l0xx_hal_gpio.o(i.HAL_GPIO_EXTI_IRQHandler)
    i.HAL_GPIO_Init                          0x08001448   Section        0  stm32l0xx_hal_gpio.o(i.HAL_GPIO_Init)
    i.HAL_GPIO_ReadPin                       0x08001634   Section        0  stm32l0xx_hal_gpio.o(i.HAL_GPIO_ReadPin)
    i.HAL_GPIO_TogglePin                     0x08001646   Section        0  stm32l0xx_hal_gpio.o(i.HAL_GPIO_TogglePin)
    i.HAL_GPIO_WritePin                      0x0800164e   Section        0  stm32l0xx_hal_gpio.o(i.HAL_GPIO_WritePin)
    i.HAL_GetTick                            0x0800165c   Section        0  stm32l0xx_hal.o(i.HAL_GetTick)
    i.HAL_I2CEx_ConfigAnalogFilter           0x08001668   Section        0  stm32l0xx_hal_i2c_ex.o(i.HAL_I2CEx_ConfigAnalogFilter)
    i.HAL_I2C_Init                           0x080016f8   Section        0  stm32l0xx_hal_i2c.o(i.HAL_I2C_Init)
    i.HAL_I2C_MspInit                        0x080017bc   Section        0  stm32l0xx_hal_i2c.o(i.HAL_I2C_MspInit)
    i.HAL_IncTick                            0x080017c0   Section        0  stm32l0xx_hal.o(i.HAL_IncTick)
    i.HAL_Init                               0x080017d0   Section        0  stm32l0xx_hal.o(i.HAL_Init)
    i.HAL_InitTick                           0x080017f0   Section        0  stm32l0xx_hal.o(i.HAL_InitTick)
    i.HAL_MspInit                            0x08001818   Section        0  stm32l0xx_hal.o(i.HAL_MspInit)
    i.HAL_NVIC_EnableIRQ                     0x0800181c   Section        0  stm32l0xx_hal_cortex.o(i.HAL_NVIC_EnableIRQ)
    i.HAL_NVIC_SetPriority                   0x08001834   Section        0  stm32l0xx_hal_cortex.o(i.HAL_NVIC_SetPriority)
    i.HAL_RCCEx_PeriphCLKConfig              0x08001848   Section        0  stm32l0xx_hal_rcc_ex.o(i.HAL_RCCEx_PeriphCLKConfig)
    i.HAL_RCC_ClockConfig                    0x08001a48   Section        0  stm32l0xx_hal_rcc.o(i.HAL_RCC_ClockConfig)
    i.HAL_RCC_GetHCLKFreq                    0x08001c40   Section        0  stm32l0xx_hal_rcc.o(i.HAL_RCC_GetHCLKFreq)
    i.HAL_RCC_GetPCLK1Freq                   0x08001c4c   Section        0  stm32l0xx_hal_rcc.o(i.HAL_RCC_GetPCLK1Freq)
    i.HAL_RCC_GetPCLK2Freq                   0x08001c70   Section        0  stm32l0xx_hal_rcc.o(i.HAL_RCC_GetPCLK2Freq)
    i.HAL_RCC_GetSysClockFreq                0x08001c94   Section        0  stm32l0xx_hal_rcc.o(i.HAL_RCC_GetSysClockFreq)
    i.HAL_RCC_OscConfig                      0x08001d7c   Section        0  stm32l0xx_hal_rcc.o(i.HAL_RCC_OscConfig)
    i.HAL_RTCEx_AlarmBEventCallback          0x0800237c   Section        0  stm32l0xx_hal_rtc_ex.o(i.HAL_RTCEx_AlarmBEventCallback)
    i.HAL_RTC_AlarmAEventCallback            0x0800237e   Section        0  stm32l0xx_hal_rtc.o(i.HAL_RTC_AlarmAEventCallback)
    i.HAL_RTC_AlarmIRQHandler                0x08002380   Section        0  stm32l0xx_hal_rtc.o(i.HAL_RTC_AlarmIRQHandler)
    i.HAL_RTC_DeactivateAlarm                0x08002408   Section        0  stm32l0xx_hal_rtc.o(i.HAL_RTC_DeactivateAlarm)
    i.HAL_RTC_GetAlarm                       0x0800251c   Section        0  stm32l0xx_hal_rtc.o(i.HAL_RTC_GetAlarm)
    i.HAL_RTC_GetDate                        0x0800260c   Section        0  stm32l0xx_hal_rtc.o(i.HAL_RTC_GetDate)
    i.HAL_RTC_GetTime                        0x08002668   Section        0  stm32l0xx_hal_rtc.o(i.HAL_RTC_GetTime)
    i.HAL_RTC_SetAlarm_IT                    0x080026d4   Section        0  stm32l0xx_hal_rtc.o(i.HAL_RTC_SetAlarm_IT)
    i.HAL_SPI_Init                           0x08002930   Section        0  stm32l0xx_hal_spi.o(i.HAL_SPI_Init)
    i.HAL_SPI_MspInit                        0x080029be   Section        0  stm32l0xx_hal_spi.o(i.HAL_SPI_MspInit)
    i.HAL_SYSTICK_CLKSourceConfig            0x080029c0   Section        0  stm32l0xx_hal_cortex.o(i.HAL_SYSTICK_CLKSourceConfig)
    i.HAL_SYSTICK_Callback                   0x080029e4   Section        0  stm32l0xx_hal_cortex.o(i.HAL_SYSTICK_Callback)
    i.HAL_SYSTICK_Config                     0x080029e8   Section        0  stm32l0xx_hal_cortex.o(i.HAL_SYSTICK_Config)
    i.HAL_SYSTICK_IRQHandler                 0x08002a20   Section        0  stm32l0xx_hal_cortex.o(i.HAL_SYSTICK_IRQHandler)
    i.HAL_UARTEx_WakeupCallback              0x08002a28   Section        0  stm32l0xx_hal_uart_ex.o(i.HAL_UARTEx_WakeupCallback)
    i.HAL_UART_ErrorCallback                 0x08002a2c   Section        0  uart-board.o(i.HAL_UART_ErrorCallback)
    i.HAL_UART_IRQHandler                    0x08002a44   Section        0  stm32l0xx_hal_uart.o(i.HAL_UART_IRQHandler)
    i.HAL_UART_Init                          0x08002ba6   Section        0  stm32l0xx_hal_uart.o(i.HAL_UART_Init)
    i.HAL_UART_MspInit                       0x08002c22   Section        0  stm32l0xx_hal_uart.o(i.HAL_UART_MspInit)
    i.HAL_UART_Receive_IT                    0x08002c24   Section        0  stm32l0xx_hal_uart.o(i.HAL_UART_Receive_IT)
    i.HAL_UART_RxCpltCallback                0x08002d00   Section        0  uart-board.o(i.HAL_UART_RxCpltCallback)
    i.HAL_UART_Transmit_IT                   0x08002d44   Section        0  stm32l0xx_hal_uart.o(i.HAL_UART_Transmit_IT)
    i.HAL_UART_TxCpltCallback                0x08002db4   Section        0  uart-board.o(i.HAL_UART_TxCpltCallback)
    i.I2cInit                                0x08002df8   Section        0  i2c.o(i.I2cInit)
    i.I2cMcuFormat                           0x08002e34   Section        0  i2c-board.o(i.I2cMcuFormat)
    i.I2cMcuInit                             0x08002e9c   Section        0  i2c-board.o(i.I2cMcuInit)
    i.IsFifoEmpty                            0x08002f18   Section        0  fifo.o(i.IsFifoEmpty)
    i.IsFifoFull                             0x08002f2a   Section        0  fifo.o(i.IsFifoFull)
    i.NMI_Handler                            0x08002f44   Section        0  sysirqhandlers.o(i.NMI_Handler)
    i.NVIC_SetPriority                       0x08002f48   Section        0  stm32l0xx_hal_cortex.o(i.NVIC_SetPriority)
    NVIC_SetPriority                         0x08002f49   Thumb Code   110  stm32l0xx_hal_cortex.o(i.NVIC_SetPriority)
    i.RTC_Bcd2ToByte                         0x08002fc0   Section        0  stm32l0xx_hal_rtc.o(i.RTC_Bcd2ToByte)
    i.RTC_ByteToBcd2                         0x08002fda   Section        0  stm32l0xx_hal_rtc.o(i.RTC_ByteToBcd2)
    i.RTC_IRQHandler                         0x08002ff4   Section        0  rtc-board.o(i.RTC_IRQHandler)
    i.RtcComputeTimerTimeToAlarmTick         0x08003020   Section        0  rtc-board.o(i.RtcComputeTimerTimeToAlarmTick)
    RtcComputeTimerTimeToAlarmTick           0x08003021   Thumb Code   360  rtc-board.o(i.RtcComputeTimerTimeToAlarmTick)
    i.RtcComputeWakeUpTime                   0x08003198   Section        0  rtc-board.o(i.RtcComputeWakeUpTime)
    RtcComputeWakeUpTime                     0x08003199   Thumb Code    76  rtc-board.o(i.RtcComputeWakeUpTime)
    i.RtcConvertCalendarTickToTimerTime      0x080031f4   Section        0  rtc-board.o(i.RtcConvertCalendarTickToTimerTime)
    RtcConvertCalendarTickToTimerTime        0x080031f5   Thumb Code   224  rtc-board.o(i.RtcConvertCalendarTickToTimerTime)
    i.RtcConvertMsToTick                     0x080032ec   Section        0  rtc-board.o(i.RtcConvertMsToTick)
    RtcConvertMsToTick                       0x080032ed   Thumb Code    56  rtc-board.o(i.RtcConvertMsToTick)
    i.RtcConvertTickToMs                     0x0800332c   Section        0  rtc-board.o(i.RtcConvertTickToMs)
    RtcConvertTickToMs                       0x0800332d   Thumb Code    56  rtc-board.o(i.RtcConvertTickToMs)
    i.RtcGetAdjustedTimeoutValue             0x0800336c   Section        0  rtc-board.o(i.RtcGetAdjustedTimeoutValue)
    i.RtcGetCalendar                         0x080033b8   Section        0  rtc-board.o(i.RtcGetCalendar)
    RtcGetCalendar                           0x080033b9   Thumb Code    78  rtc-board.o(i.RtcGetCalendar)
    i.RtcGetElapsedAlarmTime                 0x0800340c   Section        0  rtc-board.o(i.RtcGetElapsedAlarmTime)
    i.RtcRecoverMcuStatus                    0x08003440   Section        0  rtc-board.o(i.RtcRecoverMcuStatus)
    i.RtcSetTimeout                          0x08003490   Section        0  rtc-board.o(i.RtcSetTimeout)
    i.RtcStartWakeUpAlarm                    0x080034a4   Section        0  rtc-board.o(i.RtcStartWakeUpAlarm)
    RtcStartWakeUpAlarm                      0x080034a5   Thumb Code   158  rtc-board.o(i.RtcStartWakeUpAlarm)
    i.SX1272IoInit                           0x0800354c   Section        0  sx1272-board.o(i.SX1272IoInit)
    i.SpiFormat                              0x080035c8   Section        0  spi-board.o(i.SpiFormat)
    i.SpiFrequency                           0x08003600   Section        0  spi-board.o(i.SpiFrequency)
    i.SpiInit                                0x08003650   Section        0  spi-board.o(i.SpiInit)
    i.SysTick_Handler                        0x080037f0   Section        0  board.o(i.SysTick_Handler)
    i.SystemClockConfig                      0x080037fc   Section        0  board.o(i.SystemClockConfig)
    SystemClockConfig                        0x080037fd   Thumb Code   216  board.o(i.SystemClockConfig)
    i.SystemClockReConfig                    0x080038dc   Section        0  board.o(i.SystemClockReConfig)
    SystemClockReConfig                      0x080038dd   Thumb Code   130  board.o(i.SystemClockReConfig)
    i.SystemInit                             0x08003968   Section        0  system_stm32l0xx.o(i.SystemInit)
    i.TimerGetValue                          0x080039d0   Section        0  timer.o(i.TimerGetValue)
    i.TimerIrqHandler                        0x080039d8   Section        0  timer.o(i.TimerIrqHandler)
    i.TimerSetTimeout                        0x08003a6c   Section        0  timer.o(i.TimerSetTimeout)
    TimerSetTimeout                          0x08003a6d   Thumb Code    26  timer.o(i.TimerSetTimeout)
    i.UART_AdvFeatureConfig                  0x08003a8c   Section        0  stm32l0xx_hal_uart.o(i.UART_AdvFeatureConfig)
    i.UART_CheckIdleState                    0x08003b7c   Section        0  stm32l0xx_hal_uart.o(i.UART_CheckIdleState)
    i.UART_EndTransmit_IT                    0x08003be0   Section        0  stm32l0xx_hal_uart.o(i.UART_EndTransmit_IT)
    UART_EndTransmit_IT                      0x08003be1   Thumb Code    32  stm32l0xx_hal_uart.o(i.UART_EndTransmit_IT)
    i.UART_Receive_IT                        0x08003c00   Section        0  stm32l0xx_hal_uart.o(i.UART_Receive_IT)
    UART_Receive_IT                          0x08003c01   Thumb Code   168  stm32l0xx_hal_uart.o(i.UART_Receive_IT)
    i.UART_SetConfig                         0x08003ca8   Section        0  stm32l0xx_hal_uart.o(i.UART_SetConfig)
    i.UART_Transmit_IT                       0x08004178   Section        0  stm32l0xx_hal_uart.o(i.UART_Transmit_IT)
    UART_Transmit_IT                         0x08004179   Thumb Code   114  stm32l0xx_hal_uart.o(i.UART_Transmit_IT)
    i.UART_WaitOnFlagUntilTimeout            0x080041ea   Section        0  stm32l0xx_hal_uart.o(i.UART_WaitOnFlagUntilTimeout)
    i.USART1_IRQHandler                      0x080042f4   Section        0  uart-board.o(i.USART1_IRQHandler)
    i.UartConfig                             0x08004304   Section        0  uart.o(i.UartConfig)
    i.UartDeInit                             0x08004336   Section        0  uart.o(i.UartDeInit)
    i.UartInit                               0x0800434c   Section        0  uart.o(i.UartInit)
    i.UartMcuConfig                          0x08004374   Section        0  uart-board.o(i.UartMcuConfig)
    i.UartMcuDeInit                          0x080044a0   Section        0  uart-board.o(i.UartMcuDeInit)
    i.UartMcuInit                            0x08004500   Section        0  uart-board.o(i.UartMcuInit)
    i.__ARM_clz                              0x08004568   Section        0  depilogue.o(i.__ARM_clz)
    i.__ARM_common_switch8                   0x08004596   Section        0  gpio-board.o(i.__ARM_common_switch8)
    i.__scatterload_copy                     0x080045b2   Section       14  handlers.o(i.__scatterload_copy)
    i.__scatterload_null                     0x080045c0   Section        2  handlers.o(i.__scatterload_null)
    i.__scatterload_zeroinit                 0x080045c2   Section       14  handlers.o(i.__scatterload_zeroinit)
    i.main                                   0x080045d0   Section        0  main.o(i.main)
    i.round                                  0x08004610   Section        0  round.o(i.round)
    .constdata                               0x080046ac   Section       24  rtc-board.o(.constdata)
    DaysInMonth                              0x080046ac   Data          12  rtc-board.o(.constdata)
    DaysInMonthLeapYear                      0x080046b8   Data          12  rtc-board.o(.constdata)
    .constdata                               0x080046c4   Section       33  system_stm32l0xx.o(.constdata)
    .data                                    0x20000000   Section       14  board.o(.data)
    McuInitialized                           0x20000000   Data           1  board.o(.data)
    UsbIsConnected                           0x20000001   Data           1  board.o(.data)
    IrqNestLevel                             0x20000003   Data           1  board.o(.data)
    BatteryVoltage                           0x2000000c   Data           2  board.o(.data)
    .data                                    0x20000010   Section       12  rtc-board.o(.data)
    RtcTimerEventAllowsLowPower              0x20000011   Data           1  rtc-board.o(.data)
    LowPowerDisableDuringTask                0x20000012   Data           1  rtc-board.o(.data)
    RtcInitialized                           0x20000013   Data           1  rtc-board.o(.data)
    WakeUpTimeInitialized                    0x20000014   Data           1  rtc-board.o(.data)
    .data                                    0x2000001c   Section        2  uart-board.o(.data)
    .data                                    0x20000020   Section        4  system_stm32l0xx.o(.data)
    .data                                    0x20000024   Section        4  stm32l0xx_hal.o(.data)
    .data                                    0x20000028   Section        1  adc.o(.data)
    AdcInitialized                           0x20000028   Data           1  adc.o(.data)
    .data                                    0x20000029   Section        1  i2c.o(.data)
    I2cInitialized                           0x20000029   Data           1  i2c.o(.data)
    .data                                    0x2000002c   Section        8  timer.o(.data)
    TimerListHead                            0x20000030   Data           4  timer.o(.data)
    .bss                                     0x20000034   Section       96  adc-board.o(.bss)
    .bss                                     0x20000094   Section      444  board.o(.bss)
    .bss                                     0x20000250   Section       64  gpio-board.o(.bss)
    GpioIrq                                  0x20000250   Data          64  gpio-board.o(.bss)
    .bss                                     0x20000290   Section       60  rtc-board.o(.bss)
    .bss                                     0x200002cc   Section      112  uart-board.o(.bss)
    .bss                                     0x2000033c   Section       64  gpio-ioe.o(.bss)
    GpioIoeIrq                               0x2000033c   Data          64  gpio-ioe.o(.bss)
    .bss                                     0x2000037c   Section      764  sx1272.o(.bss)
    RxTxBuffer                               0x2000037c   Data         256  sx1272.o(.bss)
    STACK                                    0x20000678   Section     1024  startup_stm32l051xx.o(STACK)

    Global Symbols

    Symbol Name                              Value     Ov Type        Size  Object(Section)

    BuildAttributes$$THM_ISAv3M$S$PE$A:L22$X:L11$S22$IEEE1$IW$USESV6$~STKCKD$USESV7$~SHL$OTIME$ROPI$IEEEX$EBA8$MICROLIB$REQ8$PRES8$EABIv2 0x00000000   Number         0  anon$$obj.o ABSOLUTE
    __ARM_use_no_argv                        0x00000000   Number         0  main.o ABSOLUTE
    _printf_a                                0x00000000   Number         0  stubs.o ABSOLUTE
    _printf_c                                0x00000000   Number         0  stubs.o ABSOLUTE
    _printf_charcount                        0x00000000   Number         0  stubs.o ABSOLUTE
    _printf_d                                0x00000000   Number         0  stubs.o ABSOLUTE
    _printf_e                                0x00000000   Number         0  stubs.o ABSOLUTE
    _printf_f                                0x00000000   Number         0  stubs.o ABSOLUTE
    _printf_flags                            0x00000000   Number         0  stubs.o ABSOLUTE
    _printf_fp_dec                           0x00000000   Number         0  stubs.o ABSOLUTE
    _printf_fp_hex                           0x00000000   Number         0  stubs.o ABSOLUTE
    _printf_g                                0x00000000   Number         0  stubs.o ABSOLUTE
    _printf_i                                0x00000000   Number         0  stubs.o ABSOLUTE
    _printf_int_dec                          0x00000000   Number         0  stubs.o ABSOLUTE
    _printf_l                                0x00000000   Number         0  stubs.o ABSOLUTE
    _printf_lc                               0x00000000   Number         0  stubs.o ABSOLUTE
    _printf_ll                               0x00000000   Number         0  stubs.o ABSOLUTE
    _printf_lld                              0x00000000   Number         0  stubs.o ABSOLUTE
    _printf_lli                              0x00000000   Number         0  stubs.o ABSOLUTE
    _printf_llo                              0x00000000   Number         0  stubs.o ABSOLUTE
    _printf_llu                              0x00000000   Number         0  stubs.o ABSOLUTE
    _printf_llx                              0x00000000   Number         0  stubs.o ABSOLUTE
    _printf_longlong_dec                     0x00000000   Number         0  stubs.o ABSOLUTE
    _printf_longlong_hex                     0x00000000   Number         0  stubs.o ABSOLUTE
    _printf_longlong_oct                     0x00000000   Number         0  stubs.o ABSOLUTE
    _printf_ls                               0x00000000   Number         0  stubs.o ABSOLUTE
    _printf_mbtowc                           0x00000000   Number         0  stubs.o ABSOLUTE
    _printf_n                                0x00000000   Number         0  stubs.o ABSOLUTE
    _printf_o                                0x00000000   Number         0  stubs.o ABSOLUTE
    _printf_p                                0x00000000   Number         0  stubs.o ABSOLUTE
    _printf_percent                          0x00000000   Number         0  stubs.o ABSOLUTE
    _printf_pre_padding                      0x00000000   Number         0  stubs.o ABSOLUTE
    _printf_return_value                     0x00000000   Number         0  stubs.o ABSOLUTE
    _printf_s                                0x00000000   Number         0  stubs.o ABSOLUTE
    _printf_sizespec                         0x00000000   Number         0  stubs.o ABSOLUTE
    _printf_str                              0x00000000   Number         0  stubs.o ABSOLUTE
    _printf_truncate_signed                  0x00000000   Number         0  stubs.o ABSOLUTE
    _printf_truncate_unsigned                0x00000000   Number         0  stubs.o ABSOLUTE
    _printf_u                                0x00000000   Number         0  stubs.o ABSOLUTE
    _printf_wc                               0x00000000   Number         0  stubs.o ABSOLUTE
    _printf_wctomb                           0x00000000   Number         0  stubs.o ABSOLUTE
    _printf_widthprec                        0x00000000   Number         0  stubs.o ABSOLUTE
    _printf_x                                0x00000000   Number         0  stubs.o ABSOLUTE
    __cpp_initialize__aeabi_                  - Undefined Weak Reference
    __cxa_finalize                            - Undefined Weak Reference
    __decompress                              - Undefined Weak Reference
    _clock_init                               - Undefined Weak Reference
    _microlib_exit                            - Undefined Weak Reference
    __Vectors_Size                           0x000000c0   Number         0  startup_stm32l051xx.o ABSOLUTE
    __Vectors                                0x08000000   Data           4  startup_stm32l051xx.o(RESET)
    __Vectors_End                            0x080000c0   Data           0  startup_stm32l051xx.o(RESET)
    __main                                   0x080000c1   Thumb Code     0  entry.o(.ARM.Collect$$$$00000000)
    _main_stk                                0x080000c1   Thumb Code     0  entry2.o(.ARM.Collect$$$$00000001)
    _main_scatterload                        0x080000c5   Thumb Code     0  entry5.o(.ARM.Collect$$$$00000004)
    __main_after_scatterload                 0x080000c9   Thumb Code     0  entry5.o(.ARM.Collect$$$$00000004)
    _main_clock                              0x080000c9   Thumb Code     0  entry7b.o(.ARM.Collect$$$$00000008)
    _main_cpp_init                           0x080000c9   Thumb Code     0  entry8b.o(.ARM.Collect$$$$0000000A)
    _main_init                               0x080000c9   Thumb Code     0  entry9a.o(.ARM.Collect$$$$0000000B)
    __rt_final_cpp                           0x080000d1   Thumb Code     0  entry10a.o(.ARM.Collect$$$$0000000D)
    __rt_final_exit                          0x080000d1   Thumb Code     0  entry11a.o(.ARM.Collect$$$$0000000F)
    Reset_Handler                            0x080000d5   Thumb Code     8  startup_stm32l051xx.o(.text)
    HardFault_Handler                        0x080000df   Thumb Code     2  startup_stm32l051xx.o(.text)
    SVC_Handler                              0x080000e1   Thumb Code     2  startup_stm32l051xx.o(.text)
    PendSV_Handler                           0x080000e3   Thumb Code     2  startup_stm32l051xx.o(.text)
    ADC1_COMP_IRQHandler                     0x080000e7   Thumb Code     0  startup_stm32l051xx.o(.text)
    DMA1_Channel1_IRQHandler                 0x080000e7   Thumb Code     0  startup_stm32l051xx.o(.text)
    DMA1_Channel2_3_IRQHandler               0x080000e7   Thumb Code     0  startup_stm32l051xx.o(.text)
    DMA1_Channel4_5_6_7_IRQHandler           0x080000e7   Thumb Code     0  startup_stm32l051xx.o(.text)
    FLASH_IRQHandler                         0x080000e7   Thumb Code     0  startup_stm32l051xx.o(.text)
    I2C1_IRQHandler                          0x080000e7   Thumb Code     0  startup_stm32l051xx.o(.text)
    I2C2_IRQHandler                          0x080000e7   Thumb Code     0  startup_stm32l051xx.o(.text)
    LPTIM1_IRQHandler                        0x080000e7   Thumb Code     0  startup_stm32l051xx.o(.text)
    LPUART1_IRQHandler                       0x080000e7   Thumb Code     0  startup_stm32l051xx.o(.text)
    PVD_IRQHandler                           0x080000e7   Thumb Code     0  startup_stm32l051xx.o(.text)
    RCC_IRQHandler                           0x080000e7   Thumb Code     0  startup_stm32l051xx.o(.text)
    SPI1_IRQHandler                          0x080000e7   Thumb Code     0  startup_stm32l051xx.o(.text)
    SPI2_IRQHandler                          0x080000e7   Thumb Code     0  startup_stm32l051xx.o(.text)
    TIM21_IRQHandler                         0x080000e7   Thumb Code     0  startup_stm32l051xx.o(.text)
    TIM22_IRQHandler                         0x080000e7   Thumb Code     0  startup_stm32l051xx.o(.text)
    TIM2_IRQHandler                          0x080000e7   Thumb Code     0  startup_stm32l051xx.o(.text)
    TIM6_IRQHandler                          0x080000e7   Thumb Code     0  startup_stm32l051xx.o(.text)
    USART2_IRQHandler                        0x080000e7   Thumb Code     0  startup_stm32l051xx.o(.text)
    WWDG_IRQHandler                          0x080000e7   Thumb Code     0  startup_stm32l051xx.o(.text)
    __aeabi_uidiv                            0x080000f1   Thumb Code     0  uidiv.o(.text)
    __aeabi_uidivmod                         0x080000f1   Thumb Code    44  uidiv.o(.text)
    __aeabi_idiv                             0x0800011d   Thumb Code     0  idiv.o(.text)
    __aeabi_idivmod                          0x0800011d   Thumb Code    40  idiv.o(.text)
    __aeabi_uldivmod                         0x08000145   Thumb Code    96  uldiv.o(.text)
    __aeabi_memcpy                           0x080001a5   Thumb Code    36  memcpya.o(.text)
    __aeabi_memcpy4                          0x080001a5   Thumb Code     0  memcpya.o(.text)
    __aeabi_memcpy8                          0x080001a5   Thumb Code     0  memcpya.o(.text)
    __aeabi_dadd                             0x080001c9   Thumb Code   328  dadd.o(.text)
    __aeabi_dsub                             0x08000311   Thumb Code    12  dadd.o(.text)
    __aeabi_drsub                            0x0800031d   Thumb Code    12  dadd.o(.text)
    __aeabi_dmul                             0x0800032d   Thumb Code   202  dmul.o(.text)
    __aeabi_ddiv                             0x080003fd   Thumb Code   234  ddiv.o(.text)
    __aeabi_ui2d                             0x080004ed   Thumb Code    24  dfltui.o(.text)
    __aeabi_ul2d                             0x08000509   Thumb Code    22  dfltul.o(.text)
    __aeabi_d2uiz                            0x08000525   Thumb Code    50  dfixui.o(.text)
    __aeabi_cdcmpeq                          0x08000561   Thumb Code     0  cdcmple.o(.text)
    __aeabi_cdcmple                          0x08000561   Thumb Code    38  cdcmple.o(.text)
    __aeabi_cdrcmple                         0x08000589   Thumb Code    38  cdrcmple.o(.text)
    __aeabi_llsl                             0x080005b1   Thumb Code    32  llshl.o(.text)
    _ll_shift_l                              0x080005b1   Thumb Code     0  llshl.o(.text)
    __aeabi_llsr                             0x080005d1   Thumb Code    34  llushr.o(.text)
    _ll_ushift_r                             0x080005d1   Thumb Code     0  llushr.o(.text)
    __aeabi_lasr                             0x080005f3   Thumb Code    38  llsshr.o(.text)
    _ll_sshift_r                             0x080005f3   Thumb Code     0  llsshr.o(.text)
    __I$use$fp                               0x08000619   Thumb Code     0  iusefp.o(.text)
    _double_round                            0x08000619   Thumb Code    26  depilogue.o(.text)
    _double_epilogue                         0x08000633   Thumb Code   164  depilogue.o(.text)
    _drnd                                    0x080006d9   Thumb Code   114  drnd.o(.text)
    __scatterload                            0x08000755   Thumb Code    28  init.o(.text)
    __scatterload_rt2                        0x08000755   Thumb Code     0  init.o(.text)
    AdcInit                                  0x08000881   Thumb Code    34  adc.o(i.AdcInit)
    AdcMcuConfig                             0x080008a9   Thumb Code    72  adc-board.o(i.AdcMcuConfig)
    AdcMcuInit                               0x080008f5   Thumb Code    58  adc-board.o(i.AdcMcuInit)
    BlockLowPowerDuringTask                  0x0800093d   Thumb Code    18  rtc-board.o(i.BlockLowPowerDuringTask)
    BoardDisableIrq                          0x08000955   Thumb Code    14  board.o(i.BoardDisableIrq)
    BoardEnableIrq                           0x08000969   Thumb Code    22  board.o(i.BoardEnableIrq)
    BoardInitMcu                             0x08000985   Thumb Code   204  board.o(i.BoardInitMcu)
    BoardInitPeriph                          0x08000a75   Thumb Code   100  board.o(i.BoardInitPeriph)
    EXTI0_1_IRQHandler                       0x08000b03   Thumb Code    20  gpio-board.o(i.EXTI0_1_IRQHandler)
    EXTI2_3_IRQHandler                       0x08000b17   Thumb Code    20  gpio-board.o(i.EXTI2_3_IRQHandler)
    EXTI4_15_IRQHandler                      0x08000b2b   Thumb Code    96  gpio-board.o(i.EXTI4_15_IRQHandler)
    FifoInit                                 0x08000b8b   Thumb Code    12  fifo.o(i.FifoInit)
    FifoPop                                  0x08000ba9   Thumb Code    30  fifo.o(i.FifoPop)
    FifoPush                                 0x08000bc7   Thumb Code    24  fifo.o(i.FifoPush)
    GetBoardPowerSource                      0x08000be1   Thumb Code    16  board.o(i.GetBoardPowerSource)
    GpioInit                                 0x08000bf5   Thumb Code    40  gpio.o(i.GpioInit)
    GpioIoeInterruptHandler                  0x08000c1d   Thumb Code    68  gpio-ioe.o(i.GpioIoeInterruptHandler)
    GpioMcuInit                              0x08000c65   Thumb Code   312  gpio-board.o(i.GpioMcuInit)
    GpioMcuRead                              0x08000dad   Thumb Code    32  gpio-board.o(i.GpioMcuRead)
    GpioMcuSetInterrupt                      0x08000dcd   Thumb Code   310  gpio-board.o(i.GpioMcuSetInterrupt)
    GpioMcuToggle                            0x08000f15   Thumb Code    40  gpio-board.o(i.GpioMcuToggle)
    GpioMcuWrite                             0x08000f3d   Thumb Code    44  gpio-board.o(i.GpioMcuWrite)
    GpioRead                                 0x08000f69   Thumb Code    26  gpio.o(i.GpioRead)
    GpioSetInterrupt                         0x08000f83   Thumb Code    34  gpio.o(i.GpioSetInterrupt)
    GpioToggle                               0x08000fa5   Thumb Code    22  gpio.o(i.GpioToggle)
    HAL_ADCEx_Calibration_Start              0x08000fbb   Thumb Code   184  stm32l0xx_hal_adc_ex.o(i.HAL_ADCEx_Calibration_Start)
    HAL_ADC_DeInit                           0x08001075   Thumb Code   194  stm32l0xx_hal_adc.o(i.HAL_ADC_DeInit)
    HAL_ADC_Init                             0x08001149   Thumb Code   552  stm32l0xx_hal_adc.o(i.HAL_ADC_Init)
    HAL_ADC_MspDeInit                        0x0800137d   Thumb Code     2  stm32l0xx_hal_adc.o(i.HAL_ADC_MspDeInit)
    HAL_ADC_MspInit                          0x0800137f   Thumb Code     2  stm32l0xx_hal_adc.o(i.HAL_ADC_MspInit)
    HAL_DBGMCU_DisableDBGSleepMode           0x08001381   Thumb Code    14  stm32l0xx_hal.o(i.HAL_DBGMCU_DisableDBGSleepMode)
    HAL_DBGMCU_DisableDBGStandbyMode         0x08001395   Thumb Code    14  stm32l0xx_hal.o(i.HAL_DBGMCU_DisableDBGStandbyMode)
    HAL_DBGMCU_DisableDBGStopMode            0x080013a9   Thumb Code    14  stm32l0xx_hal.o(i.HAL_DBGMCU_DisableDBGStopMode)
    HAL_DBGMCU_EnableDBGSleepMode            0x080013bd   Thumb Code    14  stm32l0xx_hal.o(i.HAL_DBGMCU_EnableDBGSleepMode)
    HAL_DBGMCU_EnableDBGStandbyMode          0x080013d1   Thumb Code    14  stm32l0xx_hal.o(i.HAL_DBGMCU_EnableDBGStandbyMode)
    HAL_DBGMCU_EnableDBGStopMode             0x080013e5   Thumb Code    14  stm32l0xx_hal.o(i.HAL_DBGMCU_EnableDBGStopMode)
    HAL_GPIO_EXTI_Callback                   0x080013f9   Thumb Code    42  gpio-board.o(i.HAL_GPIO_EXTI_Callback)
    HAL_GPIO_EXTI_IRQHandler                 0x08001429   Thumb Code    26  stm32l0xx_hal_gpio.o(i.HAL_GPIO_EXTI_IRQHandler)
    HAL_GPIO_Init                            0x08001449   Thumb Code   462  stm32l0xx_hal_gpio.o(i.HAL_GPIO_Init)
    HAL_GPIO_ReadPin                         0x08001635   Thumb Code    18  stm32l0xx_hal_gpio.o(i.HAL_GPIO_ReadPin)
    HAL_GPIO_TogglePin                       0x08001647   Thumb Code     8  stm32l0xx_hal_gpio.o(i.HAL_GPIO_TogglePin)
    HAL_GPIO_WritePin                        0x0800164f   Thumb Code    12  stm32l0xx_hal_gpio.o(i.HAL_GPIO_WritePin)
    HAL_GetTick                              0x0800165d   Thumb Code     6  stm32l0xx_hal.o(i.HAL_GetTick)
    HAL_I2CEx_ConfigAnalogFilter             0x08001669   Thumb Code   142  stm32l0xx_hal_i2c_ex.o(i.HAL_I2CEx_ConfigAnalogFilter)
    HAL_I2C_Init                             0x080016f9   Thumb Code   190  stm32l0xx_hal_i2c.o(i.HAL_I2C_Init)
    HAL_I2C_MspInit                          0x080017bd   Thumb Code     2  stm32l0xx_hal_i2c.o(i.HAL_I2C_MspInit)
    HAL_IncTick                              0x080017c1   Thumb Code    12  stm32l0xx_hal.o(i.HAL_IncTick)
    HAL_Init                                 0x080017d1   Thumb Code    28  stm32l0xx_hal.o(i.HAL_Init)
    HAL_InitTick                             0x080017f1   Thumb Code    36  stm32l0xx_hal.o(i.HAL_InitTick)
    HAL_MspInit                              0x08001819   Thumb Code     2  stm32l0xx_hal.o(i.HAL_MspInit)
    HAL_NVIC_EnableIRQ                       0x0800181d   Thumb Code    18  stm32l0xx_hal_cortex.o(i.HAL_NVIC_EnableIRQ)
    HAL_NVIC_SetPriority                     0x08001835   Thumb Code    18  stm32l0xx_hal_cortex.o(i.HAL_NVIC_SetPriority)
    HAL_RCCEx_PeriphCLKConfig                0x08001849   Thumb Code   500  stm32l0xx_hal_rcc_ex.o(i.HAL_RCCEx_PeriphCLKConfig)
    HAL_RCC_ClockConfig                      0x08001a49   Thumb Code   482  stm32l0xx_hal_rcc.o(i.HAL_RCC_ClockConfig)
    HAL_RCC_GetHCLKFreq                      0x08001c41   Thumb Code     6  stm32l0xx_hal_rcc.o(i.HAL_RCC_GetHCLKFreq)
    HAL_RCC_GetPCLK1Freq                     0x08001c4d   Thumb Code    26  stm32l0xx_hal_rcc.o(i.HAL_RCC_GetPCLK1Freq)
    HAL_RCC_GetPCLK2Freq                     0x08001c71   Thumb Code    26  stm32l0xx_hal_rcc.o(i.HAL_RCC_GetPCLK2Freq)
    HAL_RCC_GetSysClockFreq                  0x08001c95   Thumb Code   214  stm32l0xx_hal_rcc.o(i.HAL_RCC_GetSysClockFreq)
    HAL_RCC_OscConfig                        0x08001d7d   Thumb Code  1522  stm32l0xx_hal_rcc.o(i.HAL_RCC_OscConfig)
    HAL_RTCEx_AlarmBEventCallback            0x0800237d   Thumb Code     2  stm32l0xx_hal_rtc_ex.o(i.HAL_RTCEx_AlarmBEventCallback)
    HAL_RTC_AlarmAEventCallback              0x0800237f   Thumb Code     2  stm32l0xx_hal_rtc.o(i.HAL_RTC_AlarmAEventCallback)
    HAL_RTC_AlarmIRQHandler                  0x08002381   Thumb Code   124  stm32l0xx_hal_rtc.o(i.HAL_RTC_AlarmIRQHandler)
    HAL_RTC_DeactivateAlarm                  0x08002409   Thumb Code   274  stm32l0xx_hal_rtc.o(i.HAL_RTC_DeactivateAlarm)
    HAL_RTC_GetAlarm                         0x0800251d   Thumb Code   236  stm32l0xx_hal_rtc.o(i.HAL_RTC_GetAlarm)
    HAL_RTC_GetDate                          0x0800260d   Thumb Code    88  stm32l0xx_hal_rtc.o(i.HAL_RTC_GetDate)
    HAL_RTC_GetTime                          0x08002669   Thumb Code   104  stm32l0xx_hal_rtc.o(i.HAL_RTC_GetTime)
    HAL_RTC_SetAlarm_IT                      0x080026d5   Thumb Code   590  stm32l0xx_hal_rtc.o(i.HAL_RTC_SetAlarm_IT)
    HAL_SPI_Init                             0x08002931   Thumb Code   142  stm32l0xx_hal_spi.o(i.HAL_SPI_Init)
    HAL_SPI_MspInit                          0x080029bf   Thumb Code     2  stm32l0xx_hal_spi.o(i.HAL_SPI_MspInit)
    HAL_SYSTICK_CLKSourceConfig              0x080029c1   Thumb Code    32  stm32l0xx_hal_cortex.o(i.HAL_SYSTICK_CLKSourceConfig)
    HAL_SYSTICK_Callback                     0x080029e5   Thumb Code     2  stm32l0xx_hal_cortex.o(i.HAL_SYSTICK_Callback)
    HAL_SYSTICK_Config                       0x080029e9   Thumb Code    46  stm32l0xx_hal_cortex.o(i.HAL_SYSTICK_Config)
    HAL_SYSTICK_IRQHandler                   0x08002a21   Thumb Code     8  stm32l0xx_hal_cortex.o(i.HAL_SYSTICK_IRQHandler)
    HAL_UARTEx_WakeupCallback                0x08002a29   Thumb Code     2  stm32l0xx_hal_uart_ex.o(i.HAL_UARTEx_WakeupCallback)
    HAL_UART_ErrorCallback                   0x08002a2d   Thumb Code    16  uart-board.o(i.HAL_UART_ErrorCallback)
    HAL_UART_IRQHandler                      0x08002a45   Thumb Code   354  stm32l0xx_hal_uart.o(i.HAL_UART_IRQHandler)
    HAL_UART_Init                            0x08002ba7   Thumb Code   124  stm32l0xx_hal_uart.o(i.HAL_UART_Init)
    HAL_UART_MspInit                         0x08002c23   Thumb Code     2  stm32l0xx_hal_uart.o(i.HAL_UART_MspInit)
    HAL_UART_Receive_IT                      0x08002c25   Thumb Code   214  stm32l0xx_hal_uart.o(i.HAL_UART_Receive_IT)
    HAL_UART_RxCpltCallback                  0x08002d01   Thumb Code    56  uart-board.o(i.HAL_UART_RxCpltCallback)
    HAL_UART_Transmit_IT                     0x08002d45   Thumb Code   110  stm32l0xx_hal_uart.o(i.HAL_UART_Transmit_IT)
    HAL_UART_TxCpltCallback                  0x08002db5   Thumb Code    54  uart-board.o(i.HAL_UART_TxCpltCallback)
    I2cInit                                  0x08002df9   Thumb Code    52  i2c.o(i.I2cInit)
    I2cMcuFormat                             0x08002e35   Thumb Code    82  i2c-board.o(i.I2cMcuFormat)
    I2cMcuInit                               0x08002e9d   Thumb Code   114  i2c-board.o(i.I2cMcuInit)
    IsFifoEmpty                              0x08002f19   Thumb Code    18  fifo.o(i.IsFifoEmpty)
    IsFifoFull                               0x08002f2b   Thumb Code    26  fifo.o(i.IsFifoFull)
    NMI_Handler                              0x08002f45   Thumb Code     2  sysirqhandlers.o(i.NMI_Handler)
    RTC_Bcd2ToByte                           0x08002fc1   Thumb Code    26  stm32l0xx_hal_rtc.o(i.RTC_Bcd2ToByte)
    RTC_ByteToBcd2                           0x08002fdb   Thumb Code    26  stm32l0xx_hal_rtc.o(i.RTC_ByteToBcd2)
    RTC_IRQHandler                           0x08002ff5   Thumb Code    38  rtc-board.o(i.RTC_IRQHandler)
    RtcGetAdjustedTimeoutValue               0x0800336d   Thumb Code    62  rtc-board.o(i.RtcGetAdjustedTimeoutValue)
    RtcGetElapsedAlarmTime                   0x0800340d   Thumb Code    46  rtc-board.o(i.RtcGetElapsedAlarmTime)
    RtcRecoverMcuStatus                      0x08003441   Thumb Code    68  rtc-board.o(i.RtcRecoverMcuStatus)
    RtcSetTimeout                            0x08003491   Thumb Code    18  rtc-board.o(i.RtcSetTimeout)
    SX1272IoInit                             0x0800354d   Thumb Code   120  sx1272-board.o(i.SX1272IoInit)
    SpiFormat                                0x080035c9   Thumb Code    56  spi-board.o(i.SpiFormat)
    SpiFrequency                             0x08003601   Thumb Code    74  spi-board.o(i.SpiFrequency)
    SpiInit                                  0x08003651   Thumb Code   400  spi-board.o(i.SpiInit)
    SysTick_Handler                          0x080037f1   Thumb Code    12  board.o(i.SysTick_Handler)
    SystemInit                               0x08003969   Thumb Code    88  system_stm32l0xx.o(i.SystemInit)
    TimerGetValue                            0x080039d1   Thumb Code     8  timer.o(i.TimerGetValue)
    TimerIrqHandler                          0x080039d9   Thumb Code   144  timer.o(i.TimerIrqHandler)
    UART_AdvFeatureConfig                    0x08003a8d   Thumb Code   240  stm32l0xx_hal_uart.o(i.UART_AdvFeatureConfig)
    UART_CheckIdleState                      0x08003b7d   Thumb Code    96  stm32l0xx_hal_uart.o(i.UART_CheckIdleState)
    UART_SetConfig                           0x08003ca9   Thumb Code  1220  stm32l0xx_hal_uart.o(i.UART_SetConfig)
    UART_WaitOnFlagUntilTimeout              0x080041eb   Thumb Code   264  stm32l0xx_hal_uart.o(i.UART_WaitOnFlagUntilTimeout)
    USART1_IRQHandler                        0x080042f5   Thumb Code    10  uart-board.o(i.USART1_IRQHandler)
    UartConfig                               0x08004305   Thumb Code    50  uart.o(i.UartConfig)
    UartDeInit                               0x08004337   Thumb Code    22  uart.o(i.UartDeInit)
    UartInit                                 0x0800434d   Thumb Code    38  uart.o(i.UartInit)
    UartMcuConfig                            0x08004375   Thumb Code   288  uart-board.o(i.UartMcuConfig)
    UartMcuDeInit                            0x080044a1   Thumb Code    90  uart-board.o(i.UartMcuDeInit)
    UartMcuInit                              0x08004501   Thumb Code    98  uart-board.o(i.UartMcuInit)
    __ARM_clz                                0x08004569   Thumb Code    46  depilogue.o(i.__ARM_clz)
    __ARM_common_switch8                     0x08004597   Thumb Code    28  gpio-board.o(i.__ARM_common_switch8)
    __scatterload_copy                       0x080045b3   Thumb Code    14  handlers.o(i.__scatterload_copy)
    __scatterload_null                       0x080045c1   Thumb Code     2  handlers.o(i.__scatterload_null)
    __scatterload_zeroinit                   0x080045c3   Thumb Code    14  handlers.o(i.__scatterload_zeroinit)
    main                                     0x080045d1   Thumb Code    56  main.o(i.main)
    round                                    0x08004611   Thumb Code   142  round.o(i.round)
    AHBPrescTable                            0x080046c4   Data          16  system_stm32l0xx.o(.constdata)
    APBPrescTable                            0x080046d4   Data           8  system_stm32l0xx.o(.constdata)
    PLLMulTable                              0x080046dc   Data           9  system_stm32l0xx.o(.constdata)
    Region$$Table$$Base                      0x080046e8   Number         0  anon$$obj.o(Region$$Table)
    Region$$Table$$Limit                     0x08004708   Number         0  anon$$obj.o(Region$$Table)
    Led3Status                               0x20000002   Data           1  board.o(.data)
    UartTxBuffer                             0x20000004   Data           8  board.o(.data)
    NonScheduledWakeUp                       0x20000010   Data           1  rtc-board.o(.data)
    McuWakeUpTime                            0x20000018   Data           4  rtc-board.o(.data)
    RxData                                   0x2000001c   Data           1  uart-board.o(.data)
    TxData                                   0x2000001d   Data           1  uart-board.o(.data)
    SystemCoreClock                          0x20000020   Data           4  system_stm32l0xx.o(.data)
    uwTick                                   0x20000024   Data           4  stm32l0xx_hal.o(.data)
    HasLoopedThroughMain                     0x2000002c   Data           1  timer.o(.data)
    AdcHandle                                0x20000034   Data          96  adc-board.o(.bss)
    Led1                                     0x20000094   Data          12  board.o(.bss)
    Led2                                     0x200000a0   Data          12  board.o(.bss)
    Led3                                     0x200000ac   Data          12  board.o(.bss)
    Adc                                      0x200000b8   Data          12  board.o(.bss)
    I2c                                      0x200000c4   Data          84  board.o(.bss)
    Uart1                                    0x20000118   Data          56  board.o(.bss)
    UartRxBuffer                             0x20000150   Data         256  board.o(.bss)
    RtcCalendarContext                       0x20000290   Data          24  rtc-board.o(.bss)
    RtcHandle                                0x200002a8   Data          36  rtc-board.o(.bss)
    UartHandle                               0x200002cc   Data         112  uart-board.o(.bss)
    SX1272                                   0x2000047c   Data         312  sx1272.o(.bss)
    SPI_ex                                   0x200005b4   Data         136  sx1272.o(.bss)
    TxTimeoutTimer                           0x2000063c   Data          20  sx1272.o(.bss)
    RxTimeoutTimer                           0x20000650   Data          20  sx1272.o(.bss)
    RxTimeoutSyncWord                        0x20000664   Data          20  sx1272.o(.bss)
    __initial_sp                             0x20000a78   Data           0  startup_stm32l051xx.o(STACK)



==============================================================================

Memory Map of the image

  Image Entry point : 0x080000c1

  Load Region LR_IROM1 (Base: 0x08000000, Size: 0x0000473c, Max: 0x00010000, ABSOLUTE)

    Execution Region ER_IROM1 (Base: 0x08000000, Size: 0x00004708, Max: 0x00010000, ABSOLUTE)

    Base Addr    Size         Type   Attr      Idx    E Section Name        Object

    0x08000000   0x000000c0   Data   RO         1055    RESET               startup_stm32l051xx.o
    0x080000c0   0x00000000   Code   RO         4528  * .ARM.Collect$$$$00000000  mc_p.l(entry.o)
    0x080000c0   0x00000004   Code   RO         4920    .ARM.Collect$$$$00000001  mc_p.l(entry2.o)
    0x080000c4   0x00000004   Code   RO         4923    .ARM.Collect$$$$00000004  mc_p.l(entry5.o)
    0x080000c8   0x00000000   Code   RO         4925    .ARM.Collect$$$$00000008  mc_p.l(entry7b.o)
    0x080000c8   0x00000000   Code   RO         4927    .ARM.Collect$$$$0000000A  mc_p.l(entry8b.o)
    0x080000c8   0x00000008   Code   RO         4928    .ARM.Collect$$$$0000000B  mc_p.l(entry9a.o)
    0x080000d0   0x00000000   Code   RO         4930    .ARM.Collect$$$$0000000D  mc_p.l(entry10a.o)
    0x080000d0   0x00000000   Code   RO         4932    .ARM.Collect$$$$0000000F  mc_p.l(entry11a.o)
    0x080000d0   0x00000004   Code   RO         4921    .ARM.Collect$$$$00002712  mc_p.l(entry2.o)
    0x080000d4   0x0000001c   Code   RO         1056    .text               startup_stm32l051xx.o
    0x080000f0   0x0000002c   Code   RO         4531    .text               mc_p.l(uidiv.o)
    0x0800011c   0x00000028   Code   RO         4533    .text               mc_p.l(idiv.o)
    0x08000144   0x00000060   Code   RO         4535    .text               mc_p.l(uldiv.o)
    0x080001a4   0x00000024   Code   RO         4537    .text               mc_p.l(memcpya.o)
    0x080001c8   0x00000164   Code   RO         4842    .text               mf_p.l(dadd.o)
    0x0800032c   0x000000d0   Code   RO         4844    .text               mf_p.l(dmul.o)
    0x080003fc   0x000000f0   Code   RO         4846    .text               mf_p.l(ddiv.o)
    0x080004ec   0x0000001c   Code   RO         4854    .text               mf_p.l(dfltui.o)
    0x08000508   0x0000001c   Code   RO         4856    .text               mf_p.l(dfltul.o)
    0x08000524   0x0000003c   Code   RO         4862    .text               mf_p.l(dfixui.o)
    0x08000560   0x00000028   Code   RO         4866    .text               mf_p.l(cdcmple.o)
    0x08000588   0x00000028   Code   RO         4868    .text               mf_p.l(cdrcmple.o)
    0x080005b0   0x00000020   Code   RO         4935    .text               mc_p.l(llshl.o)
    0x080005d0   0x00000022   Code   RO         4937    .text               mc_p.l(llushr.o)
    0x080005f2   0x00000026   Code   RO         4939    .text               mc_p.l(llsshr.o)
    0x08000618   0x00000000   Code   RO         4952    .text               mc_p.l(iusefp.o)
    0x08000618   0x000000be   Code   RO         4957    .text               mf_p.l(depilogue.o)
    0x080006d6   0x00000002   PAD
    0x080006d8   0x0000007c   Code   RO         4963    .text               mf_p.l(drnd.o)
    0x08000754   0x00000024   Code   RO         4980    .text               mc_p.l(init.o)
    0x08000778   0x0000006c   Code   RO         1327    i.ADC_ConversionStop  stm32l0xx_hal_adc.o
    0x080007e4   0x0000009c   Code   RO         1332    i.ADC_Disable       stm32l0xx_hal_adc.o
    0x08000880   0x00000028   Code   RO         4004    i.AdcInit           adc.o
    0x080008a8   0x0000004c   Code   RO          310    i.AdcMcuConfig      adc-board.o
    0x080008f4   0x00000048   Code   RO          311    i.AdcMcuInit        adc-board.o
    0x0800093c   0x00000018   Code   RO          612    i.BlockLowPowerDuringTask  rtc-board.o
    0x08000954   0x00000014   Code   RO          363    i.BoardDisableIrq   board.o
    0x08000968   0x0000001c   Code   RO          364    i.BoardEnableIrq    board.o
    0x08000984   0x000000f0   Code   RO          369    i.BoardInitMcu      board.o
    0x08000a74   0x00000068   Code   RO          370    i.BoardInitPeriph   board.o
    0x08000adc   0x00000026   Code   RO          371    i.BoardUnusedIoInit  board.o
    0x08000b02   0x00000014   Code   RO          469    i.EXTI0_1_IRQHandler  gpio-board.o
    0x08000b16   0x00000014   Code   RO          470    i.EXTI2_3_IRQHandler  gpio-board.o
    0x08000b2a   0x00000060   Code   RO          471    i.EXTI4_15_IRQHandler  gpio-board.o
    0x08000b8a   0x0000000c   Code   RO         4062    i.FifoInit          fifo.o
    0x08000b96   0x00000012   Code   RO         4063    i.FifoNext          fifo.o
    0x08000ba8   0x0000001e   Code   RO         4064    i.FifoPop           fifo.o
    0x08000bc6   0x00000018   Code   RO         4065    i.FifoPush          fifo.o
    0x08000bde   0x00000002   PAD
    0x08000be0   0x00000014   Code   RO          372    i.GetBoardPowerSource  board.o
    0x08000bf4   0x00000028   Code   RO         4110    i.GpioInit          gpio.o
    0x08000c1c   0x00000048   Code   RO         3733    i.GpioIoeInterruptHandler  gpio-ioe.o
    0x08000c64   0x00000148   Code   RO          472    i.GpioMcuInit       gpio-board.o
    0x08000dac   0x00000020   Code   RO          473    i.GpioMcuRead       gpio-board.o
    0x08000dcc   0x00000148   Code   RO          475    i.GpioMcuSetInterrupt  gpio-board.o
    0x08000f14   0x00000028   Code   RO          476    i.GpioMcuToggle     gpio-board.o
    0x08000f3c   0x0000002c   Code   RO          477    i.GpioMcuWrite      gpio-board.o
    0x08000f68   0x0000001a   Code   RO         4111    i.GpioRead          gpio.o
    0x08000f82   0x00000022   Code   RO         4113    i.GpioSetInterrupt  gpio.o
    0x08000fa4   0x00000016   Code   RO         4114    i.GpioToggle        gpio.o
    0x08000fba   0x000000b8   Code   RO         1510    i.HAL_ADCEx_Calibration_Start  stm32l0xx_hal_adc_ex.o
    0x08001072   0x00000002   PAD
    0x08001074   0x000000d4   Code   RO         1338    i.HAL_ADC_DeInit    stm32l0xx_hal_adc.o
    0x08001148   0x00000234   Code   RO         1344    i.HAL_ADC_Init      stm32l0xx_hal_adc.o
    0x0800137c   0x00000002   Code   RO         1346    i.HAL_ADC_MspDeInit  stm32l0xx_hal_adc.o
    0x0800137e   0x00000002   Code   RO         1347    i.HAL_ADC_MspInit   stm32l0xx_hal_adc.o
    0x08001380   0x00000014   Code   RO         1162    i.HAL_DBGMCU_DisableDBGSleepMode  stm32l0xx_hal.o
    0x08001394   0x00000014   Code   RO         1163    i.HAL_DBGMCU_DisableDBGStandbyMode  stm32l0xx_hal.o
    0x080013a8   0x00000014   Code   RO         1164    i.HAL_DBGMCU_DisableDBGStopMode  stm32l0xx_hal.o
    0x080013bc   0x00000014   Code   RO         1165    i.HAL_DBGMCU_EnableDBGSleepMode  stm32l0xx_hal.o
    0x080013d0   0x00000014   Code   RO         1166    i.HAL_DBGMCU_EnableDBGStandbyMode  stm32l0xx_hal.o
    0x080013e4   0x00000014   Code   RO         1167    i.HAL_DBGMCU_EnableDBGStopMode  stm32l0xx_hal.o
    0x080013f8   0x00000030   Code   RO          478    i.HAL_GPIO_EXTI_Callback  gpio-board.o
    0x08001428   0x00000020   Code   RO         1739    i.HAL_GPIO_EXTI_IRQHandler  stm32l0xx_hal_gpio.o
    0x08001448   0x000001ec   Code   RO         1740    i.HAL_GPIO_Init     stm32l0xx_hal_gpio.o
    0x08001634   0x00000012   Code   RO         1742    i.HAL_GPIO_ReadPin  stm32l0xx_hal_gpio.o
    0x08001646   0x00000008   Code   RO         1743    i.HAL_GPIO_TogglePin  stm32l0xx_hal_gpio.o
    0x0800164e   0x0000000c   Code   RO         1744    i.HAL_GPIO_WritePin  stm32l0xx_hal_gpio.o
    0x0800165a   0x00000002   PAD
    0x0800165c   0x0000000c   Code   RO         1173    i.HAL_GetTick       stm32l0xx_hal.o
    0x08001668   0x0000008e   Code   RO         2112    i.HAL_I2CEx_ConfigAnalogFilter  stm32l0xx_hal_i2c_ex.o
    0x080016f6   0x00000002   PAD
    0x080016f8   0x000000c4   Code   RO         1805    i.HAL_I2C_Init      stm32l0xx_hal_i2c.o
    0x080017bc   0x00000002   Code   RO         1824    i.HAL_I2C_MspInit   stm32l0xx_hal_i2c.o
    0x080017be   0x00000002   PAD
    0x080017c0   0x00000010   Code   RO         1174    i.HAL_IncTick       stm32l0xx_hal.o
    0x080017d0   0x00000020   Code   RO         1175    i.HAL_Init          stm32l0xx_hal.o
    0x080017f0   0x00000028   Code   RO         1176    i.HAL_InitTick      stm32l0xx_hal.o
    0x08001818   0x00000002   Code   RO         1178    i.HAL_MspInit       stm32l0xx_hal.o
    0x0800181a   0x00000002   PAD
    0x0800181c   0x00000018   Code   RO         1567    i.HAL_NVIC_EnableIRQ  stm32l0xx_hal_cortex.o
    0x08001834   0x00000012   Code   RO         1571    i.HAL_NVIC_SetPriority  stm32l0xx_hal_cortex.o
    0x08001846   0x00000002   PAD
    0x08001848   0x00000200   Code   RO         2427    i.HAL_RCCEx_PeriphCLKConfig  stm32l0xx_hal_rcc_ex.o
    0x08001a48   0x000001f8   Code   RO         2329    i.HAL_RCC_ClockConfig  stm32l0xx_hal_rcc.o
    0x08001c40   0x0000000c   Code   RO         2333    i.HAL_RCC_GetHCLKFreq  stm32l0xx_hal_rcc.o
    0x08001c4c   0x00000024   Code   RO         2335    i.HAL_RCC_GetPCLK1Freq  stm32l0xx_hal_rcc.o
    0x08001c70   0x00000024   Code   RO         2336    i.HAL_RCC_GetPCLK2Freq  stm32l0xx_hal_rcc.o
    0x08001c94   0x000000e8   Code   RO         2337    i.HAL_RCC_GetSysClockFreq  stm32l0xx_hal_rcc.o
    0x08001d7c   0x00000600   Code   RO         2340    i.HAL_RCC_OscConfig  stm32l0xx_hal_rcc.o
    0x0800237c   0x00000002   Code   RO         2616    i.HAL_RTCEx_AlarmBEventCallback  stm32l0xx_hal_rtc_ex.o
    0x0800237e   0x00000002   Code   RO         2482    i.HAL_RTC_AlarmAEventCallback  stm32l0xx_hal_rtc.o
    0x08002380   0x00000088   Code   RO         2483    i.HAL_RTC_AlarmIRQHandler  stm32l0xx_hal_rtc.o
    0x08002408   0x00000112   Code   RO         2485    i.HAL_RTC_DeactivateAlarm  stm32l0xx_hal_rtc.o
    0x0800251a   0x00000002   PAD
    0x0800251c   0x000000f0   Code   RO         2486    i.HAL_RTC_GetAlarm  stm32l0xx_hal_rtc.o
    0x0800260c   0x0000005c   Code   RO         2487    i.HAL_RTC_GetDate   stm32l0xx_hal_rtc.o
    0x08002668   0x0000006c   Code   RO         2489    i.HAL_RTC_GetTime   stm32l0xx_hal_rtc.o
    0x080026d4   0x0000025c   Code   RO         2495    i.HAL_RTC_SetAlarm_IT  stm32l0xx_hal_rtc.o
    0x08002930   0x0000008e   Code   RO         2836    i.HAL_SPI_Init      stm32l0xx_hal_spi.o
    0x080029be   0x00000002   Code   RO         2838    i.HAL_SPI_MspInit   stm32l0xx_hal_spi.o
    0x080029c0   0x00000024   Code   RO         1573    i.HAL_SYSTICK_CLKSourceConfig  stm32l0xx_hal_cortex.o
    0x080029e4   0x00000002   Code   RO         1574    i.HAL_SYSTICK_Callback  stm32l0xx_hal_cortex.o
    0x080029e6   0x00000002   PAD
    0x080029e8   0x00000038   Code   RO         1575    i.HAL_SYSTICK_Config  stm32l0xx_hal_cortex.o
    0x08002a20   0x00000008   Code   RO         1576    i.HAL_SYSTICK_IRQHandler  stm32l0xx_hal_cortex.o
    0x08002a28   0x00000002   Code   RO         3328    i.HAL_UARTEx_WakeupCallback  stm32l0xx_hal_uart_ex.o
    0x08002a2a   0x00000002   PAD
    0x08002a2c   0x00000018   Code   RO          877    i.HAL_UART_ErrorCallback  uart-board.o
    0x08002a44   0x00000162   Code   RO         3079    i.HAL_UART_IRQHandler  stm32l0xx_hal_uart.o
    0x08002ba6   0x0000007c   Code   RO         3080    i.HAL_UART_Init     stm32l0xx_hal_uart.o
    0x08002c22   0x00000002   Code   RO         3082    i.HAL_UART_MspInit  stm32l0xx_hal_uart.o
    0x08002c24   0x000000dc   Code   RO         3085    i.HAL_UART_Receive_IT  stm32l0xx_hal_uart.o
    0x08002d00   0x00000044   Code   RO          878    i.HAL_UART_RxCpltCallback  uart-board.o
    0x08002d44   0x0000006e   Code   RO         3090    i.HAL_UART_Transmit_IT  stm32l0xx_hal_uart.o
    0x08002db2   0x00000002   PAD
    0x08002db4   0x00000044   Code   RO          879    i.HAL_UART_TxCpltCallback  uart-board.o
    0x08002df8   0x0000003c   Code   RO         4284    i.I2cInit           i2c.o
    0x08002e34   0x00000068   Code   RO          551    i.I2cMcuFormat      i2c-board.o
    0x08002e9c   0x0000007c   Code   RO          552    i.I2cMcuInit        i2c-board.o
    0x08002f18   0x00000012   Code   RO         4066    i.IsFifoEmpty       fifo.o
    0x08002f2a   0x0000001a   Code   RO         4067    i.IsFifoFull        fifo.o
    0x08002f44   0x00000002   Code   RO         3633    i.NMI_Handler       sysirqhandlers.o
    0x08002f46   0x00000002   PAD
    0x08002f48   0x00000078   Code   RO         1577    i.NVIC_SetPriority  stm32l0xx_hal_cortex.o
    0x08002fc0   0x0000001a   Code   RO         2499    i.RTC_Bcd2ToByte    stm32l0xx_hal_rtc.o
    0x08002fda   0x0000001a   Code   RO         2500    i.RTC_ByteToBcd2    stm32l0xx_hal_rtc.o
    0x08002ff4   0x0000002c   Code   RO          613    i.RTC_IRQHandler    rtc-board.o
    0x08003020   0x00000178   Code   RO          616    i.RtcComputeTimerTimeToAlarmTick  rtc-board.o
    0x08003198   0x0000005c   Code   RO          617    i.RtcComputeWakeUpTime  rtc-board.o
    0x080031f4   0x000000f8   Code   RO          618    i.RtcConvertCalendarTickToTimerTime  rtc-board.o
    0x080032ec   0x00000040   Code   RO          619    i.RtcConvertMsToTick  rtc-board.o
    0x0800332c   0x00000040   Code   RO          620    i.RtcConvertTickToMs  rtc-board.o
    0x0800336c   0x0000004c   Code   RO          623    i.RtcGetAdjustedTimeoutValue  rtc-board.o
    0x080033b8   0x00000054   Code   RO          624    i.RtcGetCalendar    rtc-board.o
    0x0800340c   0x00000034   Code   RO          625    i.RtcGetElapsedAlarmTime  rtc-board.o
    0x08003440   0x00000050   Code   RO          628    i.RtcRecoverMcuStatus  rtc-board.o
    0x08003490   0x00000012   Code   RO          629    i.RtcSetTimeout     rtc-board.o
    0x080034a2   0x00000002   PAD
    0x080034a4   0x000000a8   Code   RO          630    i.RtcStartWakeUpAlarm  rtc-board.o
    0x0800354c   0x0000007c   Code   RO          788    i.SX1272IoInit      sx1272-board.o
    0x080035c8   0x00000038   Code   RO          739    i.SpiFormat         spi-board.o
    0x08003600   0x00000050   Code   RO          740    i.SpiFrequency      spi-board.o
    0x08003650   0x000001a0   Code   RO          742    i.SpiInit           spi-board.o
    0x080037f0   0x0000000c   Code   RO          373    i.SysTick_Handler   board.o
    0x080037fc   0x000000e0   Code   RO          374    i.SystemClockConfig  board.o
    0x080038dc   0x0000008c   Code   RO          375    i.SystemClockReConfig  board.o
    0x08003968   0x00000068   Code   RO         1063    i.SystemInit        system_stm32l0xx.o
    0x080039d0   0x00000008   Code   RO         4345    i.TimerGetValue     timer.o
    0x080039d8   0x00000094   Code   RO         4349    i.TimerIrqHandler   timer.o
    0x08003a6c   0x00000020   Code   RO         4352    i.TimerSetTimeout   timer.o
    0x08003a8c   0x000000f0   Code   RO         3093    i.UART_AdvFeatureConfig  stm32l0xx_hal_uart.o
    0x08003b7c   0x00000064   Code   RO         3094    i.UART_CheckIdleState  stm32l0xx_hal_uart.o
    0x08003be0   0x00000020   Code   RO         3100    i.UART_EndTransmit_IT  stm32l0xx_hal_uart.o
    0x08003c00   0x000000a8   Code   RO         3101    i.UART_Receive_IT   stm32l0xx_hal_uart.o
    0x08003ca8   0x000004d0   Code   RO         3102    i.UART_SetConfig    stm32l0xx_hal_uart.o
    0x08004178   0x00000072   Code   RO         3103    i.UART_Transmit_IT  stm32l0xx_hal_uart.o
    0x080041ea   0x00000108   Code   RO         3104    i.UART_WaitOnFlagUntilTimeout  stm32l0xx_hal_uart.o
    0x080042f2   0x00000002   PAD
    0x080042f4   0x00000010   Code   RO          880    i.USART1_IRQHandler  uart-board.o
    0x08004304   0x00000032   Code   RO         4444    i.UartConfig        uart.o
    0x08004336   0x00000016   Code   RO         4445    i.UartDeInit        uart.o
    0x0800434c   0x00000026   Code   RO         4448    i.UartInit          uart.o
    0x08004372   0x00000002   PAD
    0x08004374   0x0000012c   Code   RO          881    i.UartMcuConfig     uart-board.o
    0x080044a0   0x00000060   Code   RO          882    i.UartMcuDeInit     uart-board.o
    0x08004500   0x00000068   Code   RO          884    i.UartMcuInit       uart-board.o
    0x08004568   0x0000002e   Code   RO         4959    i.__ARM_clz         mf_p.l(depilogue.o)
    0x08004596   0x0000001c   Code   RO          540    i.__ARM_common_switch8  gpio-board.o
    0x080045b2   0x0000000e   Code   RO         5018    i.__scatterload_copy  mc_p.l(handlers.o)
    0x080045c0   0x00000002   Code   RO         5019    i.__scatterload_null  mc_p.l(handlers.o)
    0x080045c2   0x0000000e   Code   RO         5020    i.__scatterload_zeroinit  mc_p.l(handlers.o)
    0x080045d0   0x00000040   Code   RO           14    i.main              main.o
    0x08004610   0x0000009c   Code   RO         4524    i.round             m_ps.l(round.o)
    0x080046ac   0x00000018   Data   RO          632    .constdata          rtc-board.o
    0x080046c4   0x00000021   Data   RO         1064    .constdata          system_stm32l0xx.o
    0x080046e5   0x00000003   PAD
    0x080046e8   0x00000020   Data   RO         5016    Region$$Table       anon$$obj.o


    Execution Region RW_IRAM1 (Base: 0x20000000, Size: 0x00000a78, Max: 0x00002000, ABSOLUTE)

    Base Addr    Size         Type   Attr      Idx    E Section Name        Object

    0x20000000   0x0000000e   Data   RW          377    .data               board.o
    0x2000000e   0x00000002   PAD
    0x20000010   0x0000000c   Data   RW          633    .data               rtc-board.o
    0x2000001c   0x00000002   Data   RW          887    .data               uart-board.o
    0x2000001e   0x00000002   PAD
    0x20000020   0x00000004   Data   RW         1065    .data               system_stm32l0xx.o
    0x20000024   0x00000004   Data   RW         1185    .data               stm32l0xx_hal.o
    0x20000028   0x00000001   Data   RW         4006    .data               adc.o
    0x20000029   0x00000001   Data   RW         4290    .data               i2c.o
    0x2000002a   0x00000002   PAD
    0x2000002c   0x00000008   Data   RW         4356    .data               timer.o
    0x20000034   0x00000060   Zero   RW          313    .bss                adc-board.o
    0x20000094   0x000001bc   Zero   RW          376    .bss                board.o
    0x20000250   0x00000040   Zero   RW          479    .bss                gpio-board.o
    0x20000290   0x0000003c   Zero   RW          631    .bss                rtc-board.o
    0x200002cc   0x00000070   Zero   RW          886    .bss                uart-board.o
    0x2000033c   0x00000040   Zero   RW         3736    .bss                gpio-ioe.o
    0x2000037c   0x000002fc   Zero   RW         3807    .bss                sx1272.o
    0x20000678   0x00000400   Zero   RW         1053    STACK               startup_stm32l051xx.o


==============================================================================

Image component sizes


      Code (inc. data)   RO Data    RW Data    ZI Data      Debug   Object Name

       148         18          0          0         96       1664   adc-board.o
        40          6          0          1          0       1070   adc.o
       826         74          0         14        444       5824   board.o
       128          0          0          0          0       3475   fifo.o
       984         48          0          0         64       6594   gpio-board.o
        72          4          0          0         64       1282   gpio-ioe.o
       122          0          0          0          0       2742   gpio.o
       228         32          0          0          0       2452   i2c-board.o
        60          8          0          1          0       1118   i2c.o
        64          8          0          0          0     325511   main.o
      1390        132         24         12         60       9955   rtc-board.o
       552         22          0          0          0       2677   spi-board.o
        28          8        192          0       1024        676   startup_stm32l051xx.o
       222         54          0          4          0       6994   stm32l0xx_hal.o
      1044         30          0          0          0       4782   stm32l0xx_hal_adc.o
       184          0          0          0          0       1486   stm32l0xx_hal_adc_ex.o
       264         30          0          0          0      12547   stm32l0xx_hal_cortex.o
       562         36          0          0          0       4267   stm32l0xx_hal_gpio.o
       198          6          0          0          0       2105   stm32l0xx_hal_i2c.o
       142          0          0          0          0       1195   stm32l0xx_hal_i2c_ex.o
      2356         96          0          0          0       6160   stm32l0xx_hal_rcc.o
       512         12          0          0          0       1504   stm32l0xx_hal_rcc_ex.o
      1508         38          0          0          0       7513   stm32l0xx_hal_rtc.o
         2          0          0          0          0       1036   stm32l0xx_hal_rtc_ex.o
       144          0          0          0          0       1721   stm32l0xx_hal_spi.o
      2960         94          0          0          0       9851   stm32l0xx_hal_uart.o
         2          0          0          0          0       1056   stm32l0xx_hal_uart_ex.o
       124          4          0          0          0        491   sx1272-board.o
         0          0          0          0        764       1303   sx1272.o
         2          0          0          0          0        450   sysirqhandlers.o
       104         16         33          4          0     124343   system_stm32l0xx.o
       188         10          0          8          0       2197   timer.o
       676         64          0          2        112       5042   uart-board.o
       110          0          0          0          0       2313   uart.o

    ----------------------------------------------------------------------
     15976        850        284         52       2628     563396   Object Totals
         0          0         32          0          0          0   (incl. Generated)
        30          0          3          6          0          0   (incl. Padding)

    ----------------------------------------------------------------------

      Code (inc. data)   RO Data    RW Data    ZI Data      Debug   Library Member Name

       156         14          0          0          0         84   round.o
         0          0          0          0          0          0   entry.o
         0          0          0          0          0          0   entry10a.o
         0          0          0          0          0          0   entry11a.o
         8          4          0          0          0          0   entry2.o
         4          0          0          0          0          0   entry5.o
         0          0          0          0          0          0   entry7b.o
         0          0          0          0          0          0   entry8b.o
         8          4          0          0          0          0   entry9a.o
        30          0          0          0          0          0   handlers.o
        40          0          0          0          0         72   idiv.o
        36          8          0          0          0         68   init.o
         0          0          0          0          0          0   iusefp.o
        32          0          0          0          0         68   llshl.o
        38          0          0          0          0         68   llsshr.o
        34          0          0          0          0         68   llushr.o
        36          0          0          0          0         60   memcpya.o
        44          0          0          0          0         72   uidiv.o
        96          0          0          0          0         84   uldiv.o
        40          2          0          0          0         68   cdcmple.o
        40          2          0          0          0         68   cdrcmple.o
       356          4          0          0          0        140   dadd.o
       240          6          0          0          0         84   ddiv.o
       236          0          0          0          0        216   depilogue.o
        60         10          0          0          0         68   dfixui.o
        28          4          0          0          0         68   dfltui.o
        28          6          0          0          0         68   dfltul.o
       208          6          0          0          0         88   dmul.o
       124         10          0          0          0         76   drnd.o

    ----------------------------------------------------------------------
      1924         80          0          0          0       1588   Library Totals
         2          0          0          0          0          0   (incl. Padding)

    ----------------------------------------------------------------------

      Code (inc. data)   RO Data    RW Data    ZI Data      Debug   Library Name

       156         14          0          0          0         84   m_ps.l
       406         16          0          0          0        560   mc_p.l
      1360         50          0          0          0        944   mf_p.l

    ----------------------------------------------------------------------
      1924         80          0          0          0       1588   Library Totals

    ----------------------------------------------------------------------

==============================================================================


      Code (inc. data)   RO Data    RW Data    ZI Data      Debug   

     17900        930        284         52       2628     558608   Grand Totals
     17900        930        284         52       2628     558608   ELF Image Totals
     17900        930        284         52          0          0   ROM Totals

==============================================================================

    Total RO  Size (Code + RO Data)                18184 (  17.76kB)
    Total RW  Size (RW Data + ZI Data)              2680 (   2.62kB)
    Total ROM Size (Code + RO Data + RW Data)      18236 (  17.81kB)

==============================================================================

