<html>
<body>
<pre>
<h1>µVision Build Log</h1>
<h2>Tool Versions:</h2>
IDE-Version: µVision V5.13.0.0
Copyright (C) 2014 ARM Ltd and ARM Germany GmbH. All rights reserved.
License Information: Piscesia Tran, UIT, LIC=W96FW-Q8S9C-UMK9A-1QLP0-QU6XV-WM410
 
Tool Versions:
Toolchain:       MDK-ARM Professional  Version: 5.13.0.0
Toolchain Path:  C:\Keil_v5\ARM\ARMCC\Bin
C Compiler:      Armcc.exe V5.05 update 1 (build 106)
Assembler:       Armasm.exe V5.05 update 1 (build 106)
Linker/Locator:  ArmLink.exe V5.05 update 1 (build 106)
Library Manager: ArmAr.exe V5.05 update 1 (build 106)
Hex Converter:   FromElf.exe V5.05 update 1 (build 106)
CPU DLL:         SARMCM3.DLL V5.13.0.0
Dialog DLL:      DCM.DLL V1.13.1.0
Target DLL:      STLink\ST-LINKIII-KEIL_SWO.dll V2.0.14.0_KEIL
Dialog DLL:      TCM.DLL V1.14.4.0
 
<h2>Project:</h2>
D:\HOC TAP\KLTN - Project LoRen\NewLoRaDemo\LoraDemo1\LoraDemo\Keil\LoRaMote\ping-pong\Ping-Pong.uvprojx
Project File Date:  08/06/2017

<h2>Output:</h2>
Build target 'Ping-Pong-868-lora'
compiling main.c...
..\..\..\src\apps\ping-pong\LoRaMote\main.c(136): warning:  #177-D: variable "isMaster" was declared but never referenced
      bool isMaster = true;
..\..\..\src\apps\ping-pong\LoRaMote\main.c: 1 warning, 0 errors
linking...
Program Size: Code=26036 RO-data=620 RW-data=240 ZI-data=2384  
FromELF: creating hex file...
".\obj\Ping-Pong-868-lora\Ping-Pong.axf" - 0 Error(s), 1 Warning(s).

<h2>Software Packages used:</h2>

Package Vendor: ARM
                http://www.keil.com/pack/ARM.CMSIS.5.0.1.pack
                ARM::CMSIS:CORE:5.0.1
                CMSIS (Cortex Microcontroller Software Interface Standard)
   * Component: CORE Version: 5.0.1

<h2>Collection of Component include folders:</h2>
  D:\HOC TAP\KLTN - Project LoRen\NewLoRaDemo\LoraDemo1\LoraDemo\Keil\LoRaMote\ping-pong\RTE
  C:\Keil_v5\ARM\PACK\ARM\CMSIS\5.0.1\CMSIS\Include
  C:\Keil_v5\ARM\PACK\Keil\STM32L1xx_DFP\1.2.0

<h2>Collection of Component Files used:</h2>

   * Component: ARM::CMSIS:CORE:5.0.1
</pre>
</body>
</html>
