<html>
<body>
<pre>
<h1>µVision Build Log</h1>
<h2>Tool Versions:</h2>
IDE-Version: µVision V5.18a
Copyright (C) 2016 ARM Ltd and ARM Germany GmbH. All rights reserved.
License Information: MAX Microsoft, Microsoft, LIC=0YKWF-6CLWS-VUZ42-9G7EF-UDXAU-BVK4T
 
Tool Versions:
Toolchain:       MDK-ARM Basic (256K)  Version: 5.18a
Toolchain Path:  C:\Keil_v5\ARM\ARMCC\Bin
C Compiler:      Armcc.exe V5.06 update 1 (build 61)
Assembler:       Armasm.exe V5.06 update 1 (build 61)
Linker/Locator:  ArmLink.exe V5.06 update 1 (build 61)
Library Manager: ArmAr.exe V5.06 update 1 (build 61)
Hex Converter:   FromElf.exe V5.06 update 1 (build 61)
CPU DLL:         SARMCM3.DLL V5.18a
Dialog DLL:      DCM.DLL V1.13.6.0
Target DLL:      STLink\ST-LINKIII-KEIL_SWO.dll V2.0.18.0
Dialog DLL:      TCM.DLL V1.14.8.0
 
<h2>Project:</h2>
C:\Users\MAX\Desktop\LORA\LoraDemo\Keil\SK-iM880A\ping-pong\Ping-Pong.uvprojx
Project File Date:  04/22/2016

<h2>Output:</h2>
*** Using Compiler 'V5.06 update 1 (build 61)', folder: 'C:\Keil_v5\ARM\ARMCC\Bin'
Build target 'Ping-Pong-fsk'
compiling main.c...
compiling adc-board.c...
compiling board.c...
compiling rtc-board.c...
compiling i2c-board.c...
compiling gpio-board.c...
compiling spi-board.c...
compiling sx1272-board.c...
compiling timer-board.c...
compiling system_stm32l1xx.c...
compiling misc.c...
compiling uart-board.c...
compiling stm32l1xx_dbgmcu.c...
compiling stm32l1xx_adc.c...
compiling stm32l1xx_dma.c...
compiling stm32l1xx_exti.c...
compiling stm32l1xx_gpio.c...
compiling stm32l1xx_i2c.c...
compiling stm32l1xx_pwr.c...
compiling stm32l1xx_rcc.c...
compiling stm32l1xx_rtc.c...
compiling stm32l1xx_spi.c...
compiling stm32l1xx_syscfg.c...
compiling stm32l1xx_tim.c...
compiling stm32l1xx_usart.c...
compiling sysIrqHandlers.c...
compiling utilities.c...
compiling sx1272.c...
compiling adc.c...
compiling delay.c...
compiling fifo.c...
compiling timer.c...
compiling gpio.c...
compiling i2c.c...
compiling Soft_I2C.c...
compiling I2C_LCD.c...
..\..\..\lcd\I2C_LCD.c(228): warning:  #1-D: last line of file ends without a newline
  }
..\..\..\lcd\I2C_LCD.c: 1 warning, 0 errors
linking...
Program Size: Code=18674 RO-data=626 RW-data=188 ZI-data=1884  
FromELF: creating hex file...
".\obj\Ping-Pong-fsk\Ping-Pong.axf" - 0 Error(s), 1 Warning(s).

<h2>Software Packages used:</h2>

Package Vendor: ARM
                http://www.keil.com/pack/ARM.CMSIS.4.5.0.pack
                ARM::CMSIS:CORE:4.3.0
                CMSIS (Cortex Microcontroller Software Interface Standard)
   * Component: CORE Version: 4.3.0

<h2>Collection of Component include folders:</h2>
  C:\Users\MAX\Desktop\LORA\LoraDemo\Keil\SK-iM880A\ping-pong\RTE
  C:\Keil_v5\ARM\PACK\ARM\CMSIS\4.5.0\CMSIS\Include
  C:\Keil_v5\ARM\PACK\Keil\STM32L1xx_DFP\1.0.2\Device\Include

<h2>Collection of Component Files used:</h2>

   * Component: ARM::CMSIS:CORE:4.3.0
Build Time Elapsed:  00:00:25
</pre>
</body>
</html>
