<html>
<body>
<pre>
<h1>µVision Build Log</h1>
<h2>Tool Versions:</h2>
IDE-Version: µVision V5.13.0.0
Copyright (C) 2014 ARM Ltd and ARM Germany GmbH. All rights reserved.
License Information: CE Max, CEONE, LIC=X4HVE-5XUFT-SR9X4-FI5G5-HFE8A-S0IDN
 
Tool Versions:
Toolchain:       MDK-ARM Basic (256K)  Version: 5.13.0.0
Toolchain Path:  C:\Keil_v5\ARM\ARMCC\Bin
C Compiler:      Armcc.exe V5.05 update 1 (build 106)
Assembler:       Armasm.exe V5.05 update 1 (build 106)
Linker/Locator:  ArmLink.exe V5.05 update 1 (build 106)
Library Manager: ArmAr.exe V5.05 update 1 (build 106)
Hex Converter:   FromElf.exe V5.05 update 1 (build 106)
CPU DLL:         SARMCM3.DLL V5.13.0.0
Dialog DLL:      DCM.DLL V1.13.1.0
Target DLL:      STLink\ST-LINKIII-KEIL_SWO.dll V2.0.14.0_KEIL
Dialog DLL:      TCM.DLL V1.14.4.0
 
<h2>Project:</h2>
C:\Users\MAX\Desktop\LORA\LoraDemo\Keil\LoRaMote\ping-pong\Ping-Pong.uvproj
Project File Date:  04/06/2016

<h2>Output:</h2>
Build target 'Ping-Pong-868-fsk'
compiling main.c...
linking...
Program Size: Code=24652 RO-data=636 RW-data=236 ZI-data=2420  
FromELF: creating hex file...
".\obj\Ping-Pong-868-fsk\Ping-Pong.axf" - 0 Error(s), 0 Warning(s).
</pre>
</body>
</html>
