Component: ARM Compiler 5.05 update 1 (build 106) Tool: armlink [4d0efa]

==============================================================================

Section Cross References

    main.o(i.OnRxDone) refers to memcpya.o(.text) for __aeabi_memcpy
    main.o(i.OnRxDone) refers to sx1272-board.o(.constdata) for Radio
    main.o(i.OnRxDone) refers to main.o(.data) for .data
    main.o(i.OnRxDone) refers to main.o(.bss) for .bss
    main.o(i.OnRxError) refers to sx1272-board.o(.constdata) for Radio
    main.o(i.OnRxError) refers to main.o(.data) for .data
    main.o(i.OnRxTimeout) refers to sx1272-board.o(.constdata) for Radio
    main.o(i.OnRxTimeout) refers to main.o(.data) for .data
    main.o(i.OnTxDone) refers to sx1272-board.o(.constdata) for Radio
    main.o(i.OnTxDone) refers to main.o(.data) for .data
    main.o(i.OnTxTimeout) refers to sx1272-board.o(.constdata) for Radio
    main.o(i.OnTxTimeout) refers to main.o(.data) for .data
    main.o(i.main) refers to board.o(i.BoardInitMcu) for BoardInitMcu
    main.o(i.main) refers to board.o(i.BoardInitPeriph) for BoardInitPeriph
    main.o(i.main) refers to strncmp.o(.text) for strncmp
    main.o(i.main) refers to gpio.o(i.GpioRead) for GpioRead
    main.o(i.main) refers to gpio.o(i.GpioWrite) for GpioWrite
    main.o(i.main) refers to delay.o(i.DelayMs) for DelayMs
    main.o(i.main) refers to timer.o(i.TimerLowPowerHandler) for TimerLowPowerHandler
    main.o(i.main) refers to main.o(i.OnTxDone) for OnTxDone
    main.o(i.main) refers to main.o(.bss) for .bss
    main.o(i.main) refers to main.o(i.OnRxDone) for OnRxDone
    main.o(i.main) refers to main.o(i.OnTxTimeout) for OnTxTimeout
    main.o(i.main) refers to main.o(i.OnRxTimeout) for OnRxTimeout
    main.o(i.main) refers to main.o(i.OnRxError) for OnRxError
    main.o(i.main) refers to sx1272-board.o(.constdata) for Radio
    main.o(i.main) refers to main.o(.data) for .data
    main.o(i.main) refers to main.o(.constdata) for .constdata
    main.o(i.main) refers to board.o(.bss) for Led1
    adc-board.o(i.AdcMcuFormat) refers to stm32l1xx_rcc.o(i.RCC_HSICmd) for RCC_HSICmd
    adc-board.o(i.AdcMcuFormat) refers to stm32l1xx_rcc.o(i.RCC_GetFlagStatus) for RCC_GetFlagStatus
    adc-board.o(i.AdcMcuFormat) refers to stm32l1xx_rcc.o(i.RCC_APB2PeriphClockCmd) for RCC_APB2PeriphClockCmd
    adc-board.o(i.AdcMcuFormat) refers to stm32l1xx_adc.o(i.ADC_CommonInit) for ADC_CommonInit
    adc-board.o(i.AdcMcuFormat) refers to stm32l1xx_adc.o(i.ADC_StructInit) for ADC_StructInit
    adc-board.o(i.AdcMcuFormat) refers to stm32l1xx_adc.o(i.ADC_Init) for ADC_Init
    adc-board.o(i.AdcMcuFormat) refers to stm32l1xx_adc.o(i.ADC_DelaySelectionConfig) for ADC_DelaySelectionConfig
    adc-board.o(i.AdcMcuInit) refers to stm32l1xx_adc.o(i.ADC_DeInit) for ADC_DeInit
    adc-board.o(i.AdcMcuInit) refers to gpio.o(i.GpioInit) for GpioInit
    adc-board.o(i.AdcMcuRead) refers to stm32l1xx_rcc.o(i.RCC_HSICmd) for RCC_HSICmd
    adc-board.o(i.AdcMcuRead) refers to stm32l1xx_rcc.o(i.RCC_GetFlagStatus) for RCC_GetFlagStatus
    adc-board.o(i.AdcMcuRead) refers to stm32l1xx_rcc.o(i.RCC_APB2PeriphClockCmd) for RCC_APB2PeriphClockCmd
    adc-board.o(i.AdcMcuRead) refers to stm32l1xx_adc.o(i.ADC_TempSensorVrefintCmd) for ADC_TempSensorVrefintCmd
    adc-board.o(i.AdcMcuRead) refers to stm32l1xx_adc.o(i.ADC_RegularChannelConfig) for ADC_RegularChannelConfig
    adc-board.o(i.AdcMcuRead) refers to stm32l1xx_adc.o(i.ADC_DelaySelectionConfig) for ADC_DelaySelectionConfig
    adc-board.o(i.AdcMcuRead) refers to stm32l1xx_adc.o(i.ADC_PowerDownCmd) for ADC_PowerDownCmd
    adc-board.o(i.AdcMcuRead) refers to stm32l1xx_adc.o(i.ADC_Cmd) for ADC_Cmd
    adc-board.o(i.AdcMcuRead) refers to stm32l1xx_adc.o(i.ADC_GetFlagStatus) for ADC_GetFlagStatus
    adc-board.o(i.AdcMcuRead) refers to stm32l1xx_adc.o(i.ADC_SoftwareStartConv) for ADC_SoftwareStartConv
    adc-board.o(i.AdcMcuRead) refers to stm32l1xx_adc.o(i.ADC_GetConversionValue) for ADC_GetConversionValue
    board.o(i.BoardDeInitMcu) refers to i2c.o(i.I2cDeInit) for I2cDeInit
    board.o(i.BoardDeInitMcu) refers to spi-board.o(i.SpiDeInit) for SpiDeInit
    board.o(i.BoardDeInitMcu) refers to sx1272-board.o(i.SX1272IoDeInit) for SX1272IoDeInit
    board.o(i.BoardDeInitMcu) refers to gpio.o(i.GpioInit) for GpioInit
    board.o(i.BoardDeInitMcu) refers to board.o(.bss) for .bss
    board.o(i.BoardDeInitMcu) refers to sx1272.o(.bss) for SX1272
    board.o(i.BoardDeInitMcu) refers to board.o(.data) for .data
    board.o(i.BoardGetBatteryLevel) refers to adc.o(i.AdcReadChannel) for AdcReadChannel
    board.o(i.BoardGetBatteryLevel) refers to dflti.o(.text) for __aeabi_i2d
    board.o(i.BoardGetBatteryLevel) refers to dmul.o(.text) for __aeabi_dmul
    board.o(i.BoardGetBatteryLevel) refers to dfixui.o(.text) for __aeabi_d2uiz
    board.o(i.BoardGetBatteryLevel) refers to board.o(.bss) for .bss
[...]
    i.UsageFault_Handler                     0x08005c50   Section        0  sysirqhandlers.o(i.UsageFault_Handler)
    i.__scatterload_copy                     0x08005c52   Section       14  handlers.o(i.__scatterload_copy)
    i.__scatterload_null                     0x08005c60   Section        2  handlers.o(i.__scatterload_null)
    i.__scatterload_zeroinit                 0x08005c62   Section       14  handlers.o(i.__scatterload_zeroinit)
    i.ceil                                   0x08005c70   Section        0  ceil.o(i.ceil)
    i.floor                                  0x08005d4c   Section        0  floor.o(i.floor)
    i.main                                   0x08005e28   Section        0  main.o(i.main)
    i.memcpy1                                0x08006098   Section        0  utilities.o(i.memcpy1)
    i.round                                  0x080060ac   Section        0  round.o(i.round)
    .constdata                               0x08006140   Section       16  main.o(.constdata)
    .constdata                               0x08006150   Section       24  rtc-board.o(.constdata)
    DaysInMonth                              0x08006150   Data          12  rtc-board.o(.constdata)
    DaysInMonthLeapYear                      0x0800615c   Data          12  rtc-board.o(.constdata)
    .constdata                               0x08006168   Section       84  sx1272-board.o(.constdata)
    .constdata                               0x080061bc   Section      224  sx1272.o(.constdata)
    .constdata                               0x0800629c   Section       12  gps.o(.constdata)
    .data                                    0x20000000   Section        6  main.o(.data)
    .data                                    0x20000006   Section        1  board.o(.data)
    McuInitialized                           0x20000006   Data           1  board.o(.data)
    .data                                    0x20000007   Section        1  gps-board.o(.data)
    .data                                    0x20000008   Section        1  i2c-board.o(.data)
    .data                                    0x20000010   Section       16  rtc-board.o(.data)
    RtcInitalized                            0x20000010   Data           1  rtc-board.o(.data)
    RtcTimerEventAllowsLowPower              0x20000011   Data           1  rtc-board.o(.data)
    LowPowerDisableDuringTask                0x20000012   Data           1  rtc-board.o(.data)
    PreviousYear                             0x20000013   Data           1  rtc-board.o(.data)
    Century                                  0x20000014   Data           1  rtc-board.o(.data)
    RtcTimerContext                          0x20000018   Data           8  rtc-board.o(.data)
    .data                                    0x20000020   Section        1  sx1272-board.o(.data)
    RadioIsActive                            0x20000020   Data           1  sx1272-board.o(.data)
    .data                                    0x20000028   Section       32  timer-board.o(.data)
    TimerTickCounterContext                  0x20000038   Data           8  timer-board.o(.data)
    .data                                    0x20000048   Section       29  system_stm32l1xx.o(.data)
    .data                                    0x20000065   Section       25  stm32l1xx_rcc.o(.data)
    PLLMulTable                              0x20000065   Data           9  stm32l1xx_rcc.o(.data)
    APBAHBPrescTable                         0x2000006e   Data          16  stm32l1xx_rcc.o(.data)
    .data                                    0x2000007e   Section        2  mag3110.o(.data)
    I2cDeviceAddr                            0x2000007e   Data           1  mag3110.o(.data)
    MAG3110Initialized                       0x2000007f   Data           1  mag3110.o(.data)
    .data                                    0x20000080   Section        2  mma8451.o(.data)
    I2cDeviceAddr                            0x20000080   Data           1  mma8451.o(.data)
    MMA8451Initialized                       0x20000081   Data           1  mma8451.o(.data)
    .data                                    0x20000084   Section       16  mpl3115.o(.data)
    I2cDeviceAddr                            0x20000084   Data           1  mpl3115.o(.data)
    MPL3115Initialized                       0x20000085   Data           1  mpl3115.o(.data)
    .data                                    0x20000094   Section        2  sx1509.o(.data)
    I2cDeviceAddr                            0x20000094   Data           1  sx1509.o(.data)
    SX1509Initialized                        0x20000095   Data           1  sx1509.o(.data)
    .data                                    0x20000096   Section        2  sx9500.o(.data)
    I2cDeviceAddr                            0x20000096   Data           1  sx9500.o(.data)
    SX9500Initialized                        0x20000097   Data           1  sx9500.o(.data)
    .data                                    0x20000098   Section       32  sx1272.o(.data)
    opModePrev                               0x20000098   Data           1  sx1272.o(.data)
    RadioEvents                              0x2000009c   Data           4  sx1272.o(.data)
    .data                                    0x200000b8   Section        1  adc.o(.data)
    AdcInitialized                           0x200000b8   Data           1  adc.o(.data)
    .data                                    0x200000c0   Section       32  gps.o(.data)
    Altitude                                 0x200000c2   Data           2  gps.o(.data)
    LatitudeBinary                           0x200000c4   Data           4  gps.o(.data)
    LongitudeBinary                          0x200000c8   Data           4  gps.o(.data)
    PpsCnt                                   0x200000cc   Data           4  gps.o(.data)
    Latitude                                 0x200000d0   Data           8  gps.o(.data)
    Longitude                                0x200000d8   Data           8  gps.o(.data)
    .data                                    0x200000e0   Section        1  i2c.o(.data)
    I2cInitialized                           0x200000e0   Data           1  i2c.o(.data)
    .data                                    0x200000e4   Section        8  timer.o(.data)
    LowPowerModeEnable                       0x200000e4   Data           1  timer.o(.data)
    TimerListHead                            0x200000e8   Data           4  timer.o(.data)
    .bss                                     0x200000ec   Section       92  main.o(.bss)
    RadioEvents                              0x2000012c   Data          28  main.o(.bss)
    .bss                                     0x20000148   Section      224  board.o(.bss)
    .bss                                     0x20000228   Section       12  board.o(.bss)
    .bss                                     0x20000234   Section       56  board.o(.bss)
    .bss                                     0x2000026c   Section       64  gpio-board.o(.bss)
    GpioIrq                                  0x2000026c   Data          64  gpio-board.o(.bss)
    .bss                                     0x200002ac   Section      256  gps-board.o(.bss)
    .bss                                     0x200003ac   Section       18  spi-board.o(.bss)
    .bss                                     0x200003c0   Section       24  sx1272-board.o(.bss)
    .bss                                     0x200003d8   Section      548  sx1272.o(.bss)
    RxTxBuffer                               0x200003d8   Data         256  sx1272.o(.bss)
    .bss                                     0x200005fc   Section       99  gps.o(.bss)
    STACK                                    0x20000660   Section     1024  startup_stm32l1xx_md.o(STACK)

    Global Symbols

    Symbol Name                              Value     Ov Type        Size  Object(Section)

    BuildAttributes$$THM_ISAv4$P$D$K$B$S$PE$A:L22UL41UL21$X:L11$S22US41US21$IEEE1$IW$USESV6$~STKCKD$USESV7$~SHL$OTIME$ROPI$IEEEJ$EBA8$MICROLIB$REQ8$PRES8$EABIv2 0x00000000   Number         0  anon$$obj.o ABSOLUTE
    __ARM_use_no_argv                        0x00000000   Number         0  main.o ABSOLUTE
    __cpp_initialize__aeabi_                  - Undefined Weak Reference
    __cxa_finalize                            - Undefined Weak Reference
    __decompress                              - Undefined Weak Reference
    _clock_init                               - Undefined Weak Reference
    _microlib_exit                            - Undefined Weak Reference
    __Vectors_Size                           0x000000f4   Number         0  startup_stm32l1xx_md.o ABSOLUTE
    __Vectors                                0x08000000   Data           4  startup_stm32l1xx_md.o(RESET)
    __Vectors_End                            0x080000f4   Data           0  startup_stm32l1xx_md.o(RESET)
    __main                                   0x080000f5   Thumb Code     0  entry.o(.ARM.Collect$$$$00000000)
    _main_stk                                0x080000f5   Thumb Code     0  entry2.o(.ARM.Collect$$$$00000001)
    _main_scatterload                        0x080000f9   Thumb Code     0  entry5.o(.ARM.Collect$$$$00000004)
    __main_after_scatterload                 0x080000fd   Thumb Code     0  entry5.o(.ARM.Collect$$$$00000004)
    _main_clock                              0x080000fd   Thumb Code     0  entry7b.o(.ARM.Collect$$$$00000008)
    _main_cpp_init                           0x080000fd   Thumb Code     0  entry8b.o(.ARM.Collect$$$$0000000A)
    _main_init                               0x080000fd   Thumb Code     0  entry9a.o(.ARM.Collect$$$$0000000B)
    __rt_final_cpp                           0x08000105   Thumb Code     0  entry10a.o(.ARM.Collect$$$$0000000D)
    __rt_final_exit                          0x08000105   Thumb Code     0  entry11a.o(.ARM.Collect$$$$0000000F)
    Reset_Handler                            0x08000109   Thumb Code     8  startup_stm32l1xx_md.o(.text)
    HardFault_Handler                        0x08000113   Thumb Code     2  startup_stm32l1xx_md.o(.text)
    SVC_Handler                              0x0800011b   Thumb Code     2  startup_stm32l1xx_md.o(.text)
    PendSV_Handler                           0x0800011f   Thumb Code     2  startup_stm32l1xx_md.o(.text)
    SysTick_Handler                          0x08000121   Thumb Code     2  startup_stm32l1xx_md.o(.text)
    ADC1_IRQHandler                          0x08000123   Thumb Code     0  startup_stm32l1xx_md.o(.text)
    COMP_IRQHandler                          0x08000123   Thumb Code     0  startup_stm32l1xx_md.o(.text)
    DAC_IRQHandler                           0x08000123   Thumb Code     0  startup_stm32l1xx_md.o(.text)
    DMA1_Channel1_IRQHandler                 0x08000123   Thumb Code     0  startup_stm32l1xx_md.o(.text)
    DMA1_Channel2_IRQHandler                 0x08000123   Thumb Code     0  startup_stm32l1xx_md.o(.text)
    DMA1_Channel3_IRQHandler                 0x08000123   Thumb Code     0  startup_stm32l1xx_md.o(.text)
    DMA1_Channel4_IRQHandler                 0x08000123   Thumb Code     0  startup_stm32l1xx_md.o(.text)
    DMA1_Channel5_IRQHandler                 0x08000123   Thumb Code     0  startup_stm32l1xx_md.o(.text)
    DMA1_Channel6_IRQHandler                 0x08000123   Thumb Code     0  startup_stm32l1xx_md.o(.text)
    DMA1_Channel7_IRQHandler                 0x08000123   Thumb Code     0  startup_stm32l1xx_md.o(.text)
    FLASH_IRQHandler                         0x08000123   Thumb Code     0  startup_stm32l1xx_md.o(.text)
    I2C1_ER_IRQHandler                       0x08000123   Thumb Code     0  startup_stm32l1xx_md.o(.text)
    I2C1_EV_IRQHandler                       0x08000123   Thumb Code     0  startup_stm32l1xx_md.o(.text)
    I2C2_ER_IRQHandler                       0x08000123   Thumb Code     0  startup_stm32l1xx_md.o(.text)
    I2C2_EV_IRQHandler                       0x08000123   Thumb Code     0  startup_stm32l1xx_md.o(.text)
    LCD_IRQHandler                           0x08000123   Thumb Code     0  startup_stm32l1xx_md.o(.text)
    PVD_IRQHandler                           0x08000123   Thumb Code     0  startup_stm32l1xx_md.o(.text)
    RCC_IRQHandler                           0x08000123   Thumb Code     0  startup_stm32l1xx_md.o(.text)
    RTC_WKUP_IRQHandler                      0x08000123   Thumb Code     0  startup_stm32l1xx_md.o(.text)
    SPI1_IRQHandler                          0x08000123   Thumb Code     0  startup_stm32l1xx_md.o(.text)
    SPI2_IRQHandler                          0x08000123   Thumb Code     0  startup_stm32l1xx_md.o(.text)
    TAMPER_STAMP_IRQHandler                  0x08000123   Thumb Code     0  startup_stm32l1xx_md.o(.text)
    TIM10_IRQHandler                         0x08000123   Thumb Code     0  startup_stm32l1xx_md.o(.text)
    TIM11_IRQHandler                         0x08000123   Thumb Code     0  startup_stm32l1xx_md.o(.text)
    TIM4_IRQHandler                          0x08000123   Thumb Code     0  startup_stm32l1xx_md.o(.text)
    TIM6_IRQHandler                          0x08000123   Thumb Code     0  startup_stm32l1xx_md.o(.text)
    TIM7_IRQHandler                          0x08000123   Thumb Code     0  startup_stm32l1xx_md.o(.text)
    TIM9_IRQHandler                          0x08000123   Thumb Code     0  startup_stm32l1xx_md.o(.text)
    USART2_IRQHandler                        0x08000123   Thumb Code     0  startup_stm32l1xx_md.o(.text)
    USART3_IRQHandler                        0x08000123   Thumb Code     0  startup_stm32l1xx_md.o(.text)
    USB_FS_WKUP_IRQHandler                   0x08000123   Thumb Code     0  startup_stm32l1xx_md.o(.text)
    USB_HP_IRQHandler                        0x08000123   Thumb Code     0  startup_stm32l1xx_md.o(.text)
    USB_LP_IRQHandler                        0x08000123   Thumb Code     0  startup_stm32l1xx_md.o(.text)
    WWDG_IRQHandler                          0x08000123   Thumb Code     0  startup_stm32l1xx_md.o(.text)
    __aeabi_memcpy                           0x0800012d   Thumb Code    36  memcpya.o(.text)
    __aeabi_memcpy4                          0x0800012d   Thumb Code     0  memcpya.o(.text)
    __aeabi_memcpy8                          0x0800012d   Thumb Code     0  memcpya.o(.text)
    __aeabi_memset                           0x08000151   Thumb Code    14  memseta.o(.text)
    __aeabi_memset4                          0x08000151   Thumb Code     0  memseta.o(.text)
    __aeabi_memset8                          0x08000151   Thumb Code     0  memseta.o(.text)
    __aeabi_memclr                           0x0800015f   Thumb Code     4  memseta.o(.text)
    __aeabi_memclr4                          0x0800015f   Thumb Code     0  memseta.o(.text)
    __aeabi_memclr8                          0x0800015f   Thumb Code     0  memseta.o(.text)
    _memset$wrapper                          0x08000163   Thumb Code    18  memseta.o(.text)
    strncmp                                  0x08000175   Thumb Code    30  strncmp.o(.text)
    __aeabi_dadd                             0x08000193   Thumb Code   322  dadd.o(.text)
    __aeabi_dsub                             0x080002d5   Thumb Code     6  dadd.o(.text)
    __aeabi_drsub                            0x080002db   Thumb Code     6  dadd.o(.text)
    __aeabi_dmul                             0x080002e1   Thumb Code   228  dmul.o(.text)
    __aeabi_ddiv                             0x080003c5   Thumb Code   222  ddiv.o(.text)
    __ARM_scalbn                             0x080004a3   Thumb Code    46  dscalb.o(.text)
    scalbn                                   0x080004a3   Thumb Code     0  dscalb.o(.text)
    __aeabi_i2d                              0x080004d1   Thumb Code    34  dflti.o(.text)
    __aeabi_ui2d                             0x080004f3   Thumb Code    26  dfltui.o(.text)
    __aeabi_ul2d                             0x0800050d   Thumb Code    24  dfltul.o(.text)
    __aeabi_d2iz                             0x08000525   Thumb Code    62  dfixi.o(.text)
    __aeabi_d2uiz                            0x08000563   Thumb Code    50  dfixui.o(.text)
    __aeabi_d2ulz                            0x08000595   Thumb Code    48  dfixul.o(.text)
    __aeabi_cdcmpeq                          0x080005c5   Thumb Code     0  cdcmple.o(.text)
    __aeabi_cdcmple                          0x080005c5   Thumb Code    48  cdcmple.o(.text)
    __aeabi_cdrcmple                         0x080005f5   Thumb Code    48  cdrcmple.o(.text)
    __aeabi_llsl                             0x08000625   Thumb Code    30  llshl.o(.text)
    _ll_shift_l                              0x08000625   Thumb Code     0  llshl.o(.text)
    __aeabi_llsr                             0x08000643   Thumb Code    32  llushr.o(.text)
    _ll_ushift_r                             0x08000643   Thumb Code     0  llushr.o(.text)
    __aeabi_lasr                             0x08000663   Thumb Code    36  llsshr.o(.text)
    _ll_sshift_r                             0x08000663   Thumb Code     0  llsshr.o(.text)
    __I$use$fp                               0x08000687   Thumb Code     0  iusefp.o(.text)
    _double_round                            0x08000687   Thumb Code    30  depilogue.o(.text)
    _double_epilogue                         0x080006a5   Thumb Code   156  depilogue.o(.text)
    _drnd                                    0x08000741   Thumb Code   132  drnd.o(.text)
    __scatterload                            0x080007c9   Thumb Code    28  init.o(.text)
    __scatterload_rt2                        0x080007c9   Thumb Code     0  init.o(.text)
    ADC_CommonInit                           0x080007ed   Thumb Code    16  stm32l1xx_adc.o(i.ADC_CommonInit)
    ADC_DeInit                               0x08000801   Thumb Code    32  stm32l1xx_adc.o(i.ADC_DeInit)
    ADC_DelaySelectionConfig                 0x08000825   Thumb Code    12  stm32l1xx_adc.o(i.ADC_DelaySelectionConfig)
    ADC_Init                                 0x08000831   Thumb Code    66  stm32l1xx_adc.o(i.ADC_Init)
    ADC_StructInit                           0x0800087d   Thumb Code    24  stm32l1xx_adc.o(i.ADC_StructInit)
    AdcInit                                  0x08000895   Thumb Code    38  adc.o(i.AdcInit)
    AdcMcuFormat                             0x080008c1   Thumb Code   212  adc-board.o(i.AdcMcuFormat)
    AdcMcuInit                               0x08000999   Thumb Code    34  adc-board.o(i.AdcMcuInit)
    BlockLowPowerDuringTask                  0x080009c1   Thumb Code    18  rtc-board.o(i.BlockLowPowerDuringTask)
    BoardDeInitMcu                           0x080009d9   Thumb Code    98  board.o(i.BoardDeInitMcu)
    BoardInitMcu                             0x08000a49   Thumb Code   114  board.o(i.BoardInitMcu)
    BoardInitPeriph                          0x08000acd   Thumb Code   328  board.o(i.BoardInitPeriph)
    BusFault_Handler                         0x08000ceb   Thumb Code     2  sysirqhandlers.o(i.BusFault_Handler)
    DBGMCU_Config                            0x08000ced   Thumb Code    22  stm32l1xx_dbgmcu.o(i.DBGMCU_Config)
    DebugMon_Handler                         0x08000d09   Thumb Code     2  sysirqhandlers.o(i.DebugMon_Handler)
    DelayMs                                  0x08000d0b   Thumb Code    30  delay.o(i.DelayMs)
    EXTI0_IRQHandler                         0x08000d29   Thumb Code    42  gpio-board.o(i.EXTI0_IRQHandler)
    EXTI15_10_IRQHandler                     0x08000d59   Thumb Code   166  gpio-board.o(i.EXTI15_10_IRQHandler)
    EXTI1_IRQHandler                         0x08000e05   Thumb Code    42  gpio-board.o(i.EXTI1_IRQHandler)
    EXTI2_IRQHandler                         0x08000e35   Thumb Code    42  gpio-board.o(i.EXTI2_IRQHandler)
    EXTI3_IRQHandler                         0x08000e65   Thumb Code    42  gpio-board.o(i.EXTI3_IRQHandler)
    EXTI4_IRQHandler                         0x08000e95   Thumb Code    42  gpio-board.o(i.EXTI4_IRQHandler)
    EXTI9_5_IRQHandler                       0x08000ec5   Thumb Code   130  gpio-board.o(i.EXTI9_5_IRQHandler)
    EXTI_ClearITPendingBit                   0x08000f4d   Thumb Code     6  stm32l1xx_exti.o(i.EXTI_ClearITPendingBit)
    EXTI_GetITStatus                         0x08000f59   Thumb Code    16  stm32l1xx_exti.o(i.EXTI_GetITStatus)
    EXTI_Init                                0x08000f6d   Thumb Code   110  stm32l1xx_exti.o(i.EXTI_Init)
    FifoInit                                 0x08000fe1   Thumb Code    12  fifo.o(i.FifoInit)
    FifoPop                                  0x08000ffd   Thumb Code    30  fifo.o(i.FifoPop)
    FifoPush                                 0x0800101b   Thumb Code    22  fifo.o(i.FifoPush)
    GPIO_Init                                0x08001031   Thumb Code   122  stm32l1xx_gpio.o(i.GPIO_Init)
    GPIO_PinAFConfig                         0x080010ab   Thumb Code    32  stm32l1xx_gpio.o(i.GPIO_PinAFConfig)
    GPIO_ReadInputDataBit                    0x080010cb   Thumb Code    14  stm32l1xx_gpio.o(i.GPIO_ReadInputDataBit)
    GPIO_ResetBits                           0x080010d9   Thumb Code     4  stm32l1xx_gpio.o(i.GPIO_ResetBits)
    GPIO_SetBits                             0x080010dd   Thumb Code     4  stm32l1xx_gpio.o(i.GPIO_SetBits)
    GpioInit                                 0x0800110d   Thumb Code    34  gpio.o(i.GpioInit)
    GpioIoeInit                              0x0800112f   Thumb Code   172  gpio-ioe.o(i.GpioIoeInit)
    GpioIoeRead                              0x080011db   Thumb Code    58  gpio-ioe.o(i.GpioIoeRead)
    GpioIoeSetInterrupt                      0x08001215   Thumb Code     2  gpio-ioe.o(i.GpioIoeSetInterrupt)
    GpioIoeWrite                             0x08001217   Thumb Code    80  gpio-ioe.o(i.GpioIoeWrite)
    GpioMcuInit                              0x08001269   Thumb Code   124  gpio-board.o(i.GpioMcuInit)
    GpioMcuRead                              0x080012ed   Thumb Code    26  gpio-board.o(i.GpioMcuRead)
    GpioMcuSetInterrupt                      0x08001309   Thumb Code   242  gpio-board.o(i.GpioMcuSetInterrupt)
    GpioMcuWrite                             0x08001401   Thumb Code    38  gpio-board.o(i.GpioMcuWrite)
    GpioRead                                 0x08001427   Thumb Code    20  gpio.o(i.GpioRead)
    GpioSetInterrupt                         0x0800143b   Thumb Code    26  gpio.o(i.GpioSetInterrupt)
    GpioWrite                                0x08001455   Thumb Code    20  gpio.o(i.GpioWrite)
    GpsConvertPositionFromStringToNumerical  0x08001469   Thumb Code   584  gps.o(i.GpsConvertPositionFromStringToNumerical)
    GpsConvertPositionIntoBinary             0x080016d1   Thumb Code   154  gps.o(i.GpsConvertPositionIntoBinary)
    GpsFormatGpsData                         0x0800177d   Thumb Code    14  gps.o(i.GpsFormatGpsData)
    GpsInit                                  0x0800178d   Thumb Code    10  gps.o(i.GpsInit)
    GpsMcuInit                               0x0800179d   Thumb Code    68  gps-board.o(i.GpsMcuInit)
    GpsMcuIrqNotify                          0x080017fd   Thumb Code    76  gps-board.o(i.GpsMcuIrqNotify)
    GpsMcuOnPpsSignal                        0x08001855   Thumb Code    54  gps-board.o(i.GpsMcuOnPpsSignal)
    GpsNmeaChecksum                          0x08001891   Thumb Code    78  gps.o(i.GpsNmeaChecksum)
    GpsParseGpsData                          0x08001921   Thumb Code  1168  gps.o(i.GpsParseGpsData)
    GpsPpsHandler                            0x08001db1   Thumb Code    36  gps.o(i.GpsPpsHandler)
    I2C_AcknowledgeConfig                    0x08001dd9   Thumb Code    24  stm32l1xx_i2c.o(i.I2C_AcknowledgeConfig)
    I2C_CheckEvent                           0x08001df1   Thumb Code    24  stm32l1xx_i2c.o(i.I2C_CheckEvent)
    I2C_Cmd                                  0x08001e09   Thumb Code    24  stm32l1xx_i2c.o(i.I2C_Cmd)
    I2C_DeInit                               0x08001e21   Thumb Code    52  stm32l1xx_i2c.o(i.I2C_DeInit)
    I2C_GenerateSTART                        0x08001e59   Thumb Code    24  stm32l1xx_i2c.o(i.I2C_GenerateSTART)
    I2C_GenerateSTOP                         0x08001e71   Thumb Code    24  stm32l1xx_i2c.o(i.I2C_GenerateSTOP)
    I2C_GetFlagStatus                        0x08001e89   Thumb Code    50  stm32l1xx_i2c.o(i.I2C_GetFlagStatus)
    I2C_Init                                 0x08001ebd   Thumb Code   178  stm32l1xx_i2c.o(i.I2C_Init)
    I2C_ReceiveData                          0x08001f79   Thumb Code     6  stm32l1xx_i2c.o(i.I2C_ReceiveData)
    I2C_Send7bitAddress                      0x08001f7f   Thumb Code    18  stm32l1xx_i2c.o(i.I2C_Send7bitAddress)
    I2C_SendData                             0x08001f91   Thumb Code     4  stm32l1xx_i2c.o(i.I2C_SendData)
    I2cDeInit                                0x08001f95   Thumb Code    10  i2c.o(i.I2cDeInit)
    I2cInit                                  0x08001fa5   Thumb Code    42  i2c.o(i.I2cInit)
    I2cMcuDeInit                             0x08001fd9   Thumb Code    54  i2c-board.o(i.I2cMcuDeInit)
    I2cMcuFormat                             0x08002011   Thumb Code   140  i2c-board.o(i.I2cMcuFormat)
    I2cMcuInit                               0x080020a1   Thumb Code    94  i2c-board.o(i.I2cMcuInit)
    I2cMcuReadBuffer                         0x08002105   Thumb Code   644  i2c-board.o(i.I2cMcuReadBuffer)
    I2cMcuWriteBuffer                        0x08002399   Thumb Code   382  i2c-board.o(i.I2cMcuWriteBuffer)
    I2cReadBuffer                            0x08002525   Thumb Code    24  i2c.o(i.I2cReadBuffer)
    I2cResetBus                              0x08002541   Thumb Code    14  i2c.o(i.I2cResetBus)
    I2cWriteBuffer                           0x08002555   Thumb Code    72  i2c.o(i.I2cWriteBuffer)
    IsFifoEmpty                              0x080025a1   Thumb Code    16  fifo.o(i.IsFifoEmpty)
    IsFifoFull                               0x080025b1   Thumb Code    26  fifo.o(i.IsFifoFull)
    MAG3110Init                              0x080025cd   Thumb Code    50  mag3110.o(i.MAG3110Init)
    MAG3110Read                              0x08002605   Thumb Code     6  mag3110.o(i.MAG3110Read)
    MAG3110ReadBuffer                        0x0800260d   Thumb Code    24  mag3110.o(i.MAG3110ReadBuffer)
    MAG3110Reset                             0x0800262d   Thumb Code    22  mag3110.o(i.MAG3110Reset)
    MAG3110SetDeviceAddr                     0x08002645   Thumb Code     6  mag3110.o(i.MAG3110SetDeviceAddr)
    MAG3110Write                             0x08002651   Thumb Code    12  mag3110.o(i.MAG3110Write)
    MAG3110WriteBuffer                       0x0800265d   Thumb Code    24  mag3110.o(i.MAG3110WriteBuffer)
    MMA8451Init                              0x0800267d   Thumb Code    50  mma8451.o(i.MMA8451Init)
    MMA8451Read                              0x080026b5   Thumb Code     6  mma8451.o(i.MMA8451Read)
    MMA8451ReadBuffer                        0x080026bd   Thumb Code    24  mma8451.o(i.MMA8451ReadBuffer)
    MMA8451Reset                             0x080026dd   Thumb Code    22  mma8451.o(i.MMA8451Reset)
    MMA8451SetDeviceAddr                     0x080026f5   Thumb Code     6  mma8451.o(i.MMA8451SetDeviceAddr)
    MMA8451Write                             0x08002701   Thumb Code    12  mma8451.o(i.MMA8451Write)
    MMA8451WriteBuffer                       0x0800270d   Thumb Code    24  mma8451.o(i.MMA8451WriteBuffer)
    MPL3115Init                              0x0800272d   Thumb Code   118  mpl3115.o(i.MPL3115Init)
    MPL3115Read                              0x080027a9   Thumb Code     6  mpl3115.o(i.MPL3115Read)
    MPL3115ReadBuffer                        0x080027b1   Thumb Code    24  mpl3115.o(i.MPL3115ReadBuffer)
    MPL3115Reset                             0x080027d1   Thumb Code    22  mpl3115.o(i.MPL3115Reset)
    MPL3115SetDeviceAddr                     0x080027e9   Thumb Code     6  mpl3115.o(i.MPL3115SetDeviceAddr)
    MPL3115SetModeActive                     0x080027f5   Thumb Code    32  mpl3115.o(i.MPL3115SetModeActive)
    MPL3115Write                             0x08002815   Thumb Code    12  mpl3115.o(i.MPL3115Write)
    MPL3115WriteBuffer                       0x08002821   Thumb Code    24  mpl3115.o(i.MPL3115WriteBuffer)
    MemManage_Handler                        0x08002841   Thumb Code     2  sysirqhandlers.o(i.MemManage_Handler)
    NMI_Handler                              0x08002843   Thumb Code     2  sysirqhandlers.o(i.NMI_Handler)
    NVIC_Init                                0x08002845   Thumb Code    98  misc.o(i.NVIC_Init)
    NVIC_PriorityGroupConfig                 0x080028ad   Thumb Code    10  misc.o(i.NVIC_PriorityGroupConfig)
    Nibble2HexChar                           0x080028c1   Thumb Code    24  utilities.o(i.Nibble2HexChar)
    OnRxDone                                 0x080028d9   Thumb Code    44  main.o(i.OnRxDone)
    OnRxError                                0x08002911   Thumb Code    16  main.o(i.OnRxError)
    OnRxTimeout                              0x08002929   Thumb Code    16  main.o(i.OnRxTimeout)
    OnTxDone                                 0x08002941   Thumb Code    16  main.o(i.OnTxDone)
    OnTxTimeout                              0x08002959   Thumb Code    16  main.o(i.OnTxTimeout)
    PWR_EnterSTOPMode                        0x08002971   Thumb Code    42  stm32l1xx_pwr.o(i.PWR_EnterSTOPMode)
    PWR_FastWakeUpCmd                        0x080029a5   Thumb Code     6  stm32l1xx_pwr.o(i.PWR_FastWakeUpCmd)
    PWR_PVDCmd                               0x080029b1   Thumb Code     6  stm32l1xx_pwr.o(i.PWR_PVDCmd)
    PWR_RTCAccessCmd                         0x080029bd   Thumb Code     6  stm32l1xx_pwr.o(i.PWR_RTCAccessCmd)
    PWR_UltraLowPowerCmd                     0x080029c9   Thumb Code     6  stm32l1xx_pwr.o(i.PWR_UltraLowPowerCmd)
    RCC_AHBPeriphClockCmd                    0x080029d5   Thumb Code    22  stm32l1xx_rcc.o(i.RCC_AHBPeriphClockCmd)
    RCC_APB1PeriphClockCmd                   0x080029f1   Thumb Code    22  stm32l1xx_rcc.o(i.RCC_APB1PeriphClockCmd)
    RCC_APB1PeriphResetCmd                   0x08002a0d   Thumb Code    22  stm32l1xx_rcc.o(i.RCC_APB1PeriphResetCmd)
    RCC_APB2PeriphClockCmd                   0x08002a29   Thumb Code    22  stm32l1xx_rcc.o(i.RCC_APB2PeriphClockCmd)
    RCC_APB2PeriphResetCmd                   0x08002a45   Thumb Code    22  stm32l1xx_rcc.o(i.RCC_APB2PeriphResetCmd)
    RCC_GetClocksFreq                        0x08002a61   Thumb Code   178  stm32l1xx_rcc.o(i.RCC_GetClocksFreq)
    RCC_GetFlagStatus                        0x08002b21   Thumb Code    38  stm32l1xx_rcc.o(i.RCC_GetFlagStatus)
    RCC_GetSYSCLKSource                      0x08002b4d   Thumb Code    10  stm32l1xx_rcc.o(i.RCC_GetSYSCLKSource)
    RCC_HSEConfig                            0x08002b5d   Thumb Code    10  stm32l1xx_rcc.o(i.RCC_HSEConfig)
    RCC_HSICmd                               0x08002b6d   Thumb Code     6  stm32l1xx_rcc.o(i.RCC_HSICmd)
    RCC_LSEConfig                            0x08002b79   Thumb Code    10  stm32l1xx_rcc.o(i.RCC_LSEConfig)
    RCC_PLLCmd                               0x08002b89   Thumb Code     6  stm32l1xx_rcc.o(i.RCC_PLLCmd)
    RCC_RTCCLKCmd                            0x08002b95   Thumb Code     6  stm32l1xx_rcc.o(i.RCC_RTCCLKCmd)
    RCC_RTCCLKConfig                         0x08002ba1   Thumb Code    48  stm32l1xx_rcc.o(i.RCC_RTCCLKConfig)
    RCC_RTCResetCmd                          0x08002bd5   Thumb Code     6  stm32l1xx_rcc.o(i.RCC_RTCResetCmd)
    RCC_SYSCLKConfig                         0x08002be1   Thumb Code    14  stm32l1xx_rcc.o(i.RCC_SYSCLKConfig)
    RTC_AlarmCmd                             0x08002bf5   Thumb Code    88  stm32l1xx_rtc.o(i.RTC_AlarmCmd)
    RTC_Alarm_IRQHandler                     0x08002c51   Thumb Code    42  rtc-board.o(i.RTC_Alarm_IRQHandler)
    RTC_ClearFlag                            0x08002ca5   Thumb Code    24  stm32l1xx_rtc.o(i.RTC_ClearFlag)
    RTC_ClearITPendingBit                    0x08002cc1   Thumb Code    24  stm32l1xx_rtc.o(i.RTC_ClearITPendingBit)
    RTC_DateStructInit                       0x08002cdd   Thumb Code    14  stm32l1xx_rtc.o(i.RTC_DateStructInit)
    RTC_EnterInitMode                        0x08002ced   Thumb Code    62  stm32l1xx_rtc.o(i.RTC_EnterInitMode)
    RTC_ExitInitMode                         0x08002d31   Thumb Code    12  stm32l1xx_rtc.o(i.RTC_ExitInitMode)
    RTC_GetDate                              0x08002d41   Thumb Code    64  stm32l1xx_rtc.o(i.RTC_GetDate)
    RTC_GetITStatus                          0x08002d89   Thumb Code    58  stm32l1xx_rtc.o(i.RTC_GetITStatus)
    RTC_GetTime                              0x08002dc9   Thumb Code    68  stm32l1xx_rtc.o(i.RTC_GetTime)
    RTC_ITConfig                             0x08002e15   Thumb Code    64  stm32l1xx_rtc.o(i.RTC_ITConfig)
    RTC_Init                                 0x08002e59   Thumb Code    74  stm32l1xx_rtc.o(i.RTC_Init)
    RTC_SetAlarm                             0x08002ea9   Thumb Code   184  stm32l1xx_rtc.o(i.RTC_SetAlarm)
    RTC_SetDate                              0x08002f65   Thumb Code   156  stm32l1xx_rtc.o(i.RTC_SetDate)
    RTC_SetTime                              0x08003009   Thumb Code   160  stm32l1xx_rtc.o(i.RTC_SetTime)
    RTC_TimeStructInit                       0x080030b1   Thumb Code    12  stm32l1xx_rtc.o(i.RTC_TimeStructInit)
    RTC_WaitForSynchro                       0x080030bd   Thumb Code    70  stm32l1xx_rtc.o(i.RTC_WaitForSynchro)
    RtcDelayMs                               0x08003129   Thumb Code    46  rtc-board.o(i.RtcDelayMs)
    RtcEnterLowPowerStopMode                 0x08003159   Thumb Code    52  rtc-board.o(i.RtcEnterLowPowerStopMode)
    RtcGetMinimumTimeout                     0x080032a5   Thumb Code     6  rtc-board.o(i.RtcGetMinimumTimeout)
    RtcGetTimerElapsedTime                   0x080032ad   Thumb Code    48  rtc-board.o(i.RtcGetTimerElapsedTime)
    RtcGetTimerValue                         0x080032e9   Thumb Code    32  rtc-board.o(i.RtcGetTimerValue)
    RtcInit                                  0x08003311   Thumb Code    24  rtc-board.o(i.RtcInit)
    RtcRecoverMcuStatus                      0x0800332d   Thumb Code    88  rtc-board.o(i.RtcRecoverMcuStatus)
    RtcSetTimeout                            0x08003461   Thumb Code    66  rtc-board.o(i.RtcSetTimeout)
    SPI_Cmd                                  0x0800364d   Thumb Code    24  stm32l1xx_spi.o(i.SPI_Cmd)
    SPI_I2S_DeInit                           0x08003665   Thumb Code    88  stm32l1xx_spi.o(i.SPI_I2S_DeInit)
    SPI_I2S_GetFlagStatus                    0x080036c9   Thumb Code    14  stm32l1xx_spi.o(i.SPI_I2S_GetFlagStatus)
    SPI_I2S_ReceiveData                      0x080036d7   Thumb Code     4  stm32l1xx_spi.o(i.SPI_I2S_ReceiveData)
    SPI_I2S_SendData                         0x080036db   Thumb Code     4  stm32l1xx_spi.o(i.SPI_I2S_SendData)
    SPI_Init                                 0x080036df   Thumb Code    56  stm32l1xx_spi.o(i.SPI_Init)
    SPI_StructInit                           0x08003717   Thumb Code    24  stm32l1xx_spi.o(i.SPI_StructInit)
    SX1272AntSwDeInit                        0x08003731   Thumb Code    40  sx1272-board.o(i.SX1272AntSwDeInit)
    SX1272AntSwInit                          0x0800375d   Thumb Code    42  sx1272-board.o(i.SX1272AntSwInit)
    SX1272CheckRfFrequency                   0x0800378d   Thumb Code     4  sx1272-board.o(i.SX1272CheckRfFrequency)
    SX1272GetPaSelect                        0x08003791   Thumb Code     4  sx1272-board.o(i.SX1272GetPaSelect)
    SX1272GetStatus                          0x08003795   Thumb Code     8  sx1272.o(i.SX1272GetStatus)
    SX1272GetTimeOnAir                       0x080037a1   Thumb Code   492  sx1272.o(i.SX1272GetTimeOnAir)
    SX1272Init                               0x080039b5   Thumb Code   102  sx1272.o(i.SX1272Init)
    SX1272IoDeInit                           0x08003a2d   Thumb Code   132  sx1272-board.o(i.SX1272IoDeInit)
    SX1272IoInit                             0x08003ab5   Thumb Code   132  sx1272-board.o(i.SX1272IoInit)
    SX1272IoIrqInit                          0x08003b3d   Thumb Code    90  sx1272-board.o(i.SX1272IoIrqInit)
    SX1272IsChannelFree                      0x08003b9d   Thumb Code    56  sx1272.o(i.SX1272IsChannelFree)
    SX1272OnDio0Irq                          0x08003bd5   Thumb Code   570  sx1272.o(i.SX1272OnDio0Irq)
    SX1272OnDio1Irq                          0x08003e21   Thumb Code   208  sx1272.o(i.SX1272OnDio1Irq)
    SX1272OnDio2Irq                          0x08003ef9   Thumb Code   220  sx1272.o(i.SX1272OnDio2Irq)
    SX1272OnDio3Irq                          0x08003fe5   Thumb Code    86  sx1272.o(i.SX1272OnDio3Irq)
    SX1272OnDio4Irq                          0x08004045   Thumb Code    26  sx1272.o(i.SX1272OnDio4Irq)
    SX1272OnTimeoutIrq                       0x08004065   Thumb Code   130  sx1272.o(i.SX1272OnTimeoutIrq)
    SX1272Random                             0x080040f5   Thumb Code    62  sx1272.o(i.SX1272Random)
    SX1272Read                               0x08004133   Thumb Code    16  sx1272.o(i.SX1272Read)
    SX1272ReadBuffer                         0x08004145   Thumb Code    68  sx1272.o(i.SX1272ReadBuffer)
    SX1272ReadFifo                           0x0800418d   Thumb Code    10  sx1272.o(i.SX1272ReadFifo)
    SX1272ReadRssi                           0x08004197   Thumb Code    38  sx1272.o(i.SX1272ReadRssi)
    SX1272Reset                              0x080041bd   Thumb Code    54  sx1272.o(i.SX1272Reset)
    SX1272Send                               0x080041f9   Thumb Code   242  sx1272.o(i.SX1272Send)
    SX1272SetAntSw                           0x080042f5   Thumb Code    64  sx1272-board.o(i.SX1272SetAntSw)
    SX1272SetAntSwLowPower                   0x0800433d   Thumb Code    22  sx1272-board.o(i.SX1272SetAntSwLowPower)
    SX1272SetChannel                         0x08004359   Thumb Code    58  sx1272.o(i.SX1272SetChannel)
    SX1272SetMaxPayloadLength                0x0800439d   Thumb Code    54  sx1272.o(i.SX1272SetMaxPayloadLength)
    SX1272SetModem                           0x080043d9   Thumb Code   114  sx1272.o(i.SX1272SetModem)
    SX1272SetOpMode                          0x08004451   Thumb Code    72  sx1272.o(i.SX1272SetOpMode)
    SX1272SetRx                              0x0800449d   Thumb Code   424  sx1272.o(i.SX1272SetRx)
    SX1272SetRxConfig                        0x0800465d   Thumb Code   546  sx1272.o(i.SX1272SetRxConfig)
    SX1272SetSleep                           0x08004889   Thumb Code    34  sx1272.o(i.SX1272SetSleep)
    SX1272SetStby                            0x080048b1   Thumb Code    34  sx1272.o(i.SX1272SetStby)
    SX1272SetTx                              0x080048d9   Thumb Code   166  sx1272.o(i.SX1272SetTx)
    SX1272SetTxConfig                        0x08004985   Thumb Code   704  sx1272.o(i.SX1272SetTxConfig)
    SX1272StartCad                           0x08004c51   Thumb Code    58  sx1272.o(i.SX1272StartCad)
    SX1272Write                              0x08004c91   Thumb Code    12  sx1272.o(i.SX1272Write)
    SX1272WriteBuffer                        0x08004c9d   Thumb Code    66  sx1272.o(i.SX1272WriteBuffer)
    SX1272WriteFifo                          0x08004ce5   Thumb Code    10  sx1272.o(i.SX1272WriteFifo)
    SX1509Init                               0x08004cf1   Thumb Code    30  sx1509.o(i.SX1509Init)
    SX1509Read                               0x08004d15   Thumb Code     6  sx1509.o(i.SX1509Read)
    SX1509ReadBuffer                         0x08004d1d   Thumb Code    24  sx1509.o(i.SX1509ReadBuffer)
    SX1509Reset                              0x08004d3d   Thumb Code    34  sx1509.o(i.SX1509Reset)
    SX1509SetDeviceAddr                      0x08004d61   Thumb Code     6  sx1509.o(i.SX1509SetDeviceAddr)
    SX1509Write                              0x08004d6d   Thumb Code    12  sx1509.o(i.SX1509Write)
    SX1509WriteBuffer                        0x08004d79   Thumb Code    24  sx1509.o(i.SX1509WriteBuffer)
    SX9500Init                               0x08004d99   Thumb Code    50  sx9500.o(i.SX9500Init)
    SX9500Read                               0x08004dd1   Thumb Code     6  sx9500.o(i.SX9500Read)
    SX9500ReadBuffer                         0x08004dd9   Thumb Code    24  sx9500.o(i.SX9500ReadBuffer)
    SX9500Reset                              0x08004df9   Thumb Code    22  sx9500.o(i.SX9500Reset)
    SX9500SetDeviceAddr                      0x08004e11   Thumb Code     6  sx9500.o(i.SX9500SetDeviceAddr)
    SX9500Write                              0x08004e1d   Thumb Code    12  sx9500.o(i.SX9500Write)
    SX9500WriteBuffer                        0x08004e29   Thumb Code    24  sx9500.o(i.SX9500WriteBuffer)
    SYSCFG_EXTILineConfig                    0x08004e49   Thumb Code    34  stm32l1xx_syscfg.o(i.SYSCFG_EXTILineConfig)
    SpiDeInit                                0x08004f3d   Thumb Code   104  spi-board.o(i.SpiDeInit)
    SpiFormat                                0x08004fa5   Thumb Code   118  spi-board.o(i.SpiFormat)
    SpiFrequency                             0x08005021   Thumb Code   104  spi-board.o(i.SpiFrequency)
    SpiInOut                                 0x08005091   Thumb Code    58  spi-board.o(i.SpiInOut)
    SpiInit                                  0x080050cd   Thumb Code   236  spi-board.o(i.SpiInit)
    SystemInit                               0x080051c5   Thumb Code    68  system_stm32l1xx.o(i.SystemInit)
    TIM2_IRQHandler                          0x08005219   Thumb Code    56  timer-board.o(i.TIM2_IRQHandler)
    TIM3_IRQHandler                          0x08005255   Thumb Code    34  timer-board.o(i.TIM3_IRQHandler)
    TIM_ClearITPendingBit                    0x0800527d   Thumb Code     6  stm32l1xx_tim.o(i.TIM_ClearITPendingBit)
    TIM_Cmd                                  0x08005283   Thumb Code    24  stm32l1xx_tim.o(i.TIM_Cmd)
    TIM_GetITStatus                          0x0800529b   Thumb Code    24  stm32l1xx_tim.o(i.TIM_GetITStatus)
    TIM_ITConfig                             0x080052b3   Thumb Code    20  stm32l1xx_tim.o(i.TIM_ITConfig)
    TIM_TimeBaseInit                         0x080052c9   Thumb Code    70  stm32l1xx_tim.o(i.TIM_TimeBaseInit)
    TimerGetLowPowerEnable                   0x08005341   Thumb Code     6  timer.o(i.TimerGetLowPowerEnable)
    TimerGetValue                            0x0800534d   Thumb Code    24  timer.o(i.TimerGetValue)
    TimerHwDelayMs                           0x08005369   Thumb Code    26  timer-board.o(i.TimerHwDelayMs)
    TimerHwEnterLowPowerStopMode             0x08005383   Thumb Code     2  timer-board.o(i.TimerHwEnterLowPowerStopMode)
    TimerHwGetDelayValue                     0x08005385   Thumb Code    10  timer-board.o(i.TimerHwGetDelayValue)
    TimerHwGetElapsedTime                    0x08005395   Thumb Code    42  timer-board.o(i.TimerHwGetElapsedTime)
    TimerHwGetMinimumTimeout                 0x080053c5   Thumb Code     4  timer-board.o(i.TimerHwGetMinimumTimeout)
    TimerHwGetTimerValue                     0x080053c9   Thumb Code    12  timer-board.o(i.TimerHwGetTimerValue)
    TimerHwInit                              0x080053d9   Thumb Code   194  timer-board.o(i.TimerHwInit)
    TimerHwStart                             0x080054a5   Thumb Code    50  timer-board.o(i.TimerHwStart)
    TimerIncrementDelayCounter               0x080054dd   Thumb Code    14  timer-board.o(i.TimerIncrementDelayCounter)
    TimerIncrementTickCounter                0x080054f1   Thumb Code    22  timer-board.o(i.TimerIncrementTickCounter)
    TimerInit                                0x0800550d   Thumb Code    14  timer.o(i.TimerInit)
    TimerIrqHandler                          0x080055a1   Thumb Code    80  timer.o(i.TimerIrqHandler)
    TimerLowPowerHandler                     0x080055f5   Thumb Code    44  timer.o(i.TimerLowPowerHandler)
    TimerSetLowPowerEnable                   0x08005625   Thumb Code     6  timer.o(i.TimerSetLowPowerEnable)
    TimerSetValue                            0x0800564d   Thumb Code    40  timer.o(i.TimerSetValue)
    TimerStart                               0x08005679   Thumb Code    94  timer.o(i.TimerStart)
    TimerStop                                0x080056dd   Thumb Code   138  timer.o(i.TimerStop)
    USART1_IRQHandler                        0x0800576d   Thumb Code   148  uart-board.o(i.USART1_IRQHandler)
    USART_Cmd                                0x08005809   Thumb Code    24  stm32l1xx_usart.o(i.USART_Cmd)
    USART_DeInit                             0x08005821   Thumb Code   144  stm32l1xx_usart.o(i.USART_DeInit)
    USART_GetITStatus                        0x080058c5   Thumb Code    64  stm32l1xx_usart.o(i.USART_GetITStatus)
    USART_ITConfig                           0x08005905   Thumb Code    54  stm32l1xx_usart.o(i.USART_ITConfig)
    USART_Init                               0x0800593d   Thumb Code   174  stm32l1xx_usart.o(i.USART_Init)
    USART_ReceiveData                        0x080059f1   Thumb Code     8  stm32l1xx_usart.o(i.USART_ReceiveData)
    USART_SendData                           0x080059f9   Thumb Code     8  stm32l1xx_usart.o(i.USART_SendData)
    UartConfig                               0x08005a01   Thumb Code    34  uart.o(i.UartConfig)
    UartDeInit                               0x08005a23   Thumb Code    16  uart.o(i.UartDeInit)
    UartGetChar                              0x08005a33   Thumb Code    14  uart.o(i.UartGetChar)
    UartInit                                 0x08005a41   Thumb Code    26  uart.o(i.UartInit)
    UartMcuConfig                            0x08005a5d   Thumb Code   302  uart-board.o(i.UartMcuConfig)
    UartMcuDeInit                            0x08005b91   Thumb Code    52  uart-board.o(i.UartMcuDeInit)
    UartMcuGetChar                           0x08005bc9   Thumb Code    34  uart-board.o(i.UartMcuGetChar)
    UartMcuInit                              0x08005bed   Thumb Code    96  uart-board.o(i.UartMcuInit)
    UsageFault_Handler                       0x08005c51   Thumb Code     2  sysirqhandlers.o(i.UsageFault_Handler)
    __scatterload_copy                       0x08005c53   Thumb Code    14  handlers.o(i.__scatterload_copy)
    __scatterload_null                       0x08005c61   Thumb Code     2  handlers.o(i.__scatterload_null)
    __scatterload_zeroinit                   0x08005c63   Thumb Code    14  handlers.o(i.__scatterload_zeroinit)
    ceil                                     0x08005c71   Thumb Code   204  ceil.o(i.ceil)
    floor                                    0x08005d4d   Thumb Code   204  floor.o(i.floor)
    main                                     0x08005e29   Thumb Code   564  main.o(i.main)
    memcpy1                                  0x08006099   Thumb Code    18  utilities.o(i.memcpy1)
    round                                    0x080060ad   Thumb Code   136  round.o(i.round)
    PingMsg                                  0x08006140   Data           8  main.o(.constdata)
    PongMsg                                  0x08006148   Data           8  main.o(.constdata)
    Radio                                    0x08006168   Data          84  sx1272-board.o(.constdata)
    RadioRegsInit                            0x080061bc   Data          48  sx1272.o(.constdata)
    FskBandwidths                            0x080061ec   Data         176  sx1272.o(.constdata)
    NmeaDataTypeGPGGA                        0x0800629c   Data           6  gps.o(.constdata)
    NmeaDataTypeGPRMC                        0x080062a2   Data           6  gps.o(.constdata)
    Region$$Table$$Base                      0x080062a8   Number         0  anon$$obj.o(Region$$Table)
    Region$$Table$$Limit                     0x080062c8   Number         0  anon$$obj.o(Region$$Table)
    State                                    0x20000000   Data           1  main.o(.data)
    RssiValue                                0x20000001   Data           1  main.o(.data)
    SnrValue                                 0x20000002   Data           1  main.o(.data)
    BufferSize                               0x20000004   Data           2  main.o(.data)
    NmeaStringSize                           0x20000007   Data           1  gps-board.o(.data)
    I2cInternalAddrSize                      0x20000008   Data           1  i2c-board.o(.data)
    TimerDelayCounter                        0x20000028   Data           4  timer-board.o(.data)
    TimerTickCounter                         0x20000030   Data           8  timer-board.o(.data)
    TimeoutCntValue                          0x20000040   Data           8  timer-board.o(.data)
    SystemCoreClock                          0x20000048   Data           4  system_stm32l1xx.o(.data)
    PLLMulTable                              0x2000004c   Data           9  system_stm32l1xx.o(.data)
    AHBPrescTable                            0x20000055   Data          16  system_stm32l1xx.o(.data)
    Pressure                                 0x20000088   Data           4  mpl3115.o(.data)
    Altitude                                 0x2000008c   Data           4  mpl3115.o(.data)
    Temperature                              0x20000090   Data           4  mpl3115.o(.data)
    DioIrq                                   0x200000a0   Data          24  sx1272.o(.data)
    PpsDetected                              0x200000c0   Data           1  gps.o(.data)
    HasLoopedThroughMain                     0x200000e5   Data           1  timer.o(.data)
    Buffer                                   0x200000ec   Data          64  main.o(.bss)
    IrqMpl3115                               0x20000148   Data          12  board.o(.bss)
    IrqMag3110                               0x20000154   Data          12  board.o(.bss)
    GpsPowerEn                               0x20000160   Data          12  board.o(.bss)
    NcIoe3                                   0x2000016c   Data          12  board.o(.bss)
    NcIoe4                                   0x20000178   Data          12  board.o(.bss)
    NcIoe5                                   0x20000184   Data          12  board.o(.bss)
    NcIoe6                                   0x20000190   Data          12  board.o(.bss)
    NcIoe7                                   0x2000019c   Data          12  board.o(.bss)
    NIrqSx9500                               0x200001a8   Data          12  board.o(.bss)
    Irq1Mma8451                              0x200001b4   Data          12  board.o(.bss)
    Irq2Mma8451                              0x200001c0   Data          12  board.o(.bss)
    TxEnSx9500                               0x200001cc   Data          12  board.o(.bss)
    Led1                                     0x200001d8   Data          12  board.o(.bss)
    Led2                                     0x200001e4   Data          12  board.o(.bss)
    Led3                                     0x200001f0   Data          12  board.o(.bss)
    Adc                                      0x200001fc   Data          16  board.o(.bss)
    I2c                                      0x2000020c   Data          28  board.o(.bss)
    GpsPps                                   0x20000228   Data          12  board.o(.bss)
    Uart1                                    0x20000234   Data          56  board.o(.bss)
    RxBuffer                                 0x200002ac   Data         128  gps-board.o(.bss)
    NmeaString                               0x2000032c   Data         128  gps-board.o(.bss)
    SPI_InitStructure                        0x200003ac   Data          18  spi-board.o(.bss)
    AntRx                                    0x200003c0   Data          12  sx1272-board.o(.bss)
    AntTx                                    0x200003cc   Data          12  sx1272-board.o(.bss)
    SX1272                                   0x200004d8   Data         232  sx1272.o(.bss)
    TxTimeoutTimer                           0x200005c0   Data          20  sx1272.o(.bss)
    RxTimeoutTimer                           0x200005d4   Data          20  sx1272.o(.bss)
    RxTimeoutSyncWord                        0x200005e8   Data          20  sx1272.o(.bss)
    NmeaGpsData                              0x200005fc   Data          99  gps.o(.bss)
    __initial_sp                             0x20000a60   Data           0  startup_stm32l1xx_md.o(STACK)



==============================================================================

Memory Map of the image

  Image Entry point : 0x080000f5

  Load Region LR_IROM1 (Base: 0x08000000, Size: 0x000063b4, Max: 0x00020000, ABSOLUTE)

    Execution Region ER_IROM1 (Base: 0x08000000, Size: 0x000062c8, Max: 0x00020000, ABSOLUTE)

    Base Addr    Size         Type   Attr      Idx    E Section Name        Object

    0x08000000   0x000000f4   Data   RO          970    RESET               startup_stm32l1xx_md.o
    0x080000f4   0x00000000   Code   RO         4714  * .ARM.Collect$$$$00000000  mc_w.l(entry.o)
    0x080000f4   0x00000004   Code   RO         4765    .ARM.Collect$$$$00000001  mc_w.l(entry2.o)
    0x080000f8   0x00000004   Code   RO         4768    .ARM.Collect$$$$00000004  mc_w.l(entry5.o)
    0x080000fc   0x00000000   Code   RO         4770    .ARM.Collect$$$$00000008  mc_w.l(entry7b.o)
    0x080000fc   0x00000000   Code   RO         4772    .ARM.Collect$$$$0000000A  mc_w.l(entry8b.o)
    0x080000fc   0x00000008   Code   RO         4773    .ARM.Collect$$$$0000000B  mc_w.l(entry9a.o)
    0x08000104   0x00000000   Code   RO         4775    .ARM.Collect$$$$0000000D  mc_w.l(entry10a.o)
    0x08000104   0x00000000   Code   RO         4777    .ARM.Collect$$$$0000000F  mc_w.l(entry11a.o)
    0x08000104   0x00000004   Code   RO         4766    .ARM.Collect$$$$00002712  mc_w.l(entry2.o)
    0x08000108   0x00000024   Code   RO          971    .text               startup_stm32l1xx_md.o
    0x0800012c   0x00000024   Code   RO         4717    .text               mc_w.l(memcpya.o)
    0x08000150   0x00000024   Code   RO         4719    .text               mc_w.l(memseta.o)
    0x08000174   0x0000001e   Code   RO         4721    .text               mc_w.l(strncmp.o)
    0x08000192   0x0000014e   Code   RO         4733    .text               mf_w.l(dadd.o)
    0x080002e0   0x000000e4   Code   RO         4735    .text               mf_w.l(dmul.o)
    0x080003c4   0x000000de   Code   RO         4737    .text               mf_w.l(ddiv.o)
    0x080004a2   0x0000002e   Code   RO         4739    .text               mf_w.l(dscalb.o)
    0x080004d0   0x00000022   Code   RO         4745    .text               mf_w.l(dflti.o)
    0x080004f2   0x0000001a   Code   RO         4747    .text               mf_w.l(dfltui.o)
    0x0800050c   0x00000018   Code   RO         4749    .text               mf_w.l(dfltul.o)
    0x08000524   0x0000003e   Code   RO         4753    .text               mf_w.l(dfixi.o)
    0x08000562   0x00000032   Code   RO         4755    .text               mf_w.l(dfixui.o)
    0x08000594   0x00000030   Code   RO         4757    .text               mf_w.l(dfixul.o)
    0x080005c4   0x00000030   Code   RO         4759    .text               mf_w.l(cdcmple.o)
    0x080005f4   0x00000030   Code   RO         4761    .text               mf_w.l(cdrcmple.o)
    0x08000624   0x0000001e   Code   RO         4779    .text               mc_w.l(llshl.o)
    0x08000642   0x00000020   Code   RO         4781    .text               mc_w.l(llushr.o)
    0x08000662   0x00000024   Code   RO         4783    .text               mc_w.l(llsshr.o)
    0x08000686   0x00000000   Code   RO         4794    .text               mc_w.l(iusefp.o)
    0x08000686   0x000000ba   Code   RO         4797    .text               mf_w.l(depilogue.o)
    0x08000740   0x00000088   Code   RO         4799    .text               mf_w.l(drnd.o)
    0x080007c8   0x00000024   Code   RO         4801    .text               mc_w.l(init.o)
    0x080007ec   0x00000014   Code   RO         1127    i.ADC_CommonInit    stm32l1xx_adc.o
    0x08000800   0x00000024   Code   RO         1132    i.ADC_DeInit        stm32l1xx_adc.o
    0x08000824   0x0000000c   Code   RO         1133    i.ADC_DelaySelectionConfig  stm32l1xx_adc.o
    0x08000830   0x0000004c   Code   RO         1146    i.ADC_Init          stm32l1xx_adc.o
    0x0800087c   0x00000018   Code   RO         1155    i.ADC_StructInit    stm32l1xx_adc.o
    0x08000894   0x0000002c   Code   RO         4228    i.AdcInit           adc.o
    0x080008c0   0x000000d8   Code   RO          257    i.AdcMcuFormat      adc-board.o
    0x08000998   0x00000028   Code   RO          258    i.AdcMcuInit        adc-board.o
    0x080009c0   0x00000018   Code   RO          558    i.BlockLowPowerDuringTask  rtc-board.o
    0x080009d8   0x00000070   Code   RO          302    i.BoardDeInitMcu    board.o
    0x08000a48   0x00000084   Code   RO          306    i.BoardInitMcu      board.o
    0x08000acc   0x0000014c   Code   RO          307    i.BoardInitPeriph   board.o
    0x08000c18   0x000000d2   Code   RO          308    i.BoardUnusedIoInit  board.o
    0x08000cea   0x00000002   Code   RO         3487    i.BusFault_Handler  sysirqhandlers.o
    0x08000cec   0x0000001c   Code   RO         1363    i.DBGMCU_Config     stm32l1xx_dbgmcu.o
    0x08000d08   0x00000002   Code   RO         3488    i.DebugMon_Handler  sysirqhandlers.o
    0x08000d0a   0x0000001e   Code   RO         4262    i.DelayMs           delay.o
    0x08000d28   0x00000030   Code   RO          369    i.EXTI0_IRQHandler  gpio-board.o
    0x08000d58   0x000000ac   Code   RO          370    i.EXTI15_10_IRQHandler  gpio-board.o
    0x08000e04   0x00000030   Code   RO          371    i.EXTI1_IRQHandler  gpio-board.o
    0x08000e34   0x00000030   Code   RO          372    i.EXTI2_IRQHandler  gpio-board.o
    0x08000e64   0x00000030   Code   RO          373    i.EXTI3_IRQHandler  gpio-board.o
    0x08000e94   0x00000030   Code   RO          374    i.EXTI4_IRQHandler  gpio-board.o
    0x08000ec4   0x00000088   Code   RO          375    i.EXTI9_5_IRQHandler  gpio-board.o
    0x08000f4c   0x0000000c   Code   RO         1486    i.EXTI_ClearITPendingBit  stm32l1xx_exti.o
    0x08000f58   0x00000014   Code   RO         1490    i.EXTI_GetITStatus  stm32l1xx_exti.o
    0x08000f6c   0x00000074   Code   RO         1491    i.EXTI_Init         stm32l1xx_exti.o
    0x08000fe0   0x0000000c   Code   RO         4286    i.FifoInit          fifo.o
    0x08000fec   0x00000010   Code   RO         4287    i.FifoNext          fifo.o
    0x08000ffc   0x0000001e   Code   RO         4288    i.FifoPop           fifo.o
    0x0800101a   0x00000016   Code   RO         4289    i.FifoPush          fifo.o
    0x08001030   0x0000007a   Code   RO         1548    i.GPIO_Init         stm32l1xx_gpio.o
    0x080010aa   0x00000020   Code   RO         1549    i.GPIO_PinAFConfig  stm32l1xx_gpio.o
    0x080010ca   0x0000000e   Code   RO         1552    i.GPIO_ReadInputDataBit  stm32l1xx_gpio.o
    0x080010d8   0x00000004   Code   RO         1555    i.GPIO_ResetBits    stm32l1xx_gpio.o
    0x080010dc   0x00000004   Code   RO         1556    i.GPIO_SetBits      stm32l1xx_gpio.o
    0x080010e0   0x0000002c   Code   RO         4008    i.GetFskBandwidthRegValue  sx1272.o
    0x0800110c   0x00000022   Code   RO         4334    i.GpioInit          gpio.o
    0x0800112e   0x000000ac   Code   RO         3589    i.GpioIoeInit       gpio-ioe.o
    0x080011da   0x0000003a   Code   RO         3590    i.GpioIoeRead       gpio-ioe.o
    0x08001214   0x00000002   Code   RO         3591    i.GpioIoeSetInterrupt  gpio-ioe.o
    0x08001216   0x00000050   Code   RO         3592    i.GpioIoeWrite      gpio-ioe.o
    0x08001266   0x00000002   PAD
    0x08001268   0x00000084   Code   RO          376    i.GpioMcuInit       gpio-board.o
    0x080012ec   0x0000001a   Code   RO          377    i.GpioMcuRead       gpio-board.o
    0x08001306   0x00000002   PAD
    0x08001308   0x000000f8   Code   RO          379    i.GpioMcuSetInterrupt  gpio-board.o
    0x08001400   0x00000026   Code   RO          380    i.GpioMcuWrite      gpio-board.o
    0x08001426   0x00000014   Code   RO         4335    i.GpioRead          gpio.o
    0x0800143a   0x0000001a   Code   RO         4337    i.GpioSetInterrupt  gpio.o
    0x08001454   0x00000014   Code   RO         4338    i.GpioWrite         gpio.o
    0x08001468   0x00000268   Code   RO         4378    i.GpsConvertPositionFromStringToNumerical  gps.o
    0x080016d0   0x000000ac   Code   RO         4379    i.GpsConvertPositionIntoBinary  gps.o
    0x0800177c   0x0000000e   Code   RO         4380    i.GpsFormatGpsData  gps.o
    0x0800178a   0x00000002   PAD
    0x0800178c   0x00000010   Code   RO         4386    i.GpsInit           gps.o
    0x0800179c   0x00000060   Code   RO          460    i.GpsMcuInit        gps-board.o
    0x080017fc   0x00000058   Code   RO          461    i.GpsMcuIrqNotify   gps-board.o
    0x08001854   0x0000003c   Code   RO          462    i.GpsMcuOnPpsSignal  gps-board.o
    0x08001890   0x0000004e   Code   RO         4387    i.GpsNmeaChecksum   gps.o
    0x080018de   0x00000042   Code   RO         4388    i.GpsNmeaValidateChecksum  gps.o
    0x08001920   0x00000490   Code   RO         4389    i.GpsParseGpsData   gps.o
    0x08001db0   0x00000028   Code   RO         4390    i.GpsPpsHandler     gps.o
    0x08001dd8   0x00000018   Code   RO         1646    i.I2C_AcknowledgeConfig  stm32l1xx_i2c.o
    0x08001df0   0x00000018   Code   RO         1648    i.I2C_CheckEvent    stm32l1xx_i2c.o
    0x08001e08   0x00000018   Code   RO         1651    i.I2C_Cmd           stm32l1xx_i2c.o
    0x08001e20   0x00000038   Code   RO         1654    i.I2C_DeInit        stm32l1xx_i2c.o
    0x08001e58   0x00000018   Code   RO         1658    i.I2C_GenerateSTART  stm32l1xx_i2c.o
    0x08001e70   0x00000018   Code   RO         1659    i.I2C_GenerateSTOP  stm32l1xx_i2c.o
    0x08001e88   0x00000032   Code   RO         1660    i.I2C_GetFlagStatus  stm32l1xx_i2c.o
    0x08001eba   0x00000002   PAD
    0x08001ebc   0x000000bc   Code   RO         1665    i.I2C_Init          stm32l1xx_i2c.o
    0x08001f78   0x00000006   Code   RO         1670    i.I2C_ReceiveData   stm32l1xx_i2c.o
    0x08001f7e   0x00000012   Code   RO         1672    i.I2C_Send7bitAddress  stm32l1xx_i2c.o
    0x08001f90   0x00000004   Code   RO         1673    i.I2C_SendData      stm32l1xx_i2c.o
    0x08001f94   0x00000010   Code   RO         4489    i.I2cDeInit         i2c.o
    0x08001fa4   0x00000034   Code   RO         4490    i.I2cInit           i2c.o
    0x08001fd8   0x00000036   Code   RO          496    i.I2cMcuDeInit      i2c-board.o
    0x0800200e   0x00000002   PAD
    0x08002010   0x00000090   Code   RO          497    i.I2cMcuFormat      i2c-board.o
    0x080020a0   0x00000064   Code   RO          498    i.I2cMcuInit        i2c-board.o
    0x08002104   0x00000294   Code   RO          499    i.I2cMcuReadBuffer  i2c-board.o
    0x08002398   0x0000018c   Code   RO          501    i.I2cMcuWriteBuffer  i2c-board.o
    0x08002524   0x0000001c   Code   RO         4492    i.I2cReadBuffer     i2c.o
    0x08002540   0x00000014   Code   RO         4493    i.I2cResetBus       i2c.o
    0x08002554   0x0000004c   Code   RO         4495    i.I2cWriteBuffer    i2c.o
    0x080025a0   0x00000010   Code   RO         4290    i.IsFifoEmpty       fifo.o
    0x080025b0   0x0000001a   Code   RO         4291    i.IsFifoFull        fifo.o
    0x080025ca   0x00000002   PAD
    0x080025cc   0x00000038   Code   RO         3634    i.MAG3110Init       mag3110.o
    0x08002604   0x00000006   Code   RO         3635    i.MAG3110Read       mag3110.o
    0x0800260a   0x00000002   PAD
    0x0800260c   0x00000020   Code   RO         3636    i.MAG3110ReadBuffer  mag3110.o
    0x0800262c   0x00000016   Code   RO         3637    i.MAG3110Reset      mag3110.o
    0x08002642   0x00000002   PAD
    0x08002644   0x0000000c   Code   RO         3638    i.MAG3110SetDeviceAddr  mag3110.o
    0x08002650   0x0000000c   Code   RO         3639    i.MAG3110Write      mag3110.o
    0x0800265c   0x00000020   Code   RO         3640    i.MAG3110WriteBuffer  mag3110.o
    0x0800267c   0x00000038   Code   RO         3698    i.MMA8451Init       mma8451.o
    0x080026b4   0x00000006   Code   RO         3699    i.MMA8451Read       mma8451.o
    0x080026ba   0x00000002   PAD
    0x080026bc   0x00000020   Code   RO         3700    i.MMA8451ReadBuffer  mma8451.o
    0x080026dc   0x00000016   Code   RO         3701    i.MMA8451Reset      mma8451.o
    0x080026f2   0x00000002   PAD
    0x080026f4   0x0000000c   Code   RO         3702    i.MMA8451SetDeviceAddr  mma8451.o
    0x08002700   0x0000000c   Code   RO         3703    i.MMA8451Write      mma8451.o
    0x0800270c   0x00000020   Code   RO         3704    i.MMA8451WriteBuffer  mma8451.o
    0x0800272c   0x0000007c   Code   RO         3762    i.MPL3115Init       mpl3115.o
    0x080027a8   0x00000006   Code   RO         3763    i.MPL3115Read       mpl3115.o
    0x080027ae   0x00000002   PAD
    0x080027b0   0x00000020   Code   RO         3765    i.MPL3115ReadBuffer  mpl3115.o
    0x080027d0   0x00000016   Code   RO         3768    i.MPL3115Reset      mpl3115.o
    0x080027e6   0x00000002   PAD
    0x080027e8   0x0000000c   Code   RO         3769    i.MPL3115SetDeviceAddr  mpl3115.o
    0x080027f4   0x00000020   Code   RO         3770    i.MPL3115SetModeActive  mpl3115.o
    0x08002814   0x0000000c   Code   RO         3775    i.MPL3115Write      mpl3115.o
    0x08002820   0x00000020   Code   RO         3776    i.MPL3115WriteBuffer  mpl3115.o
    0x08002840   0x00000002   Code   RO         3489    i.MemManage_Handler  sysirqhandlers.o
    0x08002842   0x00000002   Code   RO         3490    i.NMI_Handler       sysirqhandlers.o
    0x08002844   0x00000068   Code   RO         1075    i.NVIC_Init         misc.o
    0x080028ac   0x00000014   Code   RO         1076    i.NVIC_PriorityGroupConfig  misc.o
    0x080028c0   0x00000018   Code   RO         3531    i.Nibble2HexChar    utilities.o
    0x080028d8   0x00000038   Code   RO            3    i.OnRxDone          main.o
    0x08002910   0x00000018   Code   RO            4    i.OnRxError         main.o
    0x08002928   0x00000018   Code   RO            5    i.OnRxTimeout       main.o
    0x08002940   0x00000018   Code   RO            6    i.OnTxDone          main.o
    0x08002958   0x00000018   Code   RO            7    i.OnTxTimeout       main.o
    0x08002970   0x00000034   Code   RO         1861    i.PWR_EnterSTOPMode  stm32l1xx_pwr.o
    0x080029a4   0x0000000c   Code   RO         1863    i.PWR_FastWakeUpCmd  stm32l1xx_pwr.o
    0x080029b0   0x0000000c   Code   RO         1865    i.PWR_PVDCmd        stm32l1xx_pwr.o
    0x080029bc   0x0000000c   Code   RO         1867    i.PWR_RTCAccessCmd  stm32l1xx_pwr.o
    0x080029c8   0x0000000c   Code   RO         1868    i.PWR_UltraLowPowerCmd  stm32l1xx_pwr.o
    0x080029d4   0x0000001c   Code   RO         1955    i.RCC_AHBPeriphClockCmd  stm32l1xx_rcc.o
    0x080029f0   0x0000001c   Code   RO         1958    i.RCC_APB1PeriphClockCmd  stm32l1xx_rcc.o
    0x08002a0c   0x0000001c   Code   RO         1960    i.RCC_APB1PeriphResetCmd  stm32l1xx_rcc.o
    0x08002a28   0x0000001c   Code   RO         1961    i.RCC_APB2PeriphClockCmd  stm32l1xx_rcc.o
    0x08002a44   0x0000001c   Code   RO         1963    i.RCC_APB2PeriphResetCmd  stm32l1xx_rcc.o
    0x08002a60   0x000000c0   Code   RO         1970    i.RCC_GetClocksFreq  stm32l1xx_rcc.o
    0x08002b20   0x0000002c   Code   RO         1971    i.RCC_GetFlagStatus  stm32l1xx_rcc.o
    0x08002b4c   0x00000010   Code   RO         1973    i.RCC_GetSYSCLKSource  stm32l1xx_rcc.o
    0x08002b5c   0x00000010   Code   RO         1975    i.RCC_HSEConfig     stm32l1xx_rcc.o
    0x08002b6c   0x0000000c   Code   RO         1976    i.RCC_HSICmd        stm32l1xx_rcc.o
    0x08002b78   0x00000010   Code   RO         1979    i.RCC_LSEConfig     stm32l1xx_rcc.o
    0x08002b88   0x0000000c   Code   RO         1986    i.RCC_PLLCmd        stm32l1xx_rcc.o
    0x08002b94   0x0000000c   Code   RO         1988    i.RCC_RTCCLKCmd     stm32l1xx_rcc.o
    0x08002ba0   0x00000034   Code   RO         1989    i.RCC_RTCCLKConfig  stm32l1xx_rcc.o
    0x08002bd4   0x0000000c   Code   RO         1990    i.RCC_RTCResetCmd   stm32l1xx_rcc.o
    0x08002be0   0x00000014   Code   RO         1991    i.RCC_SYSCLKConfig  stm32l1xx_rcc.o
    0x08002bf4   0x0000005c   Code   RO         2199    i.RTC_AlarmCmd      stm32l1xx_rtc.o
    0x08002c50   0x0000002a   Code   RO          559    i.RTC_Alarm_IRQHandler  rtc-board.o
    0x08002c7a   0x00000012   Code   RO         2202    i.RTC_Bcd2ToByte    stm32l1xx_rtc.o
    0x08002c8c   0x00000018   Code   RO         2204    i.RTC_ByteToBcd2    stm32l1xx_rtc.o
    0x08002ca4   0x0000001c   Code   RO         2207    i.RTC_ClearFlag     stm32l1xx_rtc.o
    0x08002cc0   0x0000001c   Code   RO         2208    i.RTC_ClearITPendingBit  stm32l1xx_rtc.o
    0x08002cdc   0x0000000e   Code   RO         2211    i.RTC_DateStructInit  stm32l1xx_rtc.o
    0x08002cea   0x00000002   PAD
    0x08002cec   0x00000044   Code   RO         2214    i.RTC_EnterInitMode  stm32l1xx_rtc.o
    0x08002d30   0x00000010   Code   RO         2215    i.RTC_ExitInitMode  stm32l1xx_rtc.o
    0x08002d40   0x00000048   Code   RO         2218    i.RTC_GetDate       stm32l1xx_rtc.o
    0x08002d88   0x00000040   Code   RO         2220    i.RTC_GetITStatus   stm32l1xx_rtc.o
    0x08002dc8   0x0000004c   Code   RO         2223    i.RTC_GetTime       stm32l1xx_rtc.o
    0x08002e14   0x00000044   Code   RO         2227    i.RTC_ITConfig      stm32l1xx_rtc.o
    0x08002e58   0x00000050   Code   RO         2228    i.RTC_Init          stm32l1xx_rtc.o
    0x08002ea8   0x000000bc   Code   RO         2233    i.RTC_SetAlarm      stm32l1xx_rtc.o
    0x08002f64   0x000000a4   Code   RO         2234    i.RTC_SetDate       stm32l1xx_rtc.o
    0x08003008   0x000000a8   Code   RO         2235    i.RTC_SetTime       stm32l1xx_rtc.o
    0x080030b0   0x0000000c   Code   RO         2248    i.RTC_TimeStructInit  stm32l1xx_rtc.o
    0x080030bc   0x0000004c   Code   RO         2249    i.RTC_WaitForSynchro  stm32l1xx_rtc.o
    0x08003108   0x00000020   Code   RO          560    i.RtcClearStatus    rtc-board.o
    0x08003128   0x0000002e   Code   RO          561    i.RtcDelayMs        rtc-board.o
    0x08003156   0x00000002   PAD
    0x08003158   0x00000038   Code   RO          562    i.RtcEnterLowPowerStopMode  rtc-board.o
    0x08003190   0x00000114   Code   RO          563    i.RtcGetCalendarValue  rtc-board.o
    0x080032a4   0x00000006   Code   RO          564    i.RtcGetMinimumTimeout  rtc-board.o
    0x080032aa   0x00000002   PAD
    0x080032ac   0x0000003c   Code   RO          565    i.RtcGetTimerElapsedTime  rtc-board.o
    0x080032e8   0x00000028   Code   RO          566    i.RtcGetTimerValue  rtc-board.o
    0x08003310   0x0000001c   Code   RO          567    i.RtcInit           rtc-board.o
    0x0800332c   0x0000005c   Code   RO          568    i.RtcRecoverMcuStatus  rtc-board.o
    0x08003388   0x00000064   Code   RO          569    i.RtcSetAlarmConfig  rtc-board.o
    0x080033ec   0x00000074   Code   RO          570    i.RtcSetConfig      rtc-board.o
    0x08003460   0x00000050   Code   RO          571    i.RtcSetTimeout     rtc-board.o
    0x080034b0   0x0000019c   Code   RO          572    i.RtcStartWakeUpAlarm  rtc-board.o
    0x0800364c   0x00000018   Code   RO         2546    i.SPI_Cmd           stm32l1xx_spi.o
    0x08003664   0x00000064   Code   RO         2553    i.SPI_I2S_DeInit    stm32l1xx_spi.o
    0x080036c8   0x0000000e   Code   RO         2554    i.SPI_I2S_GetFlagStatus  stm32l1xx_spi.o
    0x080036d6   0x00000004   Code   RO         2557    i.SPI_I2S_ReceiveData  stm32l1xx_spi.o
    0x080036da   0x00000004   Code   RO         2558    i.SPI_I2S_SendData  stm32l1xx_spi.o
    0x080036de   0x00000038   Code   RO         2559    i.SPI_Init          stm32l1xx_spi.o
    0x08003716   0x00000018   Code   RO         2562    i.SPI_StructInit    stm32l1xx_spi.o
    0x0800372e   0x00000002   PAD
    0x08003730   0x0000002c   Code   RO          730    i.SX1272AntSwDeInit  sx1272-board.o
    0x0800375c   0x00000030   Code   RO          731    i.SX1272AntSwInit   sx1272-board.o
    0x0800378c   0x00000004   Code   RO          732    i.SX1272CheckRfFrequency  sx1272-board.o
    0x08003790   0x00000004   Code   RO          733    i.SX1272GetPaSelect  sx1272-board.o
    0x08003794   0x0000000c   Code   RO         4009    i.SX1272GetStatus   sx1272.o
    0x080037a0   0x00000214   Code   RO         4010    i.SX1272GetTimeOnAir  sx1272.o
    0x080039b4   0x00000078   Code   RO         4011    i.SX1272Init        sx1272.o
    0x08003a2c   0x00000088   Code   RO          734    i.SX1272IoDeInit    sx1272-board.o
    0x08003ab4   0x00000088   Code   RO          735    i.SX1272IoInit      sx1272-board.o
    0x08003b3c   0x00000060   Code   RO          736    i.SX1272IoIrqInit   sx1272-board.o
    0x08003b9c   0x00000038   Code   RO         4012    i.SX1272IsChannelFree  sx1272.o
    0x08003bd4   0x0000024c   Code   RO         4013    i.SX1272OnDio0Irq   sx1272.o
    0x08003e20   0x000000d8   Code   RO         4014    i.SX1272OnDio1Irq   sx1272.o
    0x08003ef8   0x000000ec   Code   RO         4015    i.SX1272OnDio2Irq   sx1272.o
    0x08003fe4   0x00000060   Code   RO         4016    i.SX1272OnDio3Irq   sx1272.o
    0x08004044   0x00000020   Code   RO         4017    i.SX1272OnDio4Irq   sx1272.o
    0x08004064   0x00000090   Code   RO         4019    i.SX1272OnTimeoutIrq  sx1272.o
    0x080040f4   0x0000003e   Code   RO         4020    i.SX1272Random      sx1272.o
    0x08004132   0x00000010   Code   RO         4021    i.SX1272Read        sx1272.o
    0x08004142   0x00000002   PAD
    0x08004144   0x00000048   Code   RO         4022    i.SX1272ReadBuffer  sx1272.o
    0x0800418c   0x0000000a   Code   RO         4023    i.SX1272ReadFifo    sx1272.o
    0x08004196   0x00000026   Code   RO         4024    i.SX1272ReadRssi    sx1272.o
    0x080041bc   0x0000003c   Code   RO         4025    i.SX1272Reset       sx1272.o
    0x080041f8   0x000000fc   Code   RO         4026    i.SX1272Send        sx1272.o
    0x080042f4   0x00000048   Code   RO          737    i.SX1272SetAntSw    sx1272-board.o
    0x0800433c   0x0000001c   Code   RO          738    i.SX1272SetAntSwLowPower  sx1272-board.o
    0x08004358   0x00000044   Code   RO         4027    i.SX1272SetChannel  sx1272.o
    0x0800439c   0x0000003c   Code   RO         4028    i.SX1272SetMaxPayloadLength  sx1272.o
    0x080043d8   0x00000078   Code   RO         4029    i.SX1272SetModem    sx1272.o
    0x08004450   0x0000004c   Code   RO         4030    i.SX1272SetOpMode   sx1272.o
    0x0800449c   0x000001c0   Code   RO         4031    i.SX1272SetRx       sx1272.o
    0x0800465c   0x0000022c   Code   RO         4032    i.SX1272SetRxConfig  sx1272.o
    0x08004888   0x00000028   Code   RO         4033    i.SX1272SetSleep    sx1272.o
    0x080048b0   0x00000028   Code   RO         4034    i.SX1272SetStby     sx1272.o
    0x080048d8   0x000000ac   Code   RO         4035    i.SX1272SetTx       sx1272.o
    0x08004984   0x000002cc   Code   RO         4036    i.SX1272SetTxConfig  sx1272.o
    0x08004c50   0x00000040   Code   RO         4037    i.SX1272StartCad    sx1272.o
    0x08004c90   0x0000000c   Code   RO         4038    i.SX1272Write       sx1272.o
    0x08004c9c   0x00000048   Code   RO         4039    i.SX1272WriteBuffer  sx1272.o
    0x08004ce4   0x0000000a   Code   RO         4040    i.SX1272WriteFifo   sx1272.o
    0x08004cee   0x00000002   PAD
    0x08004cf0   0x00000024   Code   RO         3875    i.SX1509Init        sx1509.o
    0x08004d14   0x00000006   Code   RO         3876    i.SX1509Read        sx1509.o
    0x08004d1a   0x00000002   PAD
    0x08004d1c   0x00000020   Code   RO         3877    i.SX1509ReadBuffer  sx1509.o
    0x08004d3c   0x00000022   Code   RO         3878    i.SX1509Reset       sx1509.o
    0x08004d5e   0x00000002   PAD
    0x08004d60   0x0000000c   Code   RO         3879    i.SX1509SetDeviceAddr  sx1509.o
    0x08004d6c   0x0000000c   Code   RO         3880    i.SX1509Write       sx1509.o
    0x08004d78   0x00000020   Code   RO         3881    i.SX1509WriteBuffer  sx1509.o
    0x08004d98   0x00000038   Code   RO         3939    i.SX9500Init        sx9500.o
    0x08004dd0   0x00000006   Code   RO         3941    i.SX9500Read        sx9500.o
    0x08004dd6   0x00000002   PAD
    0x08004dd8   0x00000020   Code   RO         3942    i.SX9500ReadBuffer  sx9500.o
    0x08004df8   0x00000016   Code   RO         3943    i.SX9500Reset       sx9500.o
    0x08004e0e   0x00000002   PAD
    0x08004e10   0x0000000c   Code   RO         3944    i.SX9500SetDeviceAddr  sx9500.o
    0x08004e1c   0x0000000c   Code   RO         3945    i.SX9500Write       sx9500.o
    0x08004e28   0x00000020   Code   RO         3946    i.SX9500WriteBuffer  sx9500.o
    0x08004e48   0x00000028   Code   RO         2694    i.SYSCFG_EXTILineConfig  stm32l1xx_syscfg.o
    0x08004e70   0x000000cc   Code   RO          977    i.SetSysClock       system_stm32l1xx.o
    0x08004f3c   0x00000068   Code   RO          683    i.SpiDeInit         spi-board.o
    0x08004fa4   0x0000007c   Code   RO          684    i.SpiFormat         spi-board.o
    0x08005020   0x00000070   Code   RO          685    i.SpiFrequency      spi-board.o
    0x08005090   0x0000003a   Code   RO          686    i.SpiInOut          spi-board.o
    0x080050ca   0x00000002   PAD
    0x080050cc   0x000000f8   Code   RO          687    i.SpiInit           spi-board.o
    0x080051c4   0x00000054   Code   RO          979    i.SystemInit        system_stm32l1xx.o
    0x08005218   0x0000003c   Code   RO          813    i.TIM2_IRQHandler   timer-board.o
    0x08005254   0x00000028   Code   RO          814    i.TIM3_IRQHandler   timer-board.o
    0x0800527c   0x00000006   Code   RO         2792    i.TIM_ClearITPendingBit  stm32l1xx_tim.o
    0x08005282   0x00000018   Code   RO         2797    i.TIM_Cmd           stm32l1xx_tim.o
    0x0800529a   0x00000018   Code   RO         2817    i.TIM_GetITStatus   stm32l1xx_tim.o
    0x080052b2   0x00000014   Code   RO         2821    i.TIM_ITConfig      stm32l1xx_tim.o
    0x080052c6   0x00000002   PAD
    0x080052c8   0x0000005c   Code   RO         2865    i.TIM_TimeBaseInit  stm32l1xx_tim.o
    0x08005324   0x0000001c   Code   RO         4547    i.TimerExists       timer.o
    0x08005340   0x0000000c   Code   RO         4549    i.TimerGetLowPowerEnable  timer.o
    0x0800534c   0x0000001c   Code   RO         4550    i.TimerGetValue     timer.o
    0x08005368   0x0000001a   Code   RO          816    i.TimerHwDelayMs    timer-board.o
    0x08005382   0x00000002   Code   RO          817    i.TimerHwEnterLowPowerStopMode  timer-board.o
    0x08005384   0x00000010   Code   RO          818    i.TimerHwGetDelayValue  timer-board.o
    0x08005394   0x00000030   Code   RO          819    i.TimerHwGetElapsedTime  timer-board.o
    0x080053c4   0x00000004   Code   RO          820    i.TimerHwGetMinimumTimeout  timer-board.o
    0x080053c8   0x00000010   Code   RO          822    i.TimerHwGetTimerValue  timer-board.o
    0x080053d8   0x000000cc   Code   RO          823    i.TimerHwInit       timer-board.o
    0x080054a4   0x00000038   Code   RO          824    i.TimerHwStart      timer-board.o
    0x080054dc   0x00000014   Code   RO          826    i.TimerIncrementDelayCounter  timer-board.o
    0x080054f0   0x0000001c   Code   RO          827    i.TimerIncrementTickCounter  timer-board.o
    0x0800550c   0x0000000e   Code   RO         4551    i.TimerInit         timer.o
    0x0800551a   0x00000002   PAD
    0x0800551c   0x00000028   Code   RO         4552    i.TimerInsertNewHeadTimer  timer.o
    0x08005544   0x0000005c   Code   RO         4553    i.TimerInsertTimer  timer.o
    0x080055a0   0x00000054   Code   RO         4554    i.TimerIrqHandler   timer.o
    0x080055f4   0x00000030   Code   RO         4555    i.TimerLowPowerHandler  timer.o
    0x08005624   0x0000000c   Code   RO         4557    i.TimerSetLowPowerEnable  timer.o
    0x08005630   0x0000001c   Code   RO         4558    i.TimerSetTimeout   timer.o
    0x0800564c   0x0000002c   Code   RO         4559    i.TimerSetValue     timer.o
    0x08005678   0x00000064   Code   RO         4560    i.TimerStart        timer.o
    0x080056dc   0x00000090   Code   RO         4561    i.TimerStop         timer.o
    0x0800576c   0x0000009c   Code   RO          920    i.USART1_IRQHandler  uart-board.o
    0x08005808   0x00000018   Code   RO         3303    i.USART_Cmd         stm32l1xx_usart.o
    0x08005820   0x000000a4   Code   RO         3305    i.USART_DeInit      stm32l1xx_usart.o
    0x080058c4   0x00000040   Code   RO         3307    i.USART_GetITStatus  stm32l1xx_usart.o
    0x08005904   0x00000036   Code   RO         3309    i.USART_ITConfig    stm32l1xx_usart.o
    0x0800593a   0x00000002   PAD
    0x0800593c   0x000000b4   Code   RO         3310    i.USART_Init        stm32l1xx_usart.o
    0x080059f0   0x00000008   Code   RO         3317    i.USART_ReceiveData  stm32l1xx_usart.o
    0x080059f8   0x00000008   Code   RO         3320    i.USART_SendData    stm32l1xx_usart.o
    0x08005a00   0x00000022   Code   RO         4650    i.UartConfig        uart.o
    0x08005a22   0x00000010   Code   RO         4651    i.UartDeInit        uart.o
    0x08005a32   0x0000000e   Code   RO         4653    i.UartGetChar       uart.o
    0x08005a40   0x0000001a   Code   RO         4654    i.UartInit          uart.o
    0x08005a5a   0x00000002   PAD
    0x08005a5c   0x00000134   Code   RO          921    i.UartMcuConfig     uart-board.o
    0x08005b90   0x00000038   Code   RO          922    i.UartMcuDeInit     uart-board.o
    0x08005bc8   0x00000022   Code   RO          923    i.UartMcuGetChar    uart-board.o
    0x08005bea   0x00000002   PAD
    0x08005bec   0x00000064   Code   RO          924    i.UartMcuInit       uart-board.o
    0x08005c50   0x00000002   Code   RO         3491    i.UsageFault_Handler  sysirqhandlers.o
    0x08005c52   0x0000000e   Code   RO         4837    i.__scatterload_copy  mc_w.l(handlers.o)
    0x08005c60   0x00000002   Code   RO         4838    i.__scatterload_null  mc_w.l(handlers.o)
    0x08005c62   0x0000000e   Code   RO         4839    i.__scatterload_zeroinit  mc_w.l(handlers.o)
    0x08005c70   0x000000dc   Code   RO         4705    i.ceil              m_ws.l(ceil.o)
    0x08005d4c   0x000000dc   Code   RO         4709    i.floor             m_ws.l(floor.o)
    0x08005e28   0x00000270   Code   RO            8    i.main              main.o
    0x08006098   0x00000012   Code   RO         3532    i.memcpy1           utilities.o
    0x080060aa   0x00000002   PAD
    0x080060ac   0x00000094   Code   RO         4712    i.round             m_ws.l(round.o)
    0x08006140   0x00000010   Data   RO           10    .constdata          main.o
    0x08006150   0x00000018   Data   RO          574    .constdata          rtc-board.o
    0x08006168   0x00000054   Data   RO          740    .constdata          sx1272-board.o
    0x080061bc   0x000000e0   Data   RO         4042    .constdata          sx1272.o
    0x0800629c   0x0000000c   Data   RO         4393    .constdata          gps.o
    0x080062a8   0x00000020   Data   RO         4835    Region$$Table       anon$$obj.o


    Execution Region RW_IRAM1 (Base: 0x20000000, Size: 0x00000a60, Max: 0x00004000, ABSOLUTE)

    Base Addr    Size         Type   Attr      Idx    E Section Name        Object

    0x20000000   0x00000006   Data   RW           11    .data               main.o
    0x20000006   0x00000001   Data   RW          314    .data               board.o
    0x20000007   0x00000001   Data   RW          464    .data               gps-board.o
    0x20000008   0x00000001   Data   RW          503    .data               i2c-board.o
    0x20000009   0x00000007   PAD
    0x20000010   0x00000010   Data   RW          575    .data               rtc-board.o
    0x20000020   0x00000001   Data   RW          741    .data               sx1272-board.o
    0x20000021   0x00000007   PAD
    0x20000028   0x00000020   Data   RW          828    .data               timer-board.o
    0x20000048   0x0000001d   Data   RW          980    .data               system_stm32l1xx.o
    0x20000065   0x00000019   Data   RW         1993    .data               stm32l1xx_rcc.o
    0x2000007e   0x00000002   Data   RW         3641    .data               mag3110.o
    0x20000080   0x00000002   Data   RW         3705    .data               mma8451.o
    0x20000082   0x00000002   PAD
    0x20000084   0x00000010   Data   RW         3777    .data               mpl3115.o
    0x20000094   0x00000002   Data   RW         3882    .data               sx1509.o
    0x20000096   0x00000002   Data   RW         3947    .data               sx9500.o
    0x20000098   0x00000020   Data   RW         4043    .data               sx1272.o
    0x200000b8   0x00000001   Data   RW         4230    .data               adc.o
    0x200000b9   0x00000007   PAD
    0x200000c0   0x00000020   Data   RW         4400    .data               gps.o
    0x200000e0   0x00000001   Data   RW         4496    .data               i2c.o
    0x200000e1   0x00000003   PAD
    0x200000e4   0x00000008   Data   RW         4562    .data               timer.o
    0x200000ec   0x0000005c   Zero   RW            9    .bss                main.o
    0x20000148   0x000000e0   Zero   RW          309    .bss                board.o
    0x20000228   0x0000000c   Zero   RW          310    .bss                board.o
    0x20000234   0x00000038   Zero   RW          313    .bss                board.o
    0x2000026c   0x00000040   Zero   RW          381    .bss                gpio-board.o
    0x200002ac   0x00000100   Zero   RW          463    .bss                gps-board.o
    0x200003ac   0x00000012   Zero   RW          688    .bss                spi-board.o
    0x200003be   0x00000002   PAD
    0x200003c0   0x00000018   Zero   RW          739    .bss                sx1272-board.o
    0x200003d8   0x00000224   Zero   RW         4041    .bss                sx1272.o
    0x200005fc   0x00000063   Zero   RW         4392    .bss                gps.o
    0x2000065f   0x00000001   PAD
    0x20000660   0x00000400   Zero   RW          968    STACK               startup_stm32l1xx_md.o


==============================================================================

Image component sizes


      Code (inc. data)   RO Data    RW Data    ZI Data      Debug   Object Name

       256         10          0          0          0       2580   adc-board.o
        44          6          0          1          0       1078   adc.o
       786         36          0          1        292       3182   board.o
        30          0          0          0          0        534   delay.o
       122          0          0          0          0       3483   fifo.o
       992         56          0          0         64       7624   gpio-board.o
       312          0          0          0          0       2985   gpio-ioe.o
       100          0          0          0          0       2729   gpio.o
       244         46          0          1        256       2364   gps-board.o
      2170         68         12         32         99       9502   gps.o
      1354         40          0          1          0       5740   i2c-board.o
       192         30          0          1          0       3521   i2c.o
       172         28          0          2          0       4522   mag3110.o
       776        110         16          6         92     270138   main.o
       124         16          0          0          0       1835   misc.o
       172         28          0          2          0       4518   mma8451.o
       272         28          0         16          0       5237   mpl3115.o
      1410        100         24         16          0      10528   rtc-board.o
       646         26          0          0         18       4376   spi-board.o
        36          8        244          0       1024        860   startup_stm32l1xx_md.o
       168         18          0          0          0       4677   stm32l1xx_adc.o
        28          6          0          0          0        648   stm32l1xx_dbgmcu.o
       148         16          0          0          0       2516   stm32l1xx_exti.o
       176          0          0          0          0       3943   stm32l1xx_gpio.o
       442         14          0          0          0       8229   stm32l1xx_i2c.o
       100         34          0          0          0       3003   stm32l1xx_pwr.o
       544        102          0         25          0      12328   stm32l1xx_rcc.o
      1256         80          0          0          0      13740   stm32l1xx_rtc.o
       226         12          0          0          0       5140   stm32l1xx_spi.o
        40          6          0          0          0        716   stm32l1xx_syscfg.o
       166         22          0          0          0       4042   stm32l1xx_tim.o
       502         26          0          0          0       6442   stm32l1xx_usart.o
       568         38         84          1         24       8707   sx1272-board.o
      5040        260        224         32        548      24013   sx1272.o
       164         28          0          2          0       4431   sx1509.o
       172         28          0          2          0       4487   sx9500.o
        10          0          0          0          0       2353   sysirqhandlers.o
       288         30          0         29          0      88521   system_stm32l1xx.o
       520         54          0         32          0       7264   timer-board.o
       674         60          0          8          0       8451   timer.o
       654         22          0          0          0       4071   uart-board.o
        90          0          0          0          0       2799   uart.o
        42          0          0          0          0       1643   utilities.o

    ----------------------------------------------------------------------
     22286       1492        636        236       2420     569500   Object Totals
         0          0         32          0          0          0   (incl. Generated)
        58          0          0         26          3          0   (incl. Padding)

    ----------------------------------------------------------------------

      Code (inc. data)   RO Data    RW Data    ZI Data      Debug   Library Member Name

       220         16          0          0          0         84   ceil.o
       220         16          0          0          0         84   floor.o
       148         12          0          0          0         88   round.o
         0          0          0          0          0          0   entry.o
         0          0          0          0          0          0   entry10a.o
         0          0          0          0          0          0   entry11a.o
         8          4          0          0          0          0   entry2.o
         4          0          0          0          0          0   entry5.o
         0          0          0          0          0          0   entry7b.o
         0          0          0          0          0          0   entry8b.o
         8          4          0          0          0          0   entry9a.o
        30          0          0          0          0          0   handlers.o
        36          8          0          0          0         68   init.o
         0          0          0          0          0          0   iusefp.o
        30          0          0          0          0         68   llshl.o
        36          0          0          0          0         68   llsshr.o
        32          0          0          0          0         68   llushr.o
        36          0          0          0          0         68   memcpya.o
        36          0          0          0          0        108   memseta.o
        30          0          0          0          0         80   strncmp.o
        48          0          0          0          0         68   cdcmple.o
        48          0          0          0          0         68   cdrcmple.o
       334          0          0          0          0        148   dadd.o
       222          0          0          0          0        100   ddiv.o
       186          0          0          0          0        176   depilogue.o
        62          0          0          0          0         80   dfixi.o
        50          0          0          0          0         76   dfixui.o
        48          0          0          0          0         68   dfixul.o
        34          0          0          0          0         76   dflti.o
        26          0          0          0          0         76   dfltui.o
        24          0          0          0          0         76   dfltul.o
       228          0          0          0          0         96   dmul.o
       136          4          0          0          0         92   drnd.o
        46          0          0          0          0         80   dscalb.o

    ----------------------------------------------------------------------
      2366         64          0          0          0       2064   Library Totals
         0          0          0          0          0          0   (incl. Padding)

    ----------------------------------------------------------------------

      Code (inc. data)   RO Data    RW Data    ZI Data      Debug   Library Name

       588         44          0          0          0        256   m_ws.l
       286         16          0          0          0        528   mc_w.l
      1492          4          0          0          0       1280   mf_w.l

    ----------------------------------------------------------------------
      2366         64          0          0          0       2064   Library Totals

    ----------------------------------------------------------------------

==============================================================================


      Code (inc. data)   RO Data    RW Data    ZI Data      Debug   

     24652       1556        636        236       2420     555908   Grand Totals
     24652       1556        636        236       2420     555908   ELF Image Totals
     24652       1556        636        236          0          0   ROM Totals

==============================================================================

    Total RO  Size (Code + RO Data)                25288 (  24.70kB)
    Total RW  Size (RW Data + ZI Data)              2656 (   2.59kB)
    Total ROM Size (Code + RO Data + RW Data)      25524 (  24.93kB)

==============================================================================

