Component: ARM Compiler 5.06 update 1 (build 61) Tool: armlink [4d35a8]

==============================================================================

Section Cross References

    main.o(i.Mode) refers to i2c_lcd.o(i.I2C_LCD_Puts) for I2C_LCD_Puts
    main.o(i.ModeLcd) refers to i2c_lcd.o(i.I2C_LCD_NewLine) for I2C_LCD_NewLine
    main.o(i.ModeLcd) refers to i2c_lcd.o(i.Lcd) for Lcd
    main.o(i.ModeLcd) refers to i2c_lcd.o(i.I2C_LCD_Puts) for I2C_LCD_Puts
    main.o(i.ModeLcd) refers to main.o(.data) for .data
    main.o(i.OnRxDone) refers to memcpya.o(.text) for __aeabi_memcpy
    main.o(i.OnRxDone) refers to sx1272-board.o(.constdata) for Radio
    main.o(i.OnRxDone) refers to main.o(.data) for .data
    main.o(i.OnRxDone) refers to main.o(.bss) for .bss
    main.o(i.OnRxError) refers to sx1272-board.o(.constdata) for Radio
    main.o(i.OnRxError) refers to main.o(.data) for .data
    main.o(i.OnRxTimeout) refers to sx1272-board.o(.constdata) for Radio
    main.o(i.OnRxTimeout) refers to main.o(.data) for .data
    main.o(i.OnTxDone) refers to sx1272-board.o(.constdata) for Radio
    main.o(i.OnTxDone) refers to main.o(.data) for .data
    main.o(i.OnTxTimeout) refers to sx1272-board.o(.constdata) for Radio
    main.o(i.OnTxTimeout) refers to main.o(.data) for .data
    main.o(i.main) refers to board.o(i.BoardInitMcu) for BoardInitMcu
    main.o(i.main) refers to board.o(i.BoardInitPeriph) for BoardInitPeriph
    main.o(i.main) refers to i2c_lcd.o(i.I2C_LCD_Init) for I2C_LCD_Init
    main.o(i.main) refers to i2c_lcd.o(i.I2C_LCD_BackLight) for I2C_LCD_BackLight
    main.o(i.main) refers to main.o(i.Mode) for Mode
    main.o(i.main) refers to main.o(i.ModeLcd) for ModeLcd
    main.o(i.main) refers to strncmp.o(.text) for strncmp
    main.o(i.main) refers to gpio.o(i.GpioRead) for GpioRead
    main.o(i.main) refers to gpio.o(i.GpioWrite) for GpioWrite
    main.o(i.main) refers to delay.o(i.DelayMs) for DelayMs
    main.o(i.main) refers to timer.o(i.TimerLowPowerHandler) for TimerLowPowerHandler
    main.o(i.main) refers to main.o(i.OnTxDone) for OnTxDone
    main.o(i.main) refers to main.o(.bss) for .bss
    main.o(i.main) refers to main.o(i.OnRxDone) for OnRxDone
    main.o(i.main) refers to main.o(i.OnTxTimeout) for OnTxTimeout
    main.o(i.main) refers to main.o(i.OnRxTimeout) for OnRxTimeout
    main.o(i.main) refers to main.o(i.OnRxError) for OnRxError
    main.o(i.main) refers to sx1272-board.o(.constdata) for Radio
    main.o(i.main) refers to main.o(.data) for .data
    main.o(i.main) refers to main.o(.constdata) for .constdata
    main.o(i.main) refers to board.o(.bss) for Led4
    adc-board.o(i.AdcMcuFormat) refers to stm32l1xx_rcc.o(i.RCC_HSICmd) for RCC_HSICmd
    adc-board.o(i.AdcMcuFormat) refers to stm32l1xx_rcc.o(i.RCC_GetFlagStatus) for RCC_GetFlagStatus
    adc-board.o(i.AdcMcuFormat) refers to stm32l1xx_rcc.o(i.RCC_APB2PeriphClockCmd) for RCC_APB2PeriphClockCmd
    adc-board.o(i.AdcMcuFormat) refers to stm32l1xx_adc.o(i.ADC_CommonInit) for ADC_CommonInit
    adc-board.o(i.AdcMcuFormat) refers to stm32l1xx_adc.o(i.ADC_StructInit) for ADC_StructInit
    adc-board.o(i.AdcMcuFormat) refers to stm32l1xx_adc.o(i.ADC_Init) for ADC_Init
    adc-board.o(i.AdcMcuFormat) refers to stm32l1xx_adc.o(i.ADC_DelaySelectionConfig) for ADC_DelaySelectionConfig
    adc-board.o(i.AdcMcuInit) refers to stm32l1xx_adc.o(i.ADC_DeInit) for ADC_DeInit
    adc-board.o(i.AdcMcuInit) refers to gpio.o(i.GpioInit) for GpioInit
    adc-board.o(i.AdcMcuRead) refers to stm32l1xx_rcc.o(i.RCC_HSICmd) for RCC_HSICmd
    adc-board.o(i.AdcMcuRead) refers to stm32l1xx_rcc.o(i.RCC_GetFlagStatus) for RCC_GetFlagStatus
    adc-board.o(i.AdcMcuRead) refers to stm32l1xx_rcc.o(i.RCC_APB2PeriphClockCmd) for RCC_APB2PeriphClockCmd
    adc-board.o(i.AdcMcuRead) refers to stm32l1xx_adc.o(i.ADC_TempSensorVrefintCmd) for ADC_TempSensorVrefintCmd
    adc-board.o(i.AdcMcuRead) refers to stm32l1xx_adc.o(i.ADC_RegularChannelConfig) for ADC_RegularChannelConfig
    adc-board.o(i.AdcMcuRead) refers to stm32l1xx_adc.o(i.ADC_DelaySelectionConfig) for ADC_DelaySelectionConfig
    adc-board.o(i.AdcMcuRead) refers to stm32l1xx_adc.o(i.ADC_PowerDownCmd) for ADC_PowerDownCmd
    adc-board.o(i.AdcMcuRead) refers to stm32l1xx_adc.o(i.ADC_Cmd) for ADC_Cmd
    adc-board.o(i.AdcMcuRead) refers to stm32l1xx_adc.o(i.ADC_GetFlagStatus) for ADC_GetFlagStatus
    adc-board.o(i.AdcMcuRead) refers to stm32l1xx_adc.o(i.ADC_SoftwareStartConv) for ADC_SoftwareStartConv
    adc-board.o(i.AdcMcuRead) refers to stm32l1xx_adc.o(i.ADC_GetConversionValue) for ADC_GetConversionValue
    board.o(i.BoardDeInitMcu) refers to spi-board.o(i.SpiDeInit) for SpiDeInit
    board.o(i.BoardDeInitMcu) refers to sx1272-board.o(i.SX1272IoDeInit) for SX1272IoDeInit
    board.o(i.BoardDeInitMcu) refers to gpio.o(i.GpioInit) for GpioInit
    board.o(i.BoardDeInitMcu) refers to sx1272.o(.bss) for SX1272
    board.o(i.BoardDeInitMcu) refers to board.o(.data) for .data
[...]
    i.GpioRead                               0x08001182   Section        0  gpio.o(i.GpioRead)
    i.GpioSetInterrupt                       0x08001196   Section        0  gpio.o(i.GpioSetInterrupt)
    i.GpioWrite                              0x080011ae   Section        0  gpio.o(i.GpioWrite)
    i.I2C_LCD_BackLight                      0x080011c0   Section        0  i2c_lcd.o(i.I2C_LCD_BackLight)
    i.I2C_LCD_Init                           0x080011d8   Section        0  i2c_lcd.o(i.I2C_LCD_Init)
    i.I2C_LCD_NewLine                        0x08001254   Section        0  i2c_lcd.o(i.I2C_LCD_NewLine)
    i.I2C_LCD_Puts                           0x08001258   Section        0  i2c_lcd.o(i.I2C_LCD_Puts)
    i.I2C_LCD_WriteCmd                       0x08001270   Section        0  i2c_lcd.o(i.I2C_LCD_WriteCmd)
    i.I2C_Read                               0x0800129c   Section        0  soft_i2c.o(i.I2C_Read)
    i.I2C_Start                              0x0800132c   Section        0  soft_i2c.o(i.I2C_Start)
    i.I2C_Stop                               0x08001370   Section        0  soft_i2c.o(i.I2C_Stop)
    i.I2C_Write                              0x080013b4   Section        0  soft_i2c.o(i.I2C_Write)
    i.IsFifoEmpty                            0x08001448   Section        0  fifo.o(i.IsFifoEmpty)
    i.IsFifoFull                             0x08001458   Section        0  fifo.o(i.IsFifoFull)
    i.LCD_WaitBusy                           0x08001474   Section        0  i2c_lcd.o(i.LCD_WaitBusy)
    i.LCD_Write_4bit                         0x080014d0   Section        0  i2c_lcd.o(i.LCD_Write_4bit)
    i.LCD_Write_Chr                          0x08001518   Section        0  i2c_lcd.o(i.LCD_Write_Chr)
    i.Lcd                                    0x08001548   Section        0  i2c_lcd.o(i.Lcd)
    i.MemManage_Handler                      0x0800155c   Section        0  sysirqhandlers.o(i.MemManage_Handler)
    i.Mode                                   0x08001560   Section        0  main.o(i.Mode)
    i.ModeLcd                                0x08001578   Section        0  main.o(i.ModeLcd)
    i.NMI_Handler                            0x08001608   Section        0  sysirqhandlers.o(i.NMI_Handler)
    i.NVIC_Init                              0x0800160c   Section        0  misc.o(i.NVIC_Init)
    i.NVIC_PriorityGroupConfig               0x08001674   Section        0  misc.o(i.NVIC_PriorityGroupConfig)
    i.OnRxDone                               0x08001688   Section        0  main.o(i.OnRxDone)
    i.OnRxError                              0x080016c0   Section        0  main.o(i.OnRxError)
    i.OnRxTimeout                            0x080016d8   Section        0  main.o(i.OnRxTimeout)
    i.OnTxDone                               0x080016f0   Section        0  main.o(i.OnTxDone)
    i.OnTxTimeout                            0x08001708   Section        0  main.o(i.OnTxTimeout)
    i.PWR_EnterSTOPMode                      0x08001720   Section        0  stm32l1xx_pwr.o(i.PWR_EnterSTOPMode)
    i.PWR_FastWakeUpCmd                      0x08001754   Section        0  stm32l1xx_pwr.o(i.PWR_FastWakeUpCmd)
    i.PWR_PVDCmd                             0x08001760   Section        0  stm32l1xx_pwr.o(i.PWR_PVDCmd)
    i.PWR_RTCAccessCmd                       0x0800176c   Section        0  stm32l1xx_pwr.o(i.PWR_RTCAccessCmd)
    i.PWR_UltraLowPowerCmd                   0x08001778   Section        0  stm32l1xx_pwr.o(i.PWR_UltraLowPowerCmd)
    i.RCC_AHBPeriphClockCmd                  0x08001784   Section        0  stm32l1xx_rcc.o(i.RCC_AHBPeriphClockCmd)
    i.RCC_APB1PeriphClockCmd                 0x080017a0   Section        0  stm32l1xx_rcc.o(i.RCC_APB1PeriphClockCmd)
    i.RCC_APB1PeriphResetCmd                 0x080017bc   Section        0  stm32l1xx_rcc.o(i.RCC_APB1PeriphResetCmd)
    i.RCC_APB2PeriphClockCmd                 0x080017d8   Section        0  stm32l1xx_rcc.o(i.RCC_APB2PeriphClockCmd)
    i.RCC_APB2PeriphResetCmd                 0x080017f4   Section        0  stm32l1xx_rcc.o(i.RCC_APB2PeriphResetCmd)
    i.RCC_GetFlagStatus                      0x08001810   Section        0  stm32l1xx_rcc.o(i.RCC_GetFlagStatus)
    i.RCC_GetSYSCLKSource                    0x0800183c   Section        0  stm32l1xx_rcc.o(i.RCC_GetSYSCLKSource)
    i.RCC_HSEConfig                          0x0800184c   Section        0  stm32l1xx_rcc.o(i.RCC_HSEConfig)
    i.RCC_HSICmd                             0x0800185c   Section        0  stm32l1xx_rcc.o(i.RCC_HSICmd)
    i.RCC_LSEConfig                          0x08001868   Section        0  stm32l1xx_rcc.o(i.RCC_LSEConfig)
    i.RCC_PLLCmd                             0x08001878   Section        0  stm32l1xx_rcc.o(i.RCC_PLLCmd)
    i.RCC_RTCCLKCmd                          0x08001884   Section        0  stm32l1xx_rcc.o(i.RCC_RTCCLKCmd)
    i.RCC_RTCCLKConfig                       0x08001890   Section        0  stm32l1xx_rcc.o(i.RCC_RTCCLKConfig)
    i.RCC_RTCResetCmd                        0x080018c4   Section        0  stm32l1xx_rcc.o(i.RCC_RTCResetCmd)
    i.RCC_SYSCLKConfig                       0x080018d0   Section        0  stm32l1xx_rcc.o(i.RCC_SYSCLKConfig)
    i.RTC_AlarmCmd                           0x080018e4   Section        0  stm32l1xx_rtc.o(i.RTC_AlarmCmd)
    i.RTC_Alarm_IRQHandler                   0x08001940   Section        0  rtc-board.o(i.RTC_Alarm_IRQHandler)
    i.RTC_Bcd2ToByte                         0x0800196a   Section        0  stm32l1xx_rtc.o(i.RTC_Bcd2ToByte)
    RTC_Bcd2ToByte                           0x0800196b   Thumb Code    18  stm32l1xx_rtc.o(i.RTC_Bcd2ToByte)
    i.RTC_ByteToBcd2                         0x0800197c   Section        0  stm32l1xx_rtc.o(i.RTC_ByteToBcd2)
    RTC_ByteToBcd2                           0x0800197d   Thumb Code    24  stm32l1xx_rtc.o(i.RTC_ByteToBcd2)
    i.RTC_ClearFlag                          0x08001994   Section        0  stm32l1xx_rtc.o(i.RTC_ClearFlag)
    i.RTC_ClearITPendingBit                  0x080019b0   Section        0  stm32l1xx_rtc.o(i.RTC_ClearITPendingBit)
    i.RTC_DateStructInit                     0x080019cc   Section        0  stm32l1xx_rtc.o(i.RTC_DateStructInit)
    i.RTC_EnterInitMode                      0x080019dc   Section        0  stm32l1xx_rtc.o(i.RTC_EnterInitMode)
    i.RTC_ExitInitMode                       0x08001a20   Section        0  stm32l1xx_rtc.o(i.RTC_ExitInitMode)
    i.RTC_GetDate                            0x08001a30   Section        0  stm32l1xx_rtc.o(i.RTC_GetDate)
    i.RTC_GetITStatus                        0x08001a78   Section        0  stm32l1xx_rtc.o(i.RTC_GetITStatus)
    i.RTC_GetTime                            0x08001ab8   Section        0  stm32l1xx_rtc.o(i.RTC_GetTime)
    i.RTC_ITConfig                           0x08001b04   Section        0  stm32l1xx_rtc.o(i.RTC_ITConfig)
    i.RTC_Init                               0x08001b48   Section        0  stm32l1xx_rtc.o(i.RTC_Init)
    i.RTC_SetAlarm                           0x08001b98   Section        0  stm32l1xx_rtc.o(i.RTC_SetAlarm)
    i.RTC_SetDate                            0x08001c54   Section        0  stm32l1xx_rtc.o(i.RTC_SetDate)
    i.RTC_SetTime                            0x08001cf8   Section        0  stm32l1xx_rtc.o(i.RTC_SetTime)
    i.RTC_TimeStructInit                     0x08001da0   Section        0  stm32l1xx_rtc.o(i.RTC_TimeStructInit)
    i.RTC_WaitForSynchro                     0x08001dac   Section        0  stm32l1xx_rtc.o(i.RTC_WaitForSynchro)
    i.RtcClearStatus                         0x08001df8   Section        0  rtc-board.o(i.RtcClearStatus)
    RtcClearStatus                           0x08001df9   Thumb Code    32  rtc-board.o(i.RtcClearStatus)
    i.RtcDelayMs                             0x08001e18   Section        0  rtc-board.o(i.RtcDelayMs)
    i.RtcEnterLowPowerStopMode               0x08001e48   Section        0  rtc-board.o(i.RtcEnterLowPowerStopMode)
    i.RtcGetCalendarValue                    0x08001e80   Section        0  rtc-board.o(i.RtcGetCalendarValue)
    RtcGetCalendarValue                      0x08001e81   Thumb Code   252  rtc-board.o(i.RtcGetCalendarValue)
    i.RtcGetMinimumTimeout                   0x08001f94   Section        0  rtc-board.o(i.RtcGetMinimumTimeout)
    i.RtcGetTimerElapsedTime                 0x08001f9c   Section        0  rtc-board.o(i.RtcGetTimerElapsedTime)
    i.RtcGetTimerValue                       0x08001fd8   Section        0  rtc-board.o(i.RtcGetTimerValue)
    i.RtcInit                                0x08002000   Section        0  rtc-board.o(i.RtcInit)
    i.RtcRecoverMcuStatus                    0x0800201c   Section        0  rtc-board.o(i.RtcRecoverMcuStatus)
    i.RtcSetAlarmConfig                      0x08002078   Section        0  rtc-board.o(i.RtcSetAlarmConfig)
    RtcSetAlarmConfig                        0x08002079   Thumb Code   100  rtc-board.o(i.RtcSetAlarmConfig)
    i.RtcSetConfig                           0x080020dc   Section        0  rtc-board.o(i.RtcSetConfig)
    RtcSetConfig                             0x080020dd   Thumb Code   116  rtc-board.o(i.RtcSetConfig)
    i.RtcSetTimeout                          0x08002150   Section        0  rtc-board.o(i.RtcSetTimeout)
    i.RtcStartWakeUpAlarm                    0x080021a0   Section        0  rtc-board.o(i.RtcStartWakeUpAlarm)
    RtcStartWakeUpAlarm                      0x080021a1   Thumb Code   388  rtc-board.o(i.RtcStartWakeUpAlarm)
    i.SPI_Cmd                                0x0800233c   Section        0  stm32l1xx_spi.o(i.SPI_Cmd)
    i.SPI_I2S_DeInit                         0x08002354   Section        0  stm32l1xx_spi.o(i.SPI_I2S_DeInit)
    i.SPI_I2S_GetFlagStatus                  0x080023b8   Section        0  stm32l1xx_spi.o(i.SPI_I2S_GetFlagStatus)
    i.SPI_I2S_ReceiveData                    0x080023c6   Section        0  stm32l1xx_spi.o(i.SPI_I2S_ReceiveData)
    i.SPI_I2S_SendData                       0x080023ca   Section        0  stm32l1xx_spi.o(i.SPI_I2S_SendData)
    i.SPI_Init                               0x080023ce   Section        0  stm32l1xx_spi.o(i.SPI_Init)
    i.SPI_StructInit                         0x08002406   Section        0  stm32l1xx_spi.o(i.SPI_StructInit)
    i.SX1272AntSwDeInit                      0x08002420   Section        0  sx1272-board.o(i.SX1272AntSwDeInit)
    i.SX1272AntSwInit                        0x0800244c   Section        0  sx1272-board.o(i.SX1272AntSwInit)
    i.SX1272CheckRfFrequency                 0x0800247c   Section        0  sx1272-board.o(i.SX1272CheckRfFrequency)
    i.SX1272GetPaSelect                      0x08002480   Section        0  sx1272-board.o(i.SX1272GetPaSelect)
    i.SX1272GetStatus                        0x08002484   Section        0  sx1272.o(i.SX1272GetStatus)
    i.SX1272GetTimeOnAir                     0x08002490   Section        0  sx1272.o(i.SX1272GetTimeOnAir)
    i.SX1272Init                             0x080026a4   Section        0  sx1272.o(i.SX1272Init)
    i.SX1272IoDeInit                         0x0800271c   Section        0  sx1272-board.o(i.SX1272IoDeInit)
    i.SX1272IoInit                           0x080027a4   Section        0  sx1272-board.o(i.SX1272IoInit)
    i.SX1272IoIrqInit                        0x0800282c   Section        0  sx1272-board.o(i.SX1272IoIrqInit)
    i.SX1272IsChannelFree                    0x0800288c   Section        0  sx1272.o(i.SX1272IsChannelFree)
    i.SX1272OnDio0Irq                        0x080028c4   Section        0  sx1272.o(i.SX1272OnDio0Irq)
    i.SX1272OnDio1Irq                        0x08002b10   Section        0  sx1272.o(i.SX1272OnDio1Irq)
    i.SX1272OnDio2Irq                        0x08002be8   Section        0  sx1272.o(i.SX1272OnDio2Irq)
    i.SX1272OnDio3Irq                        0x08002cd4   Section        0  sx1272.o(i.SX1272OnDio3Irq)
    i.SX1272OnDio4Irq                        0x08002d34   Section        0  sx1272.o(i.SX1272OnDio4Irq)
    i.SX1272OnTimeoutIrq                     0x08002d54   Section        0  sx1272.o(i.SX1272OnTimeoutIrq)
    i.SX1272Random                           0x08002de4   Section        0  sx1272.o(i.SX1272Random)
    i.SX1272Read                             0x08002e22   Section        0  sx1272.o(i.SX1272Read)
    i.SX1272ReadBuffer                       0x08002e34   Section        0  sx1272.o(i.SX1272ReadBuffer)
    i.SX1272ReadFifo                         0x08002e7c   Section        0  sx1272.o(i.SX1272ReadFifo)
    i.SX1272ReadRssi                         0x08002e86   Section        0  sx1272.o(i.SX1272ReadRssi)
    i.SX1272Reset                            0x08002eac   Section        0  sx1272.o(i.SX1272Reset)
    i.SX1272Send                             0x08002ee8   Section        0  sx1272.o(i.SX1272Send)
    i.SX1272SetAntSw                         0x08002fe4   Section        0  sx1272-board.o(i.SX1272SetAntSw)
    i.SX1272SetAntSwLowPower                 0x0800302c   Section        0  sx1272-board.o(i.SX1272SetAntSwLowPower)
    i.SX1272SetChannel                       0x08003048   Section        0  sx1272.o(i.SX1272SetChannel)
    i.SX1272SetMaxPayloadLength              0x0800308c   Section        0  sx1272.o(i.SX1272SetMaxPayloadLength)
    i.SX1272SetModem                         0x080030c8   Section        0  sx1272.o(i.SX1272SetModem)
    i.SX1272SetOpMode                        0x08003140   Section        0  sx1272.o(i.SX1272SetOpMode)
    i.SX1272SetRx                            0x0800318c   Section        0  sx1272.o(i.SX1272SetRx)
    i.SX1272SetRxConfig                      0x0800334c   Section        0  sx1272.o(i.SX1272SetRxConfig)
    i.SX1272SetSleep                         0x08003578   Section        0  sx1272.o(i.SX1272SetSleep)
    i.SX1272SetStby                          0x080035a0   Section        0  sx1272.o(i.SX1272SetStby)
    i.SX1272SetTx                            0x080035c8   Section        0  sx1272.o(i.SX1272SetTx)
    i.SX1272SetTxConfig                      0x08003674   Section        0  sx1272.o(i.SX1272SetTxConfig)
    i.SX1272StartCad                         0x08003940   Section        0  sx1272.o(i.SX1272StartCad)
    i.SX1272Write                            0x08003980   Section        0  sx1272.o(i.SX1272Write)
    i.SX1272WriteBuffer                      0x0800398c   Section        0  sx1272.o(i.SX1272WriteBuffer)
    i.SX1272WriteFifo                        0x080039d4   Section        0  sx1272.o(i.SX1272WriteFifo)
    i.SYSCFG_EXTILineConfig                  0x080039e0   Section        0  stm32l1xx_syscfg.o(i.SYSCFG_EXTILineConfig)
    i.SetSysClock                            0x08003a08   Section        0  system_stm32l1xx.o(i.SetSysClock)
    SetSysClock                              0x08003a09   Thumb Code   190  system_stm32l1xx.o(i.SetSysClock)
    i.SpiDeInit                              0x08003ad4   Section        0  spi-board.o(i.SpiDeInit)
    i.SpiFormat                              0x08003b3c   Section        0  spi-board.o(i.SpiFormat)
    i.SpiFrequency                           0x08003bb8   Section        0  spi-board.o(i.SpiFrequency)
    i.SpiInOut                               0x08003c28   Section        0  spi-board.o(i.SpiInOut)
    i.SpiInit                                0x08003c64   Section        0  spi-board.o(i.SpiInit)
    i.SystemInit                             0x08003d5c   Section        0  system_stm32l1xx.o(i.SystemInit)
    i.TIM2_IRQHandler                        0x08003db0   Section        0  timer-board.o(i.TIM2_IRQHandler)
    i.TIM3_IRQHandler                        0x08003dec   Section        0  timer-board.o(i.TIM3_IRQHandler)
    i.TIM_ClearITPendingBit                  0x08003e14   Section        0  stm32l1xx_tim.o(i.TIM_ClearITPendingBit)
    i.TIM_Cmd                                0x08003e1a   Section        0  stm32l1xx_tim.o(i.TIM_Cmd)
    i.TIM_GetITStatus                        0x08003e32   Section        0  stm32l1xx_tim.o(i.TIM_GetITStatus)
    i.TIM_ITConfig                           0x08003e4a   Section        0  stm32l1xx_tim.o(i.TIM_ITConfig)
    i.TIM_TimeBaseInit                       0x08003e60   Section        0  stm32l1xx_tim.o(i.TIM_TimeBaseInit)
    i.TimerExists                            0x08003ebc   Section        0  timer.o(i.TimerExists)
    TimerExists                              0x08003ebd   Thumb Code    24  timer.o(i.TimerExists)
    i.TimerGetLowPowerEnable                 0x08003ed8   Section        0  timer.o(i.TimerGetLowPowerEnable)
    i.TimerGetValue                          0x08003ee4   Section        0  timer.o(i.TimerGetValue)
    i.TimerHwDelayMs                         0x08003f00   Section        0  timer-board.o(i.TimerHwDelayMs)
    i.TimerHwEnterLowPowerStopMode           0x08003f1a   Section        0  timer-board.o(i.TimerHwEnterLowPowerStopMode)
    i.TimerHwGetDelayValue                   0x08003f1c   Section        0  timer-board.o(i.TimerHwGetDelayValue)
    i.TimerHwGetElapsedTime                  0x08003f2c   Section        0  timer-board.o(i.TimerHwGetElapsedTime)
    i.TimerHwGetMinimumTimeout               0x08003f5c   Section        0  timer-board.o(i.TimerHwGetMinimumTimeout)
    i.TimerHwGetTimerValue                   0x08003f60   Section        0  timer-board.o(i.TimerHwGetTimerValue)
    i.TimerHwInit                            0x08003f70   Section        0  timer-board.o(i.TimerHwInit)
    i.TimerHwStart                           0x0800403c   Section        0  timer-board.o(i.TimerHwStart)
    i.TimerIncrementDelayCounter             0x08004074   Section        0  timer-board.o(i.TimerIncrementDelayCounter)
    i.TimerIncrementTickCounter              0x08004088   Section        0  timer-board.o(i.TimerIncrementTickCounter)
    i.TimerInit                              0x080040a4   Section        0  timer.o(i.TimerInit)
    i.TimerInsertNewHeadTimer                0x080040b4   Section        0  timer.o(i.TimerInsertNewHeadTimer)
    TimerInsertNewHeadTimer                  0x080040b5   Thumb Code    34  timer.o(i.TimerInsertNewHeadTimer)
    i.TimerInsertTimer                       0x080040dc   Section        0  timer.o(i.TimerInsertTimer)
    TimerInsertTimer                         0x080040dd   Thumb Code    88  timer.o(i.TimerInsertTimer)
    i.TimerIrqHandler                        0x08004138   Section        0  timer.o(i.TimerIrqHandler)
    i.TimerLowPowerHandler                   0x0800418c   Section        0  timer.o(i.TimerLowPowerHandler)
    i.TimerSetLowPowerEnable                 0x080041bc   Section        0  timer.o(i.TimerSetLowPowerEnable)
    i.TimerSetTimeout                        0x080041c8   Section        0  timer.o(i.TimerSetTimeout)
    TimerSetTimeout                          0x080041c9   Thumb Code    22  timer.o(i.TimerSetTimeout)
    i.TimerSetValue                          0x080041e4   Section        0  timer.o(i.TimerSetValue)
    i.TimerStart                             0x08004210   Section        0  timer.o(i.TimerStart)
    i.TimerStop                              0x08004274   Section        0  timer.o(i.TimerStop)
    i.USART1_IRQHandler                      0x08004304   Section        0  uart-board.o(i.USART1_IRQHandler)
    i.USART_GetITStatus                      0x080043a0   Section        0  stm32l1xx_usart.o(i.USART_GetITStatus)
    i.USART_ITConfig                         0x080043e0   Section        0  stm32l1xx_usart.o(i.USART_ITConfig)
    i.USART_ReceiveData                      0x08004416   Section        0  stm32l1xx_usart.o(i.USART_ReceiveData)
    i.USART_SendData                         0x0800441e   Section        0  stm32l1xx_usart.o(i.USART_SendData)
    i.UsageFault_Handler                     0x08004426   Section        0  sysirqhandlers.o(i.UsageFault_Handler)
    i.VX_I2C_Init                            0x08004428   Section        0  soft_i2c.o(i.VX_I2C_Init)
    i.__scatterload_copy                     0x0800446c   Section       14  handlers.o(i.__scatterload_copy)
    i.__scatterload_null                     0x0800447a   Section        2  handlers.o(i.__scatterload_null)
    i.__scatterload_zeroinit                 0x0800447c   Section       14  handlers.o(i.__scatterload_zeroinit)
    i.ceil                                   0x0800448c   Section        0  ceil.o(i.ceil)
    i.floor                                  0x08004568   Section        0  floor.o(i.floor)
    i.itoa                                   0x08004644   Section        0  i2c_lcd.o(i.itoa)
    i.main                                   0x08004684   Section        0  main.o(i.main)
    i.memcpy1                                0x08004900   Section        0  utilities.o(i.memcpy1)
    i.round                                  0x08004914   Section        0  round.o(i.round)
    i.strrev                                 0x080049a8   Section        0  i2c_lcd.o(i.strrev)
    .constdata                               0x080049e6   Section       16  main.o(.constdata)
    .constdata                               0x080049f6   Section       24  rtc-board.o(.constdata)
    DaysInMonth                              0x080049f6   Data          12  rtc-board.o(.constdata)
    DaysInMonthLeapYear                      0x08004a02   Data          12  rtc-board.o(.constdata)
    .constdata                               0x08004a10   Section       84  sx1272-board.o(.constdata)
    .constdata                               0x08004a64   Section      224  sx1272.o(.constdata)
    .data                                    0x20000000   Section        6  main.o(.data)
    .data                                    0x20000006   Section        1  board.o(.data)
    McuInitialized                           0x20000006   Data           1  board.o(.data)
    .data                                    0x20000008   Section       16  rtc-board.o(.data)
    RtcInitalized                            0x20000008   Data           1  rtc-board.o(.data)
    RtcTimerEventAllowsLowPower              0x20000009   Data           1  rtc-board.o(.data)
    LowPowerDisableDuringTask                0x2000000a   Data           1  rtc-board.o(.data)
    PreviousYear                             0x2000000b   Data           1  rtc-board.o(.data)
    Century                                  0x2000000c   Data           1  rtc-board.o(.data)
    RtcTimerContext                          0x20000010   Data           8  rtc-board.o(.data)
    .data                                    0x20000018   Section        1  sx1272-board.o(.data)
    RadioIsActive                            0x20000018   Data           1  sx1272-board.o(.data)
    .data                                    0x20000020   Section       32  timer-board.o(.data)
    TimerTickCounterContext                  0x20000030   Data           8  timer-board.o(.data)
    .data                                    0x20000040   Section       29  system_stm32l1xx.o(.data)
    .data                                    0x20000060   Section       32  sx1272.o(.data)
    opModePrev                               0x20000060   Data           1  sx1272.o(.data)
    RadioEvents                              0x20000064   Data           4  sx1272.o(.data)
    .data                                    0x20000080   Section        1  adc.o(.data)
    AdcInitialized                           0x20000080   Data           1  adc.o(.data)
    .data                                    0x20000084   Section        8  timer.o(.data)
    LowPowerModeEnable                       0x20000084   Data           1  timer.o(.data)
    TimerListHead                            0x20000088   Data           4  timer.o(.data)
    .data                                    0x2000008c   Section       46  i2c_lcd.o(.data)
    u8LcdTmp                                 0x2000008c   Data           1  i2c_lcd.o(.data)
    u8LCD_Buff                               0x2000008d   Data           8  i2c_lcd.o(.data)
    digits                                   0x20000095   Data          37  i2c_lcd.o(.data)
    .bss                                     0x200000bc   Section       92  main.o(.bss)
    RadioEvents                              0x200000fc   Data          28  main.o(.bss)
    .bss                                     0x20000118   Section       52  board.o(.bss)
    .bss                                     0x2000014c   Section       56  board.o(.bss)
    .bss                                     0x20000184   Section       64  gpio-board.o(.bss)
    GpioIrq                                  0x20000184   Data          64  gpio-board.o(.bss)
    .bss                                     0x200001c4   Section       18  spi-board.o(.bss)
    .bss                                     0x200001d8   Section       24  sx1272-board.o(.bss)
    .bss                                     0x200001f0   Section      548  sx1272.o(.bss)
    RxTxBuffer                               0x200001f0   Data         256  sx1272.o(.bss)
    STACK                                    0x20000418   Section     1024  startup_stm32l1xx_md.o(STACK)

    Global Symbols

    Symbol Name                              Value     Ov Type        Size  Object(Section)

    BuildAttributes$$THM_ISAv4$P$D$K$B$S$PE$A:L22UL41UL21$X:L11$S22US41US21$IEEE1$IW$USESV6$~STKCKD$USESV7$~SHL$OTIME$ROPI$IEEEJ$EBA8$MICROLIB$REQ8$PRES8$EABIv2 0x00000000   Number         0  anon$$obj.o ABSOLUTE
    __ARM_use_no_argv                        0x00000000   Number         0  main.o ABSOLUTE
    __cpp_initialize__aeabi_                  - Undefined Weak Reference
    __cxa_finalize                            - Undefined Weak Reference
    __decompress                              - Undefined Weak Reference
    _clock_init                               - Undefined Weak Reference
    _microlib_exit                            - Undefined Weak Reference
    __Vectors_Size                           0x000000f4   Number         0  startup_stm32l1xx_md.o ABSOLUTE
    __Vectors                                0x08000000   Data           4  startup_stm32l1xx_md.o(RESET)
    __Vectors_End                            0x080000f4   Data           0  startup_stm32l1xx_md.o(RESET)
    __main                                   0x080000f5   Thumb Code     0  entry.o(.ARM.Collect$$$$00000000)
    _main_stk                                0x080000f5   Thumb Code     0  entry2.o(.ARM.Collect$$$$00000001)
    _main_scatterload                        0x080000f9   Thumb Code     0  entry5.o(.ARM.Collect$$$$00000004)
    __main_after_scatterload                 0x080000fd   Thumb Code     0  entry5.o(.ARM.Collect$$$$00000004)
    _main_clock                              0x080000fd   Thumb Code     0  entry7b.o(.ARM.Collect$$$$00000008)
    _main_cpp_init                           0x080000fd   Thumb Code     0  entry8b.o(.ARM.Collect$$$$0000000A)
    _main_init                               0x080000fd   Thumb Code     0  entry9a.o(.ARM.Collect$$$$0000000B)
    __rt_final_cpp                           0x08000105   Thumb Code     0  entry10a.o(.ARM.Collect$$$$0000000D)
    __rt_final_exit                          0x08000105   Thumb Code     0  entry11a.o(.ARM.Collect$$$$0000000F)
    Reset_Handler                            0x08000109   Thumb Code     8  startup_stm32l1xx_md.o(.text)
    HardFault_Handler                        0x08000113   Thumb Code     2  startup_stm32l1xx_md.o(.text)
    SVC_Handler                              0x0800011b   Thumb Code     2  startup_stm32l1xx_md.o(.text)
    PendSV_Handler                           0x0800011f   Thumb Code     2  startup_stm32l1xx_md.o(.text)
    SysTick_Handler                          0x08000121   Thumb Code     2  startup_stm32l1xx_md.o(.text)
    ADC1_IRQHandler                          0x08000123   Thumb Code     0  startup_stm32l1xx_md.o(.text)
    COMP_IRQHandler                          0x08000123   Thumb Code     0  startup_stm32l1xx_md.o(.text)
    DAC_IRQHandler                           0x08000123   Thumb Code     0  startup_stm32l1xx_md.o(.text)
    DMA1_Channel1_IRQHandler                 0x08000123   Thumb Code     0  startup_stm32l1xx_md.o(.text)
    DMA1_Channel2_IRQHandler                 0x08000123   Thumb Code     0  startup_stm32l1xx_md.o(.text)
    DMA1_Channel3_IRQHandler                 0x08000123   Thumb Code     0  startup_stm32l1xx_md.o(.text)
    DMA1_Channel4_IRQHandler                 0x08000123   Thumb Code     0  startup_stm32l1xx_md.o(.text)
    DMA1_Channel5_IRQHandler                 0x08000123   Thumb Code     0  startup_stm32l1xx_md.o(.text)
    DMA1_Channel6_IRQHandler                 0x08000123   Thumb Code     0  startup_stm32l1xx_md.o(.text)
    DMA1_Channel7_IRQHandler                 0x08000123   Thumb Code     0  startup_stm32l1xx_md.o(.text)
    FLASH_IRQHandler                         0x08000123   Thumb Code     0  startup_stm32l1xx_md.o(.text)
    I2C1_ER_IRQHandler                       0x08000123   Thumb Code     0  startup_stm32l1xx_md.o(.text)
    I2C1_EV_IRQHandler                       0x08000123   Thumb Code     0  startup_stm32l1xx_md.o(.text)
    I2C2_ER_IRQHandler                       0x08000123   Thumb Code     0  startup_stm32l1xx_md.o(.text)
    I2C2_EV_IRQHandler                       0x08000123   Thumb Code     0  startup_stm32l1xx_md.o(.text)
    LCD_IRQHandler                           0x08000123   Thumb Code     0  startup_stm32l1xx_md.o(.text)
    PVD_IRQHandler                           0x08000123   Thumb Code     0  startup_stm32l1xx_md.o(.text)
    RCC_IRQHandler                           0x08000123   Thumb Code     0  startup_stm32l1xx_md.o(.text)
    RTC_WKUP_IRQHandler                      0x08000123   Thumb Code     0  startup_stm32l1xx_md.o(.text)
    SPI1_IRQHandler                          0x08000123   Thumb Code     0  startup_stm32l1xx_md.o(.text)
    SPI2_IRQHandler                          0x08000123   Thumb Code     0  startup_stm32l1xx_md.o(.text)
    TAMPER_STAMP_IRQHandler                  0x08000123   Thumb Code     0  startup_stm32l1xx_md.o(.text)
    TIM10_IRQHandler                         0x08000123   Thumb Code     0  startup_stm32l1xx_md.o(.text)
    TIM11_IRQHandler                         0x08000123   Thumb Code     0  startup_stm32l1xx_md.o(.text)
    TIM4_IRQHandler                          0x08000123   Thumb Code     0  startup_stm32l1xx_md.o(.text)
    TIM6_IRQHandler                          0x08000123   Thumb Code     0  startup_stm32l1xx_md.o(.text)
    TIM7_IRQHandler                          0x08000123   Thumb Code     0  startup_stm32l1xx_md.o(.text)
    TIM9_IRQHandler                          0x08000123   Thumb Code     0  startup_stm32l1xx_md.o(.text)
    USART2_IRQHandler                        0x08000123   Thumb Code     0  startup_stm32l1xx_md.o(.text)
    USART3_IRQHandler                        0x08000123   Thumb Code     0  startup_stm32l1xx_md.o(.text)
    USB_FS_WKUP_IRQHandler                   0x08000123   Thumb Code     0  startup_stm32l1xx_md.o(.text)
    USB_HP_IRQHandler                        0x08000123   Thumb Code     0  startup_stm32l1xx_md.o(.text)
    USB_LP_IRQHandler                        0x08000123   Thumb Code     0  startup_stm32l1xx_md.o(.text)
    WWDG_IRQHandler                          0x08000123   Thumb Code     0  startup_stm32l1xx_md.o(.text)
    __aeabi_memcpy                           0x0800012d   Thumb Code    36  memcpya.o(.text)
    __aeabi_memcpy4                          0x0800012d   Thumb Code     0  memcpya.o(.text)
    __aeabi_memcpy8                          0x0800012d   Thumb Code     0  memcpya.o(.text)
    __aeabi_memset                           0x08000151   Thumb Code    14  memseta.o(.text)
    __aeabi_memset4                          0x08000151   Thumb Code     0  memseta.o(.text)
    __aeabi_memset8                          0x08000151   Thumb Code     0  memseta.o(.text)
    __aeabi_memclr                           0x0800015f   Thumb Code     4  memseta.o(.text)
    __aeabi_memclr4                          0x0800015f   Thumb Code     0  memseta.o(.text)
    __aeabi_memclr8                          0x0800015f   Thumb Code     0  memseta.o(.text)
    _memset$wrapper                          0x08000163   Thumb Code    18  memseta.o(.text)
    strlen                                   0x08000175   Thumb Code    14  strlen.o(.text)
    strncmp                                  0x08000183   Thumb Code    30  strncmp.o(.text)
    __aeabi_dadd                             0x080001a1   Thumb Code   322  dadd.o(.text)
    __aeabi_dsub                             0x080002e3   Thumb Code     6  dadd.o(.text)
    __aeabi_drsub                            0x080002e9   Thumb Code     6  dadd.o(.text)
    __aeabi_dmul                             0x080002ef   Thumb Code   228  dmul.o(.text)
    __aeabi_ddiv                             0x080003d3   Thumb Code   222  ddiv.o(.text)
    __ARM_scalbn                             0x080004b1   Thumb Code    46  dscalb.o(.text)
    scalbn                                   0x080004b1   Thumb Code     0  dscalb.o(.text)
    __aeabi_i2d                              0x080004df   Thumb Code    34  dflti.o(.text)
    __aeabi_ui2d                             0x08000501   Thumb Code    26  dfltui.o(.text)
    __aeabi_ul2d                             0x0800051b   Thumb Code    24  dfltul.o(.text)
    __aeabi_d2iz                             0x08000533   Thumb Code    62  dfixi.o(.text)
    __aeabi_d2uiz                            0x08000571   Thumb Code    50  dfixui.o(.text)
    __aeabi_d2ulz                            0x080005a3   Thumb Code    48  dfixul.o(.text)
    __aeabi_cdcmpeq                          0x080005d5   Thumb Code     0  cdcmple.o(.text)
    __aeabi_cdcmple                          0x080005d5   Thumb Code    48  cdcmple.o(.text)
    __aeabi_cdrcmple                         0x08000605   Thumb Code    48  cdrcmple.o(.text)
    __aeabi_llsl                             0x08000635   Thumb Code    30  llshl.o(.text)
    _ll_shift_l                              0x08000635   Thumb Code     0  llshl.o(.text)
    __aeabi_llsr                             0x08000653   Thumb Code    32  llushr.o(.text)
    _ll_ushift_r                             0x08000653   Thumb Code     0  llushr.o(.text)
    __aeabi_lasr                             0x08000673   Thumb Code    36  llsshr.o(.text)
    _ll_sshift_r                             0x08000673   Thumb Code     0  llsshr.o(.text)
    __I$use$fp                               0x08000697   Thumb Code     0  iusefp.o(.text)
    _double_round                            0x08000697   Thumb Code    30  depilogue.o(.text)
    _double_epilogue                         0x080006b5   Thumb Code   156  depilogue.o(.text)
    _drnd                                    0x08000751   Thumb Code   132  drnd.o(.text)
    __scatterload                            0x080007d9   Thumb Code    28  init.o(.text)
    __scatterload_rt2                        0x080007d9   Thumb Code     0  init.o(.text)
    ADC_CommonInit                           0x080007fd   Thumb Code    16  stm32l1xx_adc.o(i.ADC_CommonInit)
    ADC_DeInit                               0x08000811   Thumb Code    32  stm32l1xx_adc.o(i.ADC_DeInit)
    ADC_DelaySelectionConfig                 0x08000835   Thumb Code    12  stm32l1xx_adc.o(i.ADC_DelaySelectionConfig)
    ADC_Init                                 0x08000841   Thumb Code    66  stm32l1xx_adc.o(i.ADC_Init)
    ADC_StructInit                           0x0800088d   Thumb Code    24  stm32l1xx_adc.o(i.ADC_StructInit)
    AdcInit                                  0x080008a5   Thumb Code    38  adc.o(i.AdcInit)
    AdcMcuFormat                             0x080008d1   Thumb Code   212  adc-board.o(i.AdcMcuFormat)
    AdcMcuInit                               0x080009a9   Thumb Code    34  adc-board.o(i.AdcMcuInit)
    BoardDeInitMcu                           0x080009d1   Thumb Code    92  board.o(i.BoardDeInitMcu)
    BoardInitMcu                             0x08000a35   Thumb Code   102  board.o(i.BoardInitMcu)
    BoardInitPeriph                          0x08000aad   Thumb Code    90  board.o(i.BoardInitPeriph)
    BusFault_Handler                         0x08000b4f   Thumb Code     2  sysirqhandlers.o(i.BusFault_Handler)
    DBGMCU_Config                            0x08000b51   Thumb Code    22  stm32l1xx_dbgmcu.o(i.DBGMCU_Config)
    DebugMon_Handler                         0x08000b6d   Thumb Code     2  sysirqhandlers.o(i.DebugMon_Handler)
    Delay10us                                0x08000b6f   Thumb Code    10  i2c_lcd.o(i.Delay10us)
    DelayMs                                  0x08000b79   Thumb Code    30  delay.o(i.DelayMs)
    EXTI0_IRQHandler                         0x08000b99   Thumb Code    42  gpio-board.o(i.EXTI0_IRQHandler)
    EXTI15_10_IRQHandler                     0x08000bc9   Thumb Code   166  gpio-board.o(i.EXTI15_10_IRQHandler)
    EXTI1_IRQHandler                         0x08000c75   Thumb Code    42  gpio-board.o(i.EXTI1_IRQHandler)
    EXTI2_IRQHandler                         0x08000ca5   Thumb Code    42  gpio-board.o(i.EXTI2_IRQHandler)
    EXTI3_IRQHandler                         0x08000cd5   Thumb Code    42  gpio-board.o(i.EXTI3_IRQHandler)
    EXTI4_IRQHandler                         0x08000d05   Thumb Code    42  gpio-board.o(i.EXTI4_IRQHandler)
    EXTI9_5_IRQHandler                       0x08000d35   Thumb Code   130  gpio-board.o(i.EXTI9_5_IRQHandler)
    EXTI_ClearITPendingBit                   0x08000dbd   Thumb Code     6  stm32l1xx_exti.o(i.EXTI_ClearITPendingBit)
    EXTI_GetITStatus                         0x08000dc9   Thumb Code    16  stm32l1xx_exti.o(i.EXTI_GetITStatus)
    EXTI_Init                                0x08000ddd   Thumb Code   110  stm32l1xx_exti.o(i.EXTI_Init)
    FifoPop                                  0x08000e61   Thumb Code    30  fifo.o(i.FifoPop)
    FifoPush                                 0x08000e7f   Thumb Code    22  fifo.o(i.FifoPush)
    FlushVal                                 0x08000e95   Thumb Code    56  i2c_lcd.o(i.FlushVal)
    GPIO_Init                                0x08000ed1   Thumb Code   122  stm32l1xx_gpio.o(i.GPIO_Init)
    GPIO_PinAFConfig                         0x08000f4b   Thumb Code    32  stm32l1xx_gpio.o(i.GPIO_PinAFConfig)
    GPIO_ReadInputDataBit                    0x08000f6b   Thumb Code    14  stm32l1xx_gpio.o(i.GPIO_ReadInputDataBit)
    GPIO_ResetBits                           0x08000f79   Thumb Code     4  stm32l1xx_gpio.o(i.GPIO_ResetBits)
    GPIO_SetBits                             0x08000f7d   Thumb Code     4  stm32l1xx_gpio.o(i.GPIO_SetBits)
    GpioInit                                 0x08000fad   Thumb Code    24  gpio.o(i.GpioInit)
    GpioMcuInit                              0x08000fc5   Thumb Code   124  gpio-board.o(i.GpioMcuInit)
    GpioMcuRead                              0x08001049   Thumb Code    26  gpio-board.o(i.GpioMcuRead)
    GpioMcuSetInterrupt                      0x08001065   Thumb Code   242  gpio-board.o(i.GpioMcuSetInterrupt)
    GpioMcuWrite                             0x0800115d   Thumb Code    38  gpio-board.o(i.GpioMcuWrite)
    GpioRead                                 0x08001183   Thumb Code    20  gpio.o(i.GpioRead)
    GpioSetInterrupt                         0x08001197   Thumb Code    24  gpio.o(i.GpioSetInterrupt)
    GpioWrite                                0x080011af   Thumb Code    18  gpio.o(i.GpioWrite)
    I2C_LCD_BackLight                        0x080011c1   Thumb Code    20  i2c_lcd.o(i.I2C_LCD_BackLight)
    I2C_LCD_Init                             0x080011d9   Thumb Code   120  i2c_lcd.o(i.I2C_LCD_Init)
    I2C_LCD_NewLine                          0x08001255   Thumb Code     4  i2c_lcd.o(i.I2C_LCD_NewLine)
    I2C_LCD_Puts                             0x08001259   Thumb Code    24  i2c_lcd.o(i.I2C_LCD_Puts)
    I2C_LCD_WriteCmd                         0x08001271   Thumb Code    40  i2c_lcd.o(i.I2C_LCD_WriteCmd)
    I2C_Read                                 0x0800129d   Thumb Code   138  soft_i2c.o(i.I2C_Read)
    I2C_Start                                0x0800132d   Thumb Code    62  soft_i2c.o(i.I2C_Start)
    I2C_Stop                                 0x08001371   Thumb Code    62  soft_i2c.o(i.I2C_Stop)
    I2C_Write                                0x080013b5   Thumb Code   144  soft_i2c.o(i.I2C_Write)
    IsFifoEmpty                              0x08001449   Thumb Code    16  fifo.o(i.IsFifoEmpty)
    IsFifoFull                               0x08001459   Thumb Code    26  fifo.o(i.IsFifoFull)
    LCD_WaitBusy                             0x08001475   Thumb Code    88  i2c_lcd.o(i.LCD_WaitBusy)
    LCD_Write_4bit                           0x080014d1   Thumb Code    68  i2c_lcd.o(i.LCD_Write_4bit)
    LCD_Write_Chr                            0x08001519   Thumb Code    42  i2c_lcd.o(i.LCD_Write_Chr)
    Lcd                                      0x08001549   Thumb Code    20  i2c_lcd.o(i.Lcd)
    MemManage_Handler                        0x0800155d   Thumb Code     2  sysirqhandlers.o(i.MemManage_Handler)
    Mode                                     0x08001561   Thumb Code     6  main.o(i.Mode)
    ModeLcd                                  0x08001579   Thumb Code   134  main.o(i.ModeLcd)
    NMI_Handler                              0x08001609   Thumb Code     2  sysirqhandlers.o(i.NMI_Handler)
    NVIC_Init                                0x0800160d   Thumb Code    98  misc.o(i.NVIC_Init)
    NVIC_PriorityGroupConfig                 0x08001675   Thumb Code    10  misc.o(i.NVIC_PriorityGroupConfig)
    OnRxDone                                 0x08001689   Thumb Code    44  main.o(i.OnRxDone)
    OnRxError                                0x080016c1   Thumb Code    16  main.o(i.OnRxError)
    OnRxTimeout                              0x080016d9   Thumb Code    16  main.o(i.OnRxTimeout)
    OnTxDone                                 0x080016f1   Thumb Code    16  main.o(i.OnTxDone)
    OnTxTimeout                              0x08001709   Thumb Code    16  main.o(i.OnTxTimeout)
    PWR_EnterSTOPMode                        0x08001721   Thumb Code    42  stm32l1xx_pwr.o(i.PWR_EnterSTOPMode)
    PWR_FastWakeUpCmd                        0x08001755   Thumb Code     6  stm32l1xx_pwr.o(i.PWR_FastWakeUpCmd)
    PWR_PVDCmd                               0x08001761   Thumb Code     6  stm32l1xx_pwr.o(i.PWR_PVDCmd)
    PWR_RTCAccessCmd                         0x0800176d   Thumb Code     6  stm32l1xx_pwr.o(i.PWR_RTCAccessCmd)
    PWR_UltraLowPowerCmd                     0x08001779   Thumb Code     6  stm32l1xx_pwr.o(i.PWR_UltraLowPowerCmd)
    RCC_AHBPeriphClockCmd                    0x08001785   Thumb Code    22  stm32l1xx_rcc.o(i.RCC_AHBPeriphClockCmd)
    RCC_APB1PeriphClockCmd                   0x080017a1   Thumb Code    22  stm32l1xx_rcc.o(i.RCC_APB1PeriphClockCmd)
    RCC_APB1PeriphResetCmd                   0x080017bd   Thumb Code    22  stm32l1xx_rcc.o(i.RCC_APB1PeriphResetCmd)
    RCC_APB2PeriphClockCmd                   0x080017d9   Thumb Code    22  stm32l1xx_rcc.o(i.RCC_APB2PeriphClockCmd)
    RCC_APB2PeriphResetCmd                   0x080017f5   Thumb Code    22  stm32l1xx_rcc.o(i.RCC_APB2PeriphResetCmd)
    RCC_GetFlagStatus                        0x08001811   Thumb Code    38  stm32l1xx_rcc.o(i.RCC_GetFlagStatus)
    RCC_GetSYSCLKSource                      0x0800183d   Thumb Code    10  stm32l1xx_rcc.o(i.RCC_GetSYSCLKSource)
    RCC_HSEConfig                            0x0800184d   Thumb Code    10  stm32l1xx_rcc.o(i.RCC_HSEConfig)
    RCC_HSICmd                               0x0800185d   Thumb Code     6  stm32l1xx_rcc.o(i.RCC_HSICmd)
    RCC_LSEConfig                            0x08001869   Thumb Code    10  stm32l1xx_rcc.o(i.RCC_LSEConfig)
    RCC_PLLCmd                               0x08001879   Thumb Code     6  stm32l1xx_rcc.o(i.RCC_PLLCmd)
    RCC_RTCCLKCmd                            0x08001885   Thumb Code     6  stm32l1xx_rcc.o(i.RCC_RTCCLKCmd)
    RCC_RTCCLKConfig                         0x08001891   Thumb Code    48  stm32l1xx_rcc.o(i.RCC_RTCCLKConfig)
    RCC_RTCResetCmd                          0x080018c5   Thumb Code     6  stm32l1xx_rcc.o(i.RCC_RTCResetCmd)
    RCC_SYSCLKConfig                         0x080018d1   Thumb Code    14  stm32l1xx_rcc.o(i.RCC_SYSCLKConfig)
    RTC_AlarmCmd                             0x080018e5   Thumb Code    88  stm32l1xx_rtc.o(i.RTC_AlarmCmd)
    RTC_Alarm_IRQHandler                     0x08001941   Thumb Code    42  rtc-board.o(i.RTC_Alarm_IRQHandler)
    RTC_ClearFlag                            0x08001995   Thumb Code    24  stm32l1xx_rtc.o(i.RTC_ClearFlag)
    RTC_ClearITPendingBit                    0x080019b1   Thumb Code    24  stm32l1xx_rtc.o(i.RTC_ClearITPendingBit)
    RTC_DateStructInit                       0x080019cd   Thumb Code    14  stm32l1xx_rtc.o(i.RTC_DateStructInit)
    RTC_EnterInitMode                        0x080019dd   Thumb Code    62  stm32l1xx_rtc.o(i.RTC_EnterInitMode)
    RTC_ExitInitMode                         0x08001a21   Thumb Code    12  stm32l1xx_rtc.o(i.RTC_ExitInitMode)
    RTC_GetDate                              0x08001a31   Thumb Code    64  stm32l1xx_rtc.o(i.RTC_GetDate)
    RTC_GetITStatus                          0x08001a79   Thumb Code    58  stm32l1xx_rtc.o(i.RTC_GetITStatus)
    RTC_GetTime                              0x08001ab9   Thumb Code    68  stm32l1xx_rtc.o(i.RTC_GetTime)
    RTC_ITConfig                             0x08001b05   Thumb Code    64  stm32l1xx_rtc.o(i.RTC_ITConfig)
    RTC_Init                                 0x08001b49   Thumb Code    74  stm32l1xx_rtc.o(i.RTC_Init)
    RTC_SetAlarm                             0x08001b99   Thumb Code   184  stm32l1xx_rtc.o(i.RTC_SetAlarm)
    RTC_SetDate                              0x08001c55   Thumb Code   156  stm32l1xx_rtc.o(i.RTC_SetDate)
    RTC_SetTime                              0x08001cf9   Thumb Code   160  stm32l1xx_rtc.o(i.RTC_SetTime)
    RTC_TimeStructInit                       0x08001da1   Thumb Code    12  stm32l1xx_rtc.o(i.RTC_TimeStructInit)
    RTC_WaitForSynchro                       0x08001dad   Thumb Code    70  stm32l1xx_rtc.o(i.RTC_WaitForSynchro)
    RtcDelayMs                               0x08001e19   Thumb Code    46  rtc-board.o(i.RtcDelayMs)
    RtcEnterLowPowerStopMode                 0x08001e49   Thumb Code    52  rtc-board.o(i.RtcEnterLowPowerStopMode)
    RtcGetMinimumTimeout                     0x08001f95   Thumb Code     6  rtc-board.o(i.RtcGetMinimumTimeout)
    RtcGetTimerElapsedTime                   0x08001f9d   Thumb Code    48  rtc-board.o(i.RtcGetTimerElapsedTime)
    RtcGetTimerValue                         0x08001fd9   Thumb Code    32  rtc-board.o(i.RtcGetTimerValue)
    RtcInit                                  0x08002001   Thumb Code    24  rtc-board.o(i.RtcInit)
    RtcRecoverMcuStatus                      0x0800201d   Thumb Code    88  rtc-board.o(i.RtcRecoverMcuStatus)
    RtcSetTimeout                            0x08002151   Thumb Code    66  rtc-board.o(i.RtcSetTimeout)
    SPI_Cmd                                  0x0800233d   Thumb Code    24  stm32l1xx_spi.o(i.SPI_Cmd)
    SPI_I2S_DeInit                           0x08002355   Thumb Code    88  stm32l1xx_spi.o(i.SPI_I2S_DeInit)
    SPI_I2S_GetFlagStatus                    0x080023b9   Thumb Code    14  stm32l1xx_spi.o(i.SPI_I2S_GetFlagStatus)
    SPI_I2S_ReceiveData                      0x080023c7   Thumb Code     4  stm32l1xx_spi.o(i.SPI_I2S_ReceiveData)
    SPI_I2S_SendData                         0x080023cb   Thumb Code     4  stm32l1xx_spi.o(i.SPI_I2S_SendData)
    SPI_Init                                 0x080023cf   Thumb Code    56  stm32l1xx_spi.o(i.SPI_Init)
    SPI_StructInit                           0x08002407   Thumb Code    24  stm32l1xx_spi.o(i.SPI_StructInit)
    SX1272AntSwDeInit                        0x08002421   Thumb Code    40  sx1272-board.o(i.SX1272AntSwDeInit)
    SX1272AntSwInit                          0x0800244d   Thumb Code    42  sx1272-board.o(i.SX1272AntSwInit)
    SX1272CheckRfFrequency                   0x0800247d   Thumb Code     4  sx1272-board.o(i.SX1272CheckRfFrequency)
    SX1272GetPaSelect                        0x08002481   Thumb Code     4  sx1272-board.o(i.SX1272GetPaSelect)
    SX1272GetStatus                          0x08002485   Thumb Code     8  sx1272.o(i.SX1272GetStatus)
    SX1272GetTimeOnAir                       0x08002491   Thumb Code   492  sx1272.o(i.SX1272GetTimeOnAir)
    SX1272Init                               0x080026a5   Thumb Code   102  sx1272.o(i.SX1272Init)
    SX1272IoDeInit                           0x0800271d   Thumb Code   132  sx1272-board.o(i.SX1272IoDeInit)
    SX1272IoInit                             0x080027a5   Thumb Code   132  sx1272-board.o(i.SX1272IoInit)
    SX1272IoIrqInit                          0x0800282d   Thumb Code    90  sx1272-board.o(i.SX1272IoIrqInit)
    SX1272IsChannelFree                      0x0800288d   Thumb Code    56  sx1272.o(i.SX1272IsChannelFree)
    SX1272OnDio0Irq                          0x080028c5   Thumb Code   570  sx1272.o(i.SX1272OnDio0Irq)
    SX1272OnDio1Irq                          0x08002b11   Thumb Code   208  sx1272.o(i.SX1272OnDio1Irq)
    SX1272OnDio2Irq                          0x08002be9   Thumb Code   220  sx1272.o(i.SX1272OnDio2Irq)
    SX1272OnDio3Irq                          0x08002cd5   Thumb Code    86  sx1272.o(i.SX1272OnDio3Irq)
    SX1272OnDio4Irq                          0x08002d35   Thumb Code    26  sx1272.o(i.SX1272OnDio4Irq)
    SX1272OnTimeoutIrq                       0x08002d55   Thumb Code   130  sx1272.o(i.SX1272OnTimeoutIrq)
    SX1272Random                             0x08002de5   Thumb Code    62  sx1272.o(i.SX1272Random)
    SX1272Read                               0x08002e23   Thumb Code    16  sx1272.o(i.SX1272Read)
    SX1272ReadBuffer                         0x08002e35   Thumb Code    68  sx1272.o(i.SX1272ReadBuffer)
    SX1272ReadFifo                           0x08002e7d   Thumb Code    10  sx1272.o(i.SX1272ReadFifo)
    SX1272ReadRssi                           0x08002e87   Thumb Code    38  sx1272.o(i.SX1272ReadRssi)
    SX1272Reset                              0x08002ead   Thumb Code    54  sx1272.o(i.SX1272Reset)
    SX1272Send                               0x08002ee9   Thumb Code   242  sx1272.o(i.SX1272Send)
    SX1272SetAntSw                           0x08002fe5   Thumb Code    64  sx1272-board.o(i.SX1272SetAntSw)
    SX1272SetAntSwLowPower                   0x0800302d   Thumb Code    22  sx1272-board.o(i.SX1272SetAntSwLowPower)
    SX1272SetChannel                         0x08003049   Thumb Code    58  sx1272.o(i.SX1272SetChannel)
    SX1272SetMaxPayloadLength                0x0800308d   Thumb Code    54  sx1272.o(i.SX1272SetMaxPayloadLength)
    SX1272SetModem                           0x080030c9   Thumb Code   114  sx1272.o(i.SX1272SetModem)
    SX1272SetOpMode                          0x08003141   Thumb Code    72  sx1272.o(i.SX1272SetOpMode)
    SX1272SetRx                              0x0800318d   Thumb Code   424  sx1272.o(i.SX1272SetRx)
    SX1272SetRxConfig                        0x0800334d   Thumb Code   546  sx1272.o(i.SX1272SetRxConfig)
    SX1272SetSleep                           0x08003579   Thumb Code    34  sx1272.o(i.SX1272SetSleep)
    SX1272SetStby                            0x080035a1   Thumb Code    34  sx1272.o(i.SX1272SetStby)
    SX1272SetTx                              0x080035c9   Thumb Code   166  sx1272.o(i.SX1272SetTx)
    SX1272SetTxConfig                        0x08003675   Thumb Code   704  sx1272.o(i.SX1272SetTxConfig)
    SX1272StartCad                           0x08003941   Thumb Code    58  sx1272.o(i.SX1272StartCad)
    SX1272Write                              0x08003981   Thumb Code    12  sx1272.o(i.SX1272Write)
    SX1272WriteBuffer                        0x0800398d   Thumb Code    66  sx1272.o(i.SX1272WriteBuffer)
    SX1272WriteFifo                          0x080039d5   Thumb Code    10  sx1272.o(i.SX1272WriteFifo)
    SYSCFG_EXTILineConfig                    0x080039e1   Thumb Code    34  stm32l1xx_syscfg.o(i.SYSCFG_EXTILineConfig)
    SpiDeInit                                0x08003ad5   Thumb Code   104  spi-board.o(i.SpiDeInit)
    SpiFormat                                0x08003b3d   Thumb Code   118  spi-board.o(i.SpiFormat)
    SpiFrequency                             0x08003bb9   Thumb Code   104  spi-board.o(i.SpiFrequency)
    SpiInOut                                 0x08003c29   Thumb Code    58  spi-board.o(i.SpiInOut)
    SpiInit                                  0x08003c65   Thumb Code   236  spi-board.o(i.SpiInit)
    SystemInit                               0x08003d5d   Thumb Code    68  system_stm32l1xx.o(i.SystemInit)
    TIM2_IRQHandler                          0x08003db1   Thumb Code    56  timer-board.o(i.TIM2_IRQHandler)
    TIM3_IRQHandler                          0x08003ded   Thumb Code    34  timer-board.o(i.TIM3_IRQHandler)
    TIM_ClearITPendingBit                    0x08003e15   Thumb Code     6  stm32l1xx_tim.o(i.TIM_ClearITPendingBit)
    TIM_Cmd                                  0x08003e1b   Thumb Code    24  stm32l1xx_tim.o(i.TIM_Cmd)
    TIM_GetITStatus                          0x08003e33   Thumb Code    24  stm32l1xx_tim.o(i.TIM_GetITStatus)
    TIM_ITConfig                             0x08003e4b   Thumb Code    20  stm32l1xx_tim.o(i.TIM_ITConfig)
    TIM_TimeBaseInit                         0x08003e61   Thumb Code    70  stm32l1xx_tim.o(i.TIM_TimeBaseInit)
    TimerGetLowPowerEnable                   0x08003ed9   Thumb Code     6  timer.o(i.TimerGetLowPowerEnable)
    TimerGetValue                            0x08003ee5   Thumb Code    24  timer.o(i.TimerGetValue)
    TimerHwDelayMs                           0x08003f01   Thumb Code    26  timer-board.o(i.TimerHwDelayMs)
    TimerHwEnterLowPowerStopMode             0x08003f1b   Thumb Code     2  timer-board.o(i.TimerHwEnterLowPowerStopMode)
    TimerHwGetDelayValue                     0x08003f1d   Thumb Code    10  timer-board.o(i.TimerHwGetDelayValue)
    TimerHwGetElapsedTime                    0x08003f2d   Thumb Code    42  timer-board.o(i.TimerHwGetElapsedTime)
    TimerHwGetMinimumTimeout                 0x08003f5d   Thumb Code     4  timer-board.o(i.TimerHwGetMinimumTimeout)
    TimerHwGetTimerValue                     0x08003f61   Thumb Code    12  timer-board.o(i.TimerHwGetTimerValue)
    TimerHwInit                              0x08003f71   Thumb Code   194  timer-board.o(i.TimerHwInit)
    TimerHwStart                             0x0800403d   Thumb Code    50  timer-board.o(i.TimerHwStart)
    TimerIncrementDelayCounter               0x08004075   Thumb Code    14  timer-board.o(i.TimerIncrementDelayCounter)
    TimerIncrementTickCounter                0x08004089   Thumb Code    22  timer-board.o(i.TimerIncrementTickCounter)
    TimerInit                                0x080040a5   Thumb Code    14  timer.o(i.TimerInit)
    TimerIrqHandler                          0x08004139   Thumb Code    80  timer.o(i.TimerIrqHandler)
    TimerLowPowerHandler                     0x0800418d   Thumb Code    44  timer.o(i.TimerLowPowerHandler)
    TimerSetLowPowerEnable                   0x080041bd   Thumb Code     6  timer.o(i.TimerSetLowPowerEnable)
    TimerSetValue                            0x080041e5   Thumb Code    40  timer.o(i.TimerSetValue)
    TimerStart                               0x08004211   Thumb Code    94  timer.o(i.TimerStart)
    TimerStop                                0x08004275   Thumb Code   138  timer.o(i.TimerStop)
    USART1_IRQHandler                        0x08004305   Thumb Code   148  uart-board.o(i.USART1_IRQHandler)
    USART_GetITStatus                        0x080043a1   Thumb Code    64  stm32l1xx_usart.o(i.USART_GetITStatus)
    USART_ITConfig                           0x080043e1   Thumb Code    54  stm32l1xx_usart.o(i.USART_ITConfig)
    USART_ReceiveData                        0x08004417   Thumb Code     8  stm32l1xx_usart.o(i.USART_ReceiveData)
    USART_SendData                           0x0800441f   Thumb Code     8  stm32l1xx_usart.o(i.USART_SendData)
    UsageFault_Handler                       0x08004427   Thumb Code     2  sysirqhandlers.o(i.UsageFault_Handler)
    VX_I2C_Init                              0x08004429   Thumb Code    64  soft_i2c.o(i.VX_I2C_Init)
    __scatterload_copy                       0x0800446d   Thumb Code    14  handlers.o(i.__scatterload_copy)
    __scatterload_null                       0x0800447b   Thumb Code     2  handlers.o(i.__scatterload_null)
    __scatterload_zeroinit                   0x0800447d   Thumb Code    14  handlers.o(i.__scatterload_zeroinit)
    ceil                                     0x0800448d   Thumb Code   204  ceil.o(i.ceil)
    floor                                    0x08004569   Thumb Code   204  floor.o(i.floor)
    itoa                                     0x08004645   Thumb Code    58  i2c_lcd.o(i.itoa)
    main                                     0x08004685   Thumb Code   578  main.o(i.main)
    memcpy1                                  0x08004901   Thumb Code    18  utilities.o(i.memcpy1)
    round                                    0x08004915   Thumb Code   136  round.o(i.round)
    strrev                                   0x080049a9   Thumb Code    62  i2c_lcd.o(i.strrev)
    PingMsg                                  0x080049e6   Data           8  main.o(.constdata)
    PongMsg                                  0x080049ee   Data           8  main.o(.constdata)
    Radio                                    0x08004a10   Data          84  sx1272-board.o(.constdata)
    RadioRegsInit                            0x08004a64   Data          48  sx1272.o(.constdata)
    FskBandwidths                            0x08004a94   Data         176  sx1272.o(.constdata)
    Region$$Table$$Base                      0x08004b44   Number         0  anon$$obj.o(Region$$Table)
    Region$$Table$$Limit                     0x08004b64   Number         0  anon$$obj.o(Region$$Table)
    State                                    0x20000000   Data           1  main.o(.data)
    RssiValue                                0x20000001   Data           1  main.o(.data)
    SnrValue                                 0x20000002   Data           1  main.o(.data)
    BufferSize                               0x20000004   Data           2  main.o(.data)
    TimerDelayCounter                        0x20000020   Data           4  timer-board.o(.data)
    TimerTickCounter                         0x20000028   Data           8  timer-board.o(.data)
    TimeoutCntValue                          0x20000038   Data           8  timer-board.o(.data)
    SystemCoreClock                          0x20000040   Data           4  system_stm32l1xx.o(.data)
    PLLMulTable                              0x20000044   Data           9  system_stm32l1xx.o(.data)
    AHBPrescTable                            0x2000004d   Data          16  system_stm32l1xx.o(.data)
    DioIrq                                   0x20000068   Data          24  sx1272.o(.data)
    HasLoopedThroughMain                     0x20000085   Data           1  timer.o(.data)
    Buffer                                   0x200000bc   Data          64  main.o(.bss)
    Led2                                     0x20000118   Data          12  board.o(.bss)
    Led3                                     0x20000124   Data          12  board.o(.bss)
    Led4                                     0x20000130   Data          12  board.o(.bss)
    Adc                                      0x2000013c   Data          16  board.o(.bss)
    Uart1                                    0x2000014c   Data          56  board.o(.bss)
    SPI_InitStructure                        0x200001c4   Data          18  spi-board.o(.bss)
    AntRx                                    0x200001d8   Data          12  sx1272-board.o(.bss)
    AntTx                                    0x200001e4   Data          12  sx1272-board.o(.bss)
    SX1272                                   0x200002f0   Data         232  sx1272.o(.bss)
    TxTimeoutTimer                           0x200003d8   Data          20  sx1272.o(.bss)
    RxTimeoutTimer                           0x200003ec   Data          20  sx1272.o(.bss)
    RxTimeoutSyncWord                        0x20000400   Data          20  sx1272.o(.bss)
    __initial_sp                             0x20000818   Data           0  startup_stm32l1xx_md.o(STACK)



==============================================================================

Memory Map of the image

  Image Entry point : 0x080000f5

  Load Region LR_IROM1 (Base: 0x08000000, Size: 0x00004c20, Max: 0x00020000, ABSOLUTE)

    Execution Region ER_IROM1 (Base: 0x08000000, Size: 0x00004b64, Max: 0x00020000, ABSOLUTE)

    Base Addr    Size         Type   Attr      Idx    E Section Name        Object

    0x08000000   0x000000f4   Data   RO          945    RESET               startup_stm32l1xx_md.o
    0x080000f4   0x00000000   Code   RO         4247  * .ARM.Collect$$$$00000000  mc_w.l(entry.o)
    0x080000f4   0x00000004   Code   RO         4288    .ARM.Collect$$$$00000001  mc_w.l(entry2.o)
    0x080000f8   0x00000004   Code   RO         4291    .ARM.Collect$$$$00000004  mc_w.l(entry5.o)
    0x080000fc   0x00000000   Code   RO         4293    .ARM.Collect$$$$00000008  mc_w.l(entry7b.o)
    0x080000fc   0x00000000   Code   RO         4295    .ARM.Collect$$$$0000000A  mc_w.l(entry8b.o)
    0x080000fc   0x00000008   Code   RO         4296    .ARM.Collect$$$$0000000B  mc_w.l(entry9a.o)
    0x08000104   0x00000000   Code   RO         4298    .ARM.Collect$$$$0000000D  mc_w.l(entry10a.o)
    0x08000104   0x00000000   Code   RO         4300    .ARM.Collect$$$$0000000F  mc_w.l(entry11a.o)
    0x08000104   0x00000004   Code   RO         4289    .ARM.Collect$$$$00002712  mc_w.l(entry2.o)
    0x08000108   0x00000024   Code   RO          946    .text               startup_stm32l1xx_md.o
    0x0800012c   0x00000024   Code   RO         4250    .text               mc_w.l(memcpya.o)
    0x08000150   0x00000024   Code   RO         4252    .text               mc_w.l(memseta.o)
    0x08000174   0x0000000e   Code   RO         4254    .text               mc_w.l(strlen.o)
    0x08000182   0x0000001e   Code   RO         4256    .text               mc_w.l(strncmp.o)
    0x080001a0   0x0000014e   Code   RO         4262    .text               mf_w.l(dadd.o)
    0x080002ee   0x000000e4   Code   RO         4264    .text               mf_w.l(dmul.o)
    0x080003d2   0x000000de   Code   RO         4266    .text               mf_w.l(ddiv.o)
    0x080004b0   0x0000002e   Code   RO         4268    .text               mf_w.l(dscalb.o)
    0x080004de   0x00000022   Code   RO         4270    .text               mf_w.l(dflti.o)
    0x08000500   0x0000001a   Code   RO         4272    .text               mf_w.l(dfltui.o)
    0x0800051a   0x00000018   Code   RO         4274    .text               mf_w.l(dfltul.o)
    0x08000532   0x0000003e   Code   RO         4278    .text               mf_w.l(dfixi.o)
    0x08000570   0x00000032   Code   RO         4280    .text               mf_w.l(dfixui.o)
    0x080005a2   0x00000030   Code   RO         4282    .text               mf_w.l(dfixul.o)
    0x080005d2   0x00000002   PAD
    0x080005d4   0x00000030   Code   RO         4284    .text               mf_w.l(cdcmple.o)
    0x08000604   0x00000030   Code   RO         4286    .text               mf_w.l(cdrcmple.o)
    0x08000634   0x0000001e   Code   RO         4302    .text               mc_w.l(llshl.o)
    0x08000652   0x00000020   Code   RO         4304    .text               mc_w.l(llushr.o)
    0x08000672   0x00000024   Code   RO         4306    .text               mc_w.l(llsshr.o)
    0x08000696   0x00000000   Code   RO         4308    .text               mc_w.l(iusefp.o)
    0x08000696   0x000000ba   Code   RO         4309    .text               mf_w.l(depilogue.o)
    0x08000750   0x00000088   Code   RO         4311    .text               mf_w.l(drnd.o)
    0x080007d8   0x00000024   Code   RO         4313    .text               mc_w.l(init.o)
    0x080007fc   0x00000014   Code   RO         1102    i.ADC_CommonInit    stm32l1xx_adc.o
    0x08000810   0x00000024   Code   RO         1107    i.ADC_DeInit        stm32l1xx_adc.o
    0x08000834   0x0000000c   Code   RO         1108    i.ADC_DelaySelectionConfig  stm32l1xx_adc.o
    0x08000840   0x0000004c   Code   RO         1121    i.ADC_Init          stm32l1xx_adc.o
    0x0800088c   0x00000018   Code   RO         1130    i.ADC_StructInit    stm32l1xx_adc.o
    0x080008a4   0x0000002c   Code   RO         3784    i.AdcInit           adc.o
    0x080008d0   0x000000d8   Code   RO          260    i.AdcMcuFormat      adc-board.o
    0x080009a8   0x00000028   Code   RO          261    i.AdcMcuInit        adc-board.o
    0x080009d0   0x00000064   Code   RO          305    i.BoardDeInitMcu    board.o
    0x08000a34   0x00000078   Code   RO          309    i.BoardInitMcu      board.o
    0x08000aac   0x00000060   Code   RO          310    i.BoardInitPeriph   board.o
    0x08000b0c   0x00000042   Code   RO          313    i.BoardUnusedIoInit  board.o
    0x08000b4e   0x00000002   Code   RO         3462    i.BusFault_Handler  sysirqhandlers.o
    0x08000b50   0x0000001c   Code   RO         1338    i.DBGMCU_Config     stm32l1xx_dbgmcu.o
    0x08000b6c   0x00000002   Code   RO         3463    i.DebugMon_Handler  sysirqhandlers.o
    0x08000b6e   0x0000000a   Code   RO         4095    i.Delay10us         i2c_lcd.o
    0x08000b78   0x0000001e   Code   RO         3818    i.DelayMs           delay.o
    0x08000b96   0x00000002   PAD
    0x08000b98   0x00000030   Code   RO          384    i.EXTI0_IRQHandler  gpio-board.o
    0x08000bc8   0x000000ac   Code   RO          385    i.EXTI15_10_IRQHandler  gpio-board.o
    0x08000c74   0x00000030   Code   RO          386    i.EXTI1_IRQHandler  gpio-board.o
    0x08000ca4   0x00000030   Code   RO          387    i.EXTI2_IRQHandler  gpio-board.o
    0x08000cd4   0x00000030   Code   RO          388    i.EXTI3_IRQHandler  gpio-board.o
    0x08000d04   0x00000030   Code   RO          389    i.EXTI4_IRQHandler  gpio-board.o
    0x08000d34   0x00000088   Code   RO          390    i.EXTI9_5_IRQHandler  gpio-board.o
    0x08000dbc   0x0000000c   Code   RO         1461    i.EXTI_ClearITPendingBit  stm32l1xx_exti.o
    0x08000dc8   0x00000014   Code   RO         1465    i.EXTI_GetITStatus  stm32l1xx_exti.o
    0x08000ddc   0x00000074   Code   RO         1466    i.EXTI_Init         stm32l1xx_exti.o
    0x08000e50   0x00000010   Code   RO         3843    i.FifoNext          fifo.o
    0x08000e60   0x0000001e   Code   RO         3844    i.FifoPop           fifo.o
    0x08000e7e   0x00000016   Code   RO         3845    i.FifoPush          fifo.o
    0x08000e94   0x0000003c   Code   RO         4096    i.FlushVal          i2c_lcd.o
    0x08000ed0   0x0000007a   Code   RO         1523    i.GPIO_Init         stm32l1xx_gpio.o
    0x08000f4a   0x00000020   Code   RO         1524    i.GPIO_PinAFConfig  stm32l1xx_gpio.o
    0x08000f6a   0x0000000e   Code   RO         1527    i.GPIO_ReadInputDataBit  stm32l1xx_gpio.o
    0x08000f78   0x00000004   Code   RO         1530    i.GPIO_ResetBits    stm32l1xx_gpio.o
    0x08000f7c   0x00000004   Code   RO         1531    i.GPIO_SetBits      stm32l1xx_gpio.o
    0x08000f80   0x0000002c   Code   RO         3564    i.GetFskBandwidthRegValue  sx1272.o
    0x08000fac   0x00000018   Code   RO         3890    i.GpioInit          gpio.o
    0x08000fc4   0x00000084   Code   RO          391    i.GpioMcuInit       gpio-board.o
    0x08001048   0x0000001a   Code   RO          392    i.GpioMcuRead       gpio-board.o
    0x08001062   0x00000002   PAD
    0x08001064   0x000000f8   Code   RO          394    i.GpioMcuSetInterrupt  gpio-board.o
    0x0800115c   0x00000026   Code   RO          395    i.GpioMcuWrite      gpio-board.o
    0x08001182   0x00000014   Code   RO         3891    i.GpioRead          gpio.o
    0x08001196   0x00000018   Code   RO         3893    i.GpioSetInterrupt  gpio.o
    0x080011ae   0x00000012   Code   RO         3894    i.GpioWrite         gpio.o
    0x080011c0   0x00000018   Code   RO         4097    i.I2C_LCD_BackLight  i2c_lcd.o
    0x080011d8   0x0000007c   Code   RO         4099    i.I2C_LCD_Init      i2c_lcd.o
    0x08001254   0x00000004   Code   RO         4100    i.I2C_LCD_NewLine   i2c_lcd.o
    0x08001258   0x00000018   Code   RO         4101    i.I2C_LCD_Puts      i2c_lcd.o
    0x08001270   0x0000002c   Code   RO         4102    i.I2C_LCD_WriteCmd  i2c_lcd.o
    0x0800129c   0x00000090   Code   RO         4195    i.I2C_Read          soft_i2c.o
    0x0800132c   0x00000044   Code   RO         4196    i.I2C_Start         soft_i2c.o
    0x08001370   0x00000044   Code   RO         4197    i.I2C_Stop          soft_i2c.o
    0x080013b4   0x00000094   Code   RO         4198    i.I2C_Write         soft_i2c.o
    0x08001448   0x00000010   Code   RO         3846    i.IsFifoEmpty       fifo.o
    0x08001458   0x0000001a   Code   RO         3847    i.IsFifoFull        fifo.o
    0x08001472   0x00000002   PAD
    0x08001474   0x0000005c   Code   RO         4103    i.LCD_WaitBusy      i2c_lcd.o
    0x080014d0   0x00000048   Code   RO         4104    i.LCD_Write_4bit    i2c_lcd.o
    0x08001518   0x00000030   Code   RO         4105    i.LCD_Write_Chr     i2c_lcd.o
    0x08001548   0x00000014   Code   RO         4106    i.Lcd               i2c_lcd.o
    0x0800155c   0x00000002   Code   RO         3464    i.MemManage_Handler  sysirqhandlers.o
    0x0800155e   0x00000002   PAD
    0x08001560   0x00000018   Code   RO            3    i.Mode              main.o
    0x08001578   0x00000090   Code   RO            4    i.ModeLcd           main.o
    0x08001608   0x00000002   Code   RO         3465    i.NMI_Handler       sysirqhandlers.o
    0x0800160a   0x00000002   PAD
    0x0800160c   0x00000068   Code   RO         1050    i.NVIC_Init         misc.o
    0x08001674   0x00000014   Code   RO         1051    i.NVIC_PriorityGroupConfig  misc.o
    0x08001688   0x00000038   Code   RO            5    i.OnRxDone          main.o
    0x080016c0   0x00000018   Code   RO            6    i.OnRxError         main.o
    0x080016d8   0x00000018   Code   RO            7    i.OnRxTimeout       main.o
    0x080016f0   0x00000018   Code   RO            8    i.OnTxDone          main.o
    0x08001708   0x00000018   Code   RO            9    i.OnTxTimeout       main.o
    0x08001720   0x00000034   Code   RO         1836    i.PWR_EnterSTOPMode  stm32l1xx_pwr.o
    0x08001754   0x0000000c   Code   RO         1838    i.PWR_FastWakeUpCmd  stm32l1xx_pwr.o
    0x08001760   0x0000000c   Code   RO         1840    i.PWR_PVDCmd        stm32l1xx_pwr.o
    0x0800176c   0x0000000c   Code   RO         1842    i.PWR_RTCAccessCmd  stm32l1xx_pwr.o
    0x08001778   0x0000000c   Code   RO         1843    i.PWR_UltraLowPowerCmd  stm32l1xx_pwr.o
    0x08001784   0x0000001c   Code   RO         1930    i.RCC_AHBPeriphClockCmd  stm32l1xx_rcc.o
    0x080017a0   0x0000001c   Code   RO         1933    i.RCC_APB1PeriphClockCmd  stm32l1xx_rcc.o
    0x080017bc   0x0000001c   Code   RO         1935    i.RCC_APB1PeriphResetCmd  stm32l1xx_rcc.o
    0x080017d8   0x0000001c   Code   RO         1936    i.RCC_APB2PeriphClockCmd  stm32l1xx_rcc.o
    0x080017f4   0x0000001c   Code   RO         1938    i.RCC_APB2PeriphResetCmd  stm32l1xx_rcc.o
    0x08001810   0x0000002c   Code   RO         1946    i.RCC_GetFlagStatus  stm32l1xx_rcc.o
    0x0800183c   0x00000010   Code   RO         1948    i.RCC_GetSYSCLKSource  stm32l1xx_rcc.o
    0x0800184c   0x00000010   Code   RO         1950    i.RCC_HSEConfig     stm32l1xx_rcc.o
    0x0800185c   0x0000000c   Code   RO         1951    i.RCC_HSICmd        stm32l1xx_rcc.o
    0x08001868   0x00000010   Code   RO         1954    i.RCC_LSEConfig     stm32l1xx_rcc.o
    0x08001878   0x0000000c   Code   RO         1961    i.RCC_PLLCmd        stm32l1xx_rcc.o
    0x08001884   0x0000000c   Code   RO         1963    i.RCC_RTCCLKCmd     stm32l1xx_rcc.o
    0x08001890   0x00000034   Code   RO         1964    i.RCC_RTCCLKConfig  stm32l1xx_rcc.o
    0x080018c4   0x0000000c   Code   RO         1965    i.RCC_RTCResetCmd   stm32l1xx_rcc.o
    0x080018d0   0x00000014   Code   RO         1966    i.RCC_SYSCLKConfig  stm32l1xx_rcc.o
    0x080018e4   0x0000005c   Code   RO         2174    i.RTC_AlarmCmd      stm32l1xx_rtc.o
    0x08001940   0x0000002a   Code   RO          538    i.RTC_Alarm_IRQHandler  rtc-board.o
    0x0800196a   0x00000012   Code   RO         2177    i.RTC_Bcd2ToByte    stm32l1xx_rtc.o
    0x0800197c   0x00000018   Code   RO         2179    i.RTC_ByteToBcd2    stm32l1xx_rtc.o
    0x08001994   0x0000001c   Code   RO         2182    i.RTC_ClearFlag     stm32l1xx_rtc.o
    0x080019b0   0x0000001c   Code   RO         2183    i.RTC_ClearITPendingBit  stm32l1xx_rtc.o
    0x080019cc   0x0000000e   Code   RO         2186    i.RTC_DateStructInit  stm32l1xx_rtc.o
    0x080019da   0x00000002   PAD
    0x080019dc   0x00000044   Code   RO         2189    i.RTC_EnterInitMode  stm32l1xx_rtc.o
    0x08001a20   0x00000010   Code   RO         2190    i.RTC_ExitInitMode  stm32l1xx_rtc.o
    0x08001a30   0x00000048   Code   RO         2193    i.RTC_GetDate       stm32l1xx_rtc.o
    0x08001a78   0x00000040   Code   RO         2195    i.RTC_GetITStatus   stm32l1xx_rtc.o
    0x08001ab8   0x0000004c   Code   RO         2198    i.RTC_GetTime       stm32l1xx_rtc.o
    0x08001b04   0x00000044   Code   RO         2202    i.RTC_ITConfig      stm32l1xx_rtc.o
    0x08001b48   0x00000050   Code   RO         2203    i.RTC_Init          stm32l1xx_rtc.o
    0x08001b98   0x000000bc   Code   RO         2208    i.RTC_SetAlarm      stm32l1xx_rtc.o
    0x08001c54   0x000000a4   Code   RO         2209    i.RTC_SetDate       stm32l1xx_rtc.o
    0x08001cf8   0x000000a8   Code   RO         2210    i.RTC_SetTime       stm32l1xx_rtc.o
    0x08001da0   0x0000000c   Code   RO         2223    i.RTC_TimeStructInit  stm32l1xx_rtc.o
    0x08001dac   0x0000004c   Code   RO         2224    i.RTC_WaitForSynchro  stm32l1xx_rtc.o
    0x08001df8   0x00000020   Code   RO          539    i.RtcClearStatus    rtc-board.o
    0x08001e18   0x0000002e   Code   RO          540    i.RtcDelayMs        rtc-board.o
    0x08001e46   0x00000002   PAD
    0x08001e48   0x00000038   Code   RO          541    i.RtcEnterLowPowerStopMode  rtc-board.o
    0x08001e80   0x00000114   Code   RO          542    i.RtcGetCalendarValue  rtc-board.o
    0x08001f94   0x00000006   Code   RO          543    i.RtcGetMinimumTimeout  rtc-board.o
    0x08001f9a   0x00000002   PAD
    0x08001f9c   0x0000003c   Code   RO          544    i.RtcGetTimerElapsedTime  rtc-board.o
    0x08001fd8   0x00000028   Code   RO          545    i.RtcGetTimerValue  rtc-board.o
    0x08002000   0x0000001c   Code   RO          546    i.RtcInit           rtc-board.o
    0x0800201c   0x0000005c   Code   RO          547    i.RtcRecoverMcuStatus  rtc-board.o
    0x08002078   0x00000064   Code   RO          548    i.RtcSetAlarmConfig  rtc-board.o
    0x080020dc   0x00000074   Code   RO          549    i.RtcSetConfig      rtc-board.o
    0x08002150   0x00000050   Code   RO          550    i.RtcSetTimeout     rtc-board.o
    0x080021a0   0x0000019c   Code   RO          551    i.RtcStartWakeUpAlarm  rtc-board.o
    0x0800233c   0x00000018   Code   RO         2521    i.SPI_Cmd           stm32l1xx_spi.o
    0x08002354   0x00000064   Code   RO         2528    i.SPI_I2S_DeInit    stm32l1xx_spi.o
    0x080023b8   0x0000000e   Code   RO         2529    i.SPI_I2S_GetFlagStatus  stm32l1xx_spi.o
    0x080023c6   0x00000004   Code   RO         2532    i.SPI_I2S_ReceiveData  stm32l1xx_spi.o
    0x080023ca   0x00000004   Code   RO         2533    i.SPI_I2S_SendData  stm32l1xx_spi.o
    0x080023ce   0x00000038   Code   RO         2534    i.SPI_Init          stm32l1xx_spi.o
    0x08002406   0x00000018   Code   RO         2537    i.SPI_StructInit    stm32l1xx_spi.o
    0x0800241e   0x00000002   PAD
    0x08002420   0x0000002c   Code   RO          705    i.SX1272AntSwDeInit  sx1272-board.o
    0x0800244c   0x00000030   Code   RO          706    i.SX1272AntSwInit   sx1272-board.o
    0x0800247c   0x00000004   Code   RO          707    i.SX1272CheckRfFrequency  sx1272-board.o
    0x08002480   0x00000004   Code   RO          708    i.SX1272GetPaSelect  sx1272-board.o
    0x08002484   0x0000000c   Code   RO         3565    i.SX1272GetStatus   sx1272.o
    0x08002490   0x00000214   Code   RO         3566    i.SX1272GetTimeOnAir  sx1272.o
    0x080026a4   0x00000078   Code   RO         3567    i.SX1272Init        sx1272.o
    0x0800271c   0x00000088   Code   RO          709    i.SX1272IoDeInit    sx1272-board.o
    0x080027a4   0x00000088   Code   RO          710    i.SX1272IoInit      sx1272-board.o
    0x0800282c   0x00000060   Code   RO          711    i.SX1272IoIrqInit   sx1272-board.o
    0x0800288c   0x00000038   Code   RO         3568    i.SX1272IsChannelFree  sx1272.o
    0x080028c4   0x0000024c   Code   RO         3569    i.SX1272OnDio0Irq   sx1272.o
    0x08002b10   0x000000d8   Code   RO         3570    i.SX1272OnDio1Irq   sx1272.o
    0x08002be8   0x000000ec   Code   RO         3571    i.SX1272OnDio2Irq   sx1272.o
    0x08002cd4   0x00000060   Code   RO         3572    i.SX1272OnDio3Irq   sx1272.o
    0x08002d34   0x00000020   Code   RO         3573    i.SX1272OnDio4Irq   sx1272.o
    0x08002d54   0x00000090   Code   RO         3575    i.SX1272OnTimeoutIrq  sx1272.o
    0x08002de4   0x0000003e   Code   RO         3576    i.SX1272Random      sx1272.o
    0x08002e22   0x00000010   Code   RO         3577    i.SX1272Read        sx1272.o
    0x08002e32   0x00000002   PAD
    0x08002e34   0x00000048   Code   RO         3578    i.SX1272ReadBuffer  sx1272.o
    0x08002e7c   0x0000000a   Code   RO         3579    i.SX1272ReadFifo    sx1272.o
    0x08002e86   0x00000026   Code   RO         3580    i.SX1272ReadRssi    sx1272.o
    0x08002eac   0x0000003c   Code   RO         3581    i.SX1272Reset       sx1272.o
    0x08002ee8   0x000000fc   Code   RO         3582    i.SX1272Send        sx1272.o
    0x08002fe4   0x00000048   Code   RO          712    i.SX1272SetAntSw    sx1272-board.o
    0x0800302c   0x0000001c   Code   RO          713    i.SX1272SetAntSwLowPower  sx1272-board.o
    0x08003048   0x00000044   Code   RO         3583    i.SX1272SetChannel  sx1272.o
    0x0800308c   0x0000003c   Code   RO         3584    i.SX1272SetMaxPayloadLength  sx1272.o
    0x080030c8   0x00000078   Code   RO         3585    i.SX1272SetModem    sx1272.o
    0x08003140   0x0000004c   Code   RO         3586    i.SX1272SetOpMode   sx1272.o
    0x0800318c   0x000001c0   Code   RO         3587    i.SX1272SetRx       sx1272.o
    0x0800334c   0x0000022c   Code   RO         3588    i.SX1272SetRxConfig  sx1272.o
    0x08003578   0x00000028   Code   RO         3589    i.SX1272SetSleep    sx1272.o
    0x080035a0   0x00000028   Code   RO         3590    i.SX1272SetStby     sx1272.o
    0x080035c8   0x000000ac   Code   RO         3591    i.SX1272SetTx       sx1272.o
    0x08003674   0x000002cc   Code   RO         3592    i.SX1272SetTxConfig  sx1272.o
    0x08003940   0x00000040   Code   RO         3593    i.SX1272StartCad    sx1272.o
    0x08003980   0x0000000c   Code   RO         3594    i.SX1272Write       sx1272.o
    0x0800398c   0x00000048   Code   RO         3595    i.SX1272WriteBuffer  sx1272.o
    0x080039d4   0x0000000a   Code   RO         3596    i.SX1272WriteFifo   sx1272.o
    0x080039de   0x00000002   PAD
    0x080039e0   0x00000028   Code   RO         2669    i.SYSCFG_EXTILineConfig  stm32l1xx_syscfg.o
    0x08003a08   0x000000cc   Code   RO          952    i.SetSysClock       system_stm32l1xx.o
    0x08003ad4   0x00000068   Code   RO          658    i.SpiDeInit         spi-board.o
    0x08003b3c   0x0000007c   Code   RO          659    i.SpiFormat         spi-board.o
    0x08003bb8   0x00000070   Code   RO          660    i.SpiFrequency      spi-board.o
    0x08003c28   0x0000003a   Code   RO          661    i.SpiInOut          spi-board.o
    0x08003c62   0x00000002   PAD
    0x08003c64   0x000000f8   Code   RO          662    i.SpiInit           spi-board.o
    0x08003d5c   0x00000054   Code   RO          954    i.SystemInit        system_stm32l1xx.o
    0x08003db0   0x0000003c   Code   RO          788    i.TIM2_IRQHandler   timer-board.o
    0x08003dec   0x00000028   Code   RO          789    i.TIM3_IRQHandler   timer-board.o
    0x08003e14   0x00000006   Code   RO         2767    i.TIM_ClearITPendingBit  stm32l1xx_tim.o
    0x08003e1a   0x00000018   Code   RO         2772    i.TIM_Cmd           stm32l1xx_tim.o
    0x08003e32   0x00000018   Code   RO         2792    i.TIM_GetITStatus   stm32l1xx_tim.o
    0x08003e4a   0x00000014   Code   RO         2796    i.TIM_ITConfig      stm32l1xx_tim.o
    0x08003e5e   0x00000002   PAD
    0x08003e60   0x0000005c   Code   RO         2840    i.TIM_TimeBaseInit  stm32l1xx_tim.o
    0x08003ebc   0x0000001c   Code   RO         3992    i.TimerExists       timer.o
    0x08003ed8   0x0000000c   Code   RO         3994    i.TimerGetLowPowerEnable  timer.o
    0x08003ee4   0x0000001c   Code   RO         3995    i.TimerGetValue     timer.o
    0x08003f00   0x0000001a   Code   RO          791    i.TimerHwDelayMs    timer-board.o
    0x08003f1a   0x00000002   Code   RO          792    i.TimerHwEnterLowPowerStopMode  timer-board.o
    0x08003f1c   0x00000010   Code   RO          793    i.TimerHwGetDelayValue  timer-board.o
    0x08003f2c   0x00000030   Code   RO          794    i.TimerHwGetElapsedTime  timer-board.o
    0x08003f5c   0x00000004   Code   RO          795    i.TimerHwGetMinimumTimeout  timer-board.o
    0x08003f60   0x00000010   Code   RO          797    i.TimerHwGetTimerValue  timer-board.o
    0x08003f70   0x000000cc   Code   RO          798    i.TimerHwInit       timer-board.o
    0x0800403c   0x00000038   Code   RO          799    i.TimerHwStart      timer-board.o
    0x08004074   0x00000014   Code   RO          801    i.TimerIncrementDelayCounter  timer-board.o
    0x08004088   0x0000001c   Code   RO          802    i.TimerIncrementTickCounter  timer-board.o
    0x080040a4   0x0000000e   Code   RO         3996    i.TimerInit         timer.o
    0x080040b2   0x00000002   PAD
    0x080040b4   0x00000028   Code   RO         3997    i.TimerInsertNewHeadTimer  timer.o
    0x080040dc   0x0000005c   Code   RO         3998    i.TimerInsertTimer  timer.o
    0x08004138   0x00000054   Code   RO         3999    i.TimerIrqHandler   timer.o
    0x0800418c   0x00000030   Code   RO         4000    i.TimerLowPowerHandler  timer.o
    0x080041bc   0x0000000c   Code   RO         4002    i.TimerSetLowPowerEnable  timer.o
    0x080041c8   0x0000001c   Code   RO         4003    i.TimerSetTimeout   timer.o
    0x080041e4   0x0000002c   Code   RO         4004    i.TimerSetValue     timer.o
    0x08004210   0x00000064   Code   RO         4005    i.TimerStart        timer.o
    0x08004274   0x00000090   Code   RO         4006    i.TimerStop         timer.o
    0x08004304   0x0000009c   Code   RO          895    i.USART1_IRQHandler  uart-board.o
    0x080043a0   0x00000040   Code   RO         3282    i.USART_GetITStatus  stm32l1xx_usart.o
    0x080043e0   0x00000036   Code   RO         3284    i.USART_ITConfig    stm32l1xx_usart.o
    0x08004416   0x00000008   Code   RO         3292    i.USART_ReceiveData  stm32l1xx_usart.o
    0x0800441e   0x00000008   Code   RO         3295    i.USART_SendData    stm32l1xx_usart.o
    0x08004426   0x00000002   Code   RO         3466    i.UsageFault_Handler  sysirqhandlers.o
    0x08004428   0x00000044   Code   RO         4199    i.VX_I2C_Init       soft_i2c.o
    0x0800446c   0x0000000e   Code   RO         4317    i.__scatterload_copy  mc_w.l(handlers.o)
    0x0800447a   0x00000002   Code   RO         4318    i.__scatterload_null  mc_w.l(handlers.o)
    0x0800447c   0x0000000e   Code   RO         4319    i.__scatterload_zeroinit  mc_w.l(handlers.o)
    0x0800448a   0x00000002   PAD
    0x0800448c   0x000000dc   Code   RO         4238    i.ceil              m_ws.l(ceil.o)
    0x08004568   0x000000dc   Code   RO         4242    i.floor             m_ws.l(floor.o)
    0x08004644   0x00000040   Code   RO         4107    i.itoa              i2c_lcd.o
    0x08004684   0x0000027c   Code   RO           10    i.main              main.o
    0x08004900   0x00000012   Code   RO         3507    i.memcpy1           utilities.o
    0x08004912   0x00000002   PAD
    0x08004914   0x00000094   Code   RO         4245    i.round             m_ws.l(round.o)
    0x080049a8   0x0000003e   Code   RO         4108    i.strrev            i2c_lcd.o
    0x080049e6   0x00000010   Data   RO           12    .constdata          main.o
    0x080049f6   0x00000018   Data   RO          553    .constdata          rtc-board.o
    0x08004a0e   0x00000002   PAD
    0x08004a10   0x00000054   Data   RO          715    .constdata          sx1272-board.o
    0x08004a64   0x000000e0   Data   RO         3598    .constdata          sx1272.o
    0x08004b44   0x00000020   Data   RO         4315    Region$$Table       anon$$obj.o


    Execution Region RW_IRAM1 (Base: 0x20000000, Size: 0x00000818, Max: 0x00004000, ABSOLUTE)

    Base Addr    Size         Type   Attr      Idx    E Section Name        Object

    0x20000000   0x00000006   Data   RW           13    .data               main.o
    0x20000006   0x00000001   Data   RW          317    .data               board.o
    0x20000007   0x00000001   PAD
    0x20000008   0x00000010   Data   RW          554    .data               rtc-board.o
    0x20000018   0x00000001   Data   RW          716    .data               sx1272-board.o
    0x20000019   0x00000007   PAD
    0x20000020   0x00000020   Data   RW          803    .data               timer-board.o
    0x20000040   0x0000001d   Data   RW          955    .data               system_stm32l1xx.o
    0x2000005d   0x00000003   PAD
    0x20000060   0x00000020   Data   RW         3599    .data               sx1272.o
    0x20000080   0x00000001   Data   RW         3786    .data               adc.o
    0x20000081   0x00000003   PAD
    0x20000084   0x00000008   Data   RW         4007    .data               timer.o
    0x2000008c   0x0000002e   Data   RW         4109    .data               i2c_lcd.o
    0x200000ba   0x00000002   PAD
    0x200000bc   0x0000005c   Zero   RW           11    .bss                main.o
    0x20000118   0x00000034   Zero   RW          314    .bss                board.o
    0x2000014c   0x00000038   Zero   RW          316    .bss                board.o
    0x20000184   0x00000040   Zero   RW          396    .bss                gpio-board.o
    0x200001c4   0x00000012   Zero   RW          663    .bss                spi-board.o
    0x200001d6   0x00000002   PAD
    0x200001d8   0x00000018   Zero   RW          714    .bss                sx1272-board.o
    0x200001f0   0x00000224   Zero   RW         3597    .bss                sx1272.o
    0x20000414   0x00000004   PAD
    0x20000418   0x00000400   Zero   RW          943    STACK               startup_stm32l1xx_md.o


==============================================================================

Image component sizes


      Code (inc. data)   RO Data    RW Data    ZI Data      Debug   Object Name

       256         10          0          0          0       2056   adc-board.o
        44          6          0          1          0       1090   adc.o
       382         32          0          1        108       2541   board.o
        30          0          0          0          0        546   delay.o
       110          0          0          0          0       2992   fifo.o
       992         56          0          0         64       7720   gpio-board.o
        86          0          0          0          0       2677   gpio.o
       648         36          0         46          0       7892   i2c_lcd.o
       956        136         16          6         92     257831   main.o
       124         16          0          0          0       1835   misc.o
      1386         94         24         16          0      10002   rtc-board.o
       496         26          0          0          0       2848   soft_i2c.o
       646         26          0          0         18       4532   spi-board.o
        36          8        244          0       1024        864   startup_stm32l1xx_md.o
       168         18          0          0          0       4677   stm32l1xx_adc.o
        28          6          0          0          0        648   stm32l1xx_dbgmcu.o
       148         16          0          0          0       2528   stm32l1xx_exti.o
       176          0          0          0          0       3951   stm32l1xx_gpio.o
       100         34          0          0          0       3003   stm32l1xx_pwr.o
       352         88          0          0          0       9344   stm32l1xx_rcc.o
      1256         80          0          0          0      13864   stm32l1xx_rtc.o
       226         12          0          0          0       5148   stm32l1xx_spi.o
        40          6          0          0          0        716   stm32l1xx_syscfg.o
       166         22          0          0          0       4054   stm32l1xx_tim.o
       134          0          0          0          0       3894   stm32l1xx_usart.o
       568         38         84          1         24       8787   sx1272-board.o
      5040        260        224         32        548      24257   sx1272.o
        10          0          0          0          0       2353   sysirqhandlers.o
       288         30          0         29          0      71289   system_stm32l1xx.o
       520         54          0         32          0       7312   timer-board.o
       674         60          0          8          0       8499   timer.o
       156          8          0          0          0        696   uart-board.o
        18          0          0          0          0       1050   utilities.o

    ----------------------------------------------------------------------
     16290       1178        626        188       1884     481496   Object Totals
         0          0         32          0          0          0   (incl. Generated)
        30          0          2         16          6          0   (incl. Padding)

    ----------------------------------------------------------------------

      Code (inc. data)   RO Data    RW Data    ZI Data      Debug   Library Member Name

       220         16          0          0          0         84   ceil.o
       220         16          0          0          0         84   floor.o
       148         12          0          0          0         88   round.o
         0          0          0          0          0          0   entry.o
         0          0          0          0          0          0   entry10a.o
         0          0          0          0          0          0   entry11a.o
         8          4          0          0          0          0   entry2.o
         4          0          0          0          0          0   entry5.o
         0          0          0          0          0          0   entry7b.o
         0          0          0          0          0          0   entry8b.o
         8          4          0          0          0          0   entry9a.o
        30          0          0          0          0          0   handlers.o
        36          8          0          0          0         68   init.o
         0          0          0          0          0          0   iusefp.o
        30          0          0          0          0         68   llshl.o
        36          0          0          0          0         68   llsshr.o
        32          0          0          0          0         68   llushr.o
        36          0          0          0          0         68   memcpya.o
        36          0          0          0          0        108   memseta.o
        14          0          0          0          0         68   strlen.o
        30          0          0          0          0         80   strncmp.o
        48          0          0          0          0         68   cdcmple.o
        48          0          0          0          0         68   cdrcmple.o
       334          0          0          0          0        148   dadd.o
       222          0          0          0          0        100   ddiv.o
       186          0          0          0          0        176   depilogue.o
        62          0          0          0          0         80   dfixi.o
        50          0          0          0          0         76   dfixui.o
        48          0          0          0          0         68   dfixul.o
        34          0          0          0          0         76   dflti.o
        26          0          0          0          0         76   dfltui.o
        24          0          0          0          0         76   dfltul.o
       228          0          0          0          0         96   dmul.o
       136          4          0          0          0         92   drnd.o
        46          0          0          0          0         80   dscalb.o

    ----------------------------------------------------------------------
      2384         64          0          0          0       2132   Library Totals
         4          0          0          0          0          0   (incl. Padding)

    ----------------------------------------------------------------------

      Code (inc. data)   RO Data    RW Data    ZI Data      Debug   Library Name

       588         44          0          0          0        256   m_ws.l
       300         16          0          0          0        596   mc_w.l
      1492          4          0          0          0       1280   mf_w.l

    ----------------------------------------------------------------------
      2384         64          0          0          0       2132   Library Totals

    ----------------------------------------------------------------------

==============================================================================


      Code (inc. data)   RO Data    RW Data    ZI Data      Debug   

     18674       1242        626        188       1884     471456   Grand Totals
     18674       1242        626        188       1884     471456   ELF Image Totals
     18674       1242        626        188          0          0   ROM Totals

==============================================================================

    Total RO  Size (Code + RO Data)                19300 (  18.85kB)
    Total RW  Size (RW Data + ZI Data)              2072 (   2.02kB)
    Total ROM Size (Code + RO Data + RW Data)      19488 (  19.03kB)

==============================================================================

