<html>
<body>
<pre>
<h1>µVision Build Log</h1>
<h2>Tool Versions:</h2>
IDE-Version: µVision V5.13.0.0
Copyright (C) 2014 ARM Ltd and ARM Germany GmbH. All rights reserved.
License Information: CE Max, CEONE, LIC=----
 
Tool Versions:
Toolchain:       MDK-Lite  Version: 5.13.0.0
Toolchain Path:  C:\Keil_v5\ARM\ARMCC\Bin
C Compiler:      Armcc.exe V5.05 update 1 (build 106)
Assembler:       Armasm.exe V5.05 update 1 (build 106)
Linker/Locator:  ArmLink.exe V5.05 update 1 (build 106)
Library Manager: ArmAr.exe V5.05 update 1 (build 106)
Hex Converter:   FromElf.exe V5.05 update 1 (build 106)
CPU DLL:         SARMCM3.DLL V5.13.0.0
Dialog DLL:      DCM.DLL V1.13.1.0
Target DLL:      UL2CM3.DLL V1.154.12.0
Dialog DLL:      TCM.DLL V1.14.4.0
 
<h2>Project:</h2>
C:\Users\MAX\Desktop\LORA\LoRaMac-node-master\Keil\LoRaMote\ping-pong\Ping-Pong.uvproj
Project File Date:  03/11/2016

<h2>Output:</h2>
Build target 'Ping-Pong-868-lora-Bootloader'
compiling main.c...
compiling adc-board.c...
compiling board.c...
compiling gpio-board.c...
compiling gps-board.c...
compiling i2c-board.c...
compiling rtc-board.c...
compiling spi-board.c...
compiling sx1272-board.c...
compiling timer-board.c...
compiling uart-board.c...
assembling startup_stm32l1xx_md.s...
compiling system_stm32l1xx.c...
compiling misc.c...
compiling stm32l1xx_adc.c...
compiling stm32l1xx_dbgmcu.c...
compiling stm32l1xx_dma.c...
compiling stm32l1xx_exti.c...
compiling stm32l1xx_gpio.c...
compiling stm32l1xx_i2c.c...
compiling stm32l1xx_pwr.c...
compiling stm32l1xx_rcc.c...
compiling stm32l1xx_rtc.c...
compiling stm32l1xx_spi.c...
compiling stm32l1xx_syscfg.c...
compiling stm32l1xx_tim.c...
compiling stm32l1xx_usart.c...
compiling sysIrqHandlers.c...
compiling utilities.c...
compiling gpio-ioe.c...
compiling mag3110.c...
compiling mma8451.c...
compiling mpl3115.c...
compiling sx1509.c...
compiling sx9500.c...
compiling sx1272.c...
compiling adc.c...
compiling delay.c...
compiling fifo.c...
compiling gpio.c...
compiling gps.c...
compiling i2c.c...
compiling timer.c...
compiling uart.c...
linking...
Program Size: Code=24636 RO-data=632 RW-data=236 ZI-data=2420  
FromELF: creating hex file...
".\obj\Ping-Pong-868-lora-Bootloader\Ping-Pong.axf" - 0 Error(s), 0 Warning(s).
</pre>
</body>
</html>
