Component: ARM Compiler 5.06 update 1 (build 61) Tool: armlink [4d35a8]

==============================================================================

Section Cross References

    main.o(i.ConvertData) refers to log10f.o(i.log10f) for log10f
    main.o(i.ConvertData) refers to fmul.o(.text) for __aeabi_fmul
    main.o(i.ConvertData) refers to fflti.o(.text) for __aeabi_i2f
    main.o(i.ConvertData) refers to fadd.o(.text) for __aeabi_fadd
    main.o(i.ConvertData) refers to fdiv.o(.text) for __aeabi_fdiv
    main.o(i.ConvertData) refers to f2d.o(.text) for __aeabi_f2d
    main.o(i.ConvertData) refers to powl.o(i.powl) for powl
    main.o(i.ConvertData) refers to d2f.o(.text) for __aeabi_d2f
    main.o(i.Mode) refers to i2c_lcd.o(i.I2C_LCD_Puts) for I2C_LCD_Puts
    main.o(i.ModeLcd) refers to i2c_lcd.o(i.I2C_LCD_NewLine) for I2C_LCD_NewLine
    main.o(i.ModeLcd) refers to i2c_lcd.o(i.I2C_LCD_Puts) for I2C_LCD_Puts
    main.o(i.ModeLcd) refers to main.o(.data) for .data
    main.o(i.OnRxDone) refers to memseta.o(.text) for __aeabi_memclr4
    main.o(i.OnRxDone) refers to memcpya.o(.text) for __aeabi_memcpy
    main.o(i.OnRxDone) refers to gpio.o(i.GpioRead) for GpioRead
    main.o(i.OnRxDone) refers to gpio.o(i.GpioWrite) for GpioWrite
    main.o(i.OnRxDone) refers to printf1.o(i.__0printf$1) for __2printf
    main.o(i.OnRxDone) refers to main.o(.data) for .data
    main.o(i.OnRxDone) refers to board.o(.bss) for Led2
    main.o(i.OnRxError) refers to printf1.o(i.__0printf$1) for __2printf
    main.o(i.OnRxError) refers to main.o(i.NVIC_SystemReset) for NVIC_SystemReset
    main.o(i.OnRxTimeout) refers to printf1.o(i.__0printf$1) for __2printf
    main.o(i.OnRxTimeout) refers to main.o(i.NVIC_SystemReset) for NVIC_SystemReset
    main.o(i.OnTxDone) refers to gpio.o(i.GpioRead) for GpioRead
    main.o(i.OnTxDone) refers to gpio.o(i.GpioWrite) for GpioWrite
    main.o(i.OnTxDone) refers to board.o(.bss) for Led2
    main.o(i.OnTxDone) refers to sx1272-board.o(.constdata) for Radio
    main.o(i.OnTxDone) refers to main.o(.data) for .data
    main.o(i.OnTxTimeout) refers to sx1272-board.o(.constdata) for Radio
    main.o(i.OnTxTimeout) refers to main.o(.data) for .data
    main.o(i.fgetc) refers to stm32l1xx_usart.o(i.USART_ReceiveData) for USART_ReceiveData
    main.o(i.fputc) refers to stm32l1xx_usart.o(i.USART_SendData) for USART_SendData
    main.o(i.fputc) refers to stm32l1xx_usart.o(i.USART_GetFlagStatus) for USART_GetFlagStatus
    main.o(i.int2array) refers to dfltui.o(.text) for __aeabi_ui2d
    main.o(i.int2array) refers to log10.o(i.log10) for log10
    main.o(i.int2array) refers to dfixi.o(.text) for __aeabi_d2iz
    main.o(i.int2array) refers to malloc.o(i.malloc) for malloc
    main.o(i.main) refers to board.o(i.BoardInitMcu) for BoardInitMcu
    main.o(i.main) refers to board.o(i.BoardInitPeriph) for BoardInitPeriph
    main.o(i.main) refers to uart-board.o(i.UartMcuInit) for UartMcuInit
    main.o(i.main) refers to uart-board.o(i.UartMcuConfig) for UartMcuConfig
    main.o(i.main) refers to delay.o(i.DelayMs) for DelayMs
    main.o(i.main) refers to printf1.o(i.__0printf$1) for __2printf
    main.o(i.main) refers to gpio.o(i.GpioWrite) for GpioWrite
    main.o(i.main) refers to memseta.o(.text) for __aeabi_memclr4
    main.o(i.main) refers to main.o(i.GPS_Convert) for GPS_Convert
    main.o(i.main) refers to strcat.o(.text) for strcat
    main.o(i.main) refers to main.o(i.NVIC_SystemReset) for NVIC_SystemReset
    main.o(i.main) refers to main.o(i.int2array) for int2array
    main.o(i.main) refers to malloc.o(i.free) for free
    main.o(i.main) refers to board.o(.bss) for Uart1
    main.o(i.main) refers to main.o(i.OnTxDone) for OnTxDone
    main.o(i.main) refers to main.o(.bss) for .bss
    main.o(i.main) refers to main.o(i.OnRxDone) for OnRxDone
    main.o(i.main) refers to main.o(i.OnTxTimeout) for OnTxTimeout
    main.o(i.main) refers to main.o(i.OnRxTimeout) for OnRxTimeout
    main.o(i.main) refers to main.o(i.OnRxError) for OnRxError
    main.o(i.main) refers to sx1272-board.o(.constdata) for Radio
    main.o(i.main) refers to board.o(.bss) for Led2
    main.o(i.main) refers to uart-board.o(.data) for gps_received
    main.o(i.main) refers to main.o(.data) for .data
    main.o(i.main) refers to uart-board.o(.bss) for received_data
    adc-board.o(i.AdcMcuFormat) refers to stm32l1xx_rcc.o(i.RCC_HSICmd) for RCC_HSICmd
    adc-board.o(i.AdcMcuFormat) refers to stm32l1xx_rcc.o(i.RCC_GetFlagStatus) for RCC_GetFlagStatus
    adc-board.o(i.AdcMcuFormat) refers to stm32l1xx_rcc.o(i.RCC_APB2PeriphClockCmd) for RCC_APB2PeriphClockCmd
    adc-board.o(i.AdcMcuFormat) refers to stm32l1xx_adc.o(i.ADC_CommonInit) for ADC_CommonInit
    adc-board.o(i.AdcMcuFormat) refers to stm32l1xx_adc.o(i.ADC_StructInit) for ADC_StructInit
    adc-board.o(i.AdcMcuFormat) refers to stm32l1xx_adc.o(i.ADC_Init) for ADC_Init
[...]
    i.RTC_SetAlarm                           0x08001844   Section        0  stm32l1xx_rtc.o(i.RTC_SetAlarm)
    i.RTC_SetDate                            0x08001900   Section        0  stm32l1xx_rtc.o(i.RTC_SetDate)
    i.RTC_SetTime                            0x080019a4   Section        0  stm32l1xx_rtc.o(i.RTC_SetTime)
    i.RTC_TimeStructInit                     0x08001a4c   Section        0  stm32l1xx_rtc.o(i.RTC_TimeStructInit)
    i.RTC_WaitForSynchro                     0x08001a58   Section        0  stm32l1xx_rtc.o(i.RTC_WaitForSynchro)
    i.RtcClearStatus                         0x08001aa4   Section        0  rtc-board.o(i.RtcClearStatus)
    RtcClearStatus                           0x08001aa5   Thumb Code    32  rtc-board.o(i.RtcClearStatus)
    i.RtcDelayMs                             0x08001ac4   Section        0  rtc-board.o(i.RtcDelayMs)
    i.RtcGetCalendarValue                    0x08001af4   Section        0  rtc-board.o(i.RtcGetCalendarValue)
    RtcGetCalendarValue                      0x08001af5   Thumb Code   252  rtc-board.o(i.RtcGetCalendarValue)
    i.RtcGetMinimumTimeout                   0x08001c08   Section        0  rtc-board.o(i.RtcGetMinimumTimeout)
    i.RtcGetTimerElapsedTime                 0x08001c10   Section        0  rtc-board.o(i.RtcGetTimerElapsedTime)
    i.RtcGetTimerValue                       0x08001c4c   Section        0  rtc-board.o(i.RtcGetTimerValue)
    i.RtcInit                                0x08001c74   Section        0  rtc-board.o(i.RtcInit)
    i.RtcRecoverMcuStatus                    0x08001c90   Section        0  rtc-board.o(i.RtcRecoverMcuStatus)
    i.RtcSetAlarmConfig                      0x08001cec   Section        0  rtc-board.o(i.RtcSetAlarmConfig)
    RtcSetAlarmConfig                        0x08001ced   Thumb Code   100  rtc-board.o(i.RtcSetAlarmConfig)
    i.RtcSetConfig                           0x08001d50   Section        0  rtc-board.o(i.RtcSetConfig)
    RtcSetConfig                             0x08001d51   Thumb Code   116  rtc-board.o(i.RtcSetConfig)
    i.RtcSetTimeout                          0x08001dc4   Section        0  rtc-board.o(i.RtcSetTimeout)
    i.RtcStartWakeUpAlarm                    0x08001e14   Section        0  rtc-board.o(i.RtcStartWakeUpAlarm)
    RtcStartWakeUpAlarm                      0x08001e15   Thumb Code   388  rtc-board.o(i.RtcStartWakeUpAlarm)
    i.SPI_Cmd                                0x08001fb0   Section        0  stm32l1xx_spi.o(i.SPI_Cmd)
    i.SPI_I2S_GetFlagStatus                  0x08001fc8   Section        0  stm32l1xx_spi.o(i.SPI_I2S_GetFlagStatus)
    i.SPI_I2S_ReceiveData                    0x08001fd6   Section        0  stm32l1xx_spi.o(i.SPI_I2S_ReceiveData)
    i.SPI_I2S_SendData                       0x08001fda   Section        0  stm32l1xx_spi.o(i.SPI_I2S_SendData)
    i.SPI_Init                               0x08001fde   Section        0  stm32l1xx_spi.o(i.SPI_Init)
    i.SPI_StructInit                         0x08002016   Section        0  stm32l1xx_spi.o(i.SPI_StructInit)
    i.SX1272AntSwDeInit                      0x08002030   Section        0  sx1272-board.o(i.SX1272AntSwDeInit)
    i.SX1272AntSwInit                        0x0800205c   Section        0  sx1272-board.o(i.SX1272AntSwInit)
    i.SX1272CheckRfFrequency                 0x0800208c   Section        0  sx1272-board.o(i.SX1272CheckRfFrequency)
    i.SX1272GetPaSelect                      0x08002090   Section        0  sx1272-board.o(i.SX1272GetPaSelect)
    i.SX1272GetStatus                        0x08002094   Section        0  sx1272.o(i.SX1272GetStatus)
    i.SX1272GetTimeOnAir                     0x080020a0   Section        0  sx1272.o(i.SX1272GetTimeOnAir)
    i.SX1272Init                             0x080022b4   Section        0  sx1272.o(i.SX1272Init)
    i.SX1272IoInit                           0x0800232c   Section        0  sx1272-board.o(i.SX1272IoInit)
    i.SX1272IoIrqInit                        0x080023b4   Section        0  sx1272-board.o(i.SX1272IoIrqInit)
    i.SX1272IsChannelFree                    0x08002414   Section        0  sx1272.o(i.SX1272IsChannelFree)
    i.SX1272OnDio0Irq                        0x0800244c   Section        0  sx1272.o(i.SX1272OnDio0Irq)
    i.SX1272OnDio1Irq                        0x08002698   Section        0  sx1272.o(i.SX1272OnDio1Irq)
    i.SX1272OnDio2Irq                        0x08002770   Section        0  sx1272.o(i.SX1272OnDio2Irq)
    i.SX1272OnDio3Irq                        0x0800285c   Section        0  sx1272.o(i.SX1272OnDio3Irq)
    i.SX1272OnDio4Irq                        0x080028bc   Section        0  sx1272.o(i.SX1272OnDio4Irq)
    i.SX1272OnTimeoutIrq                     0x080028dc   Section        0  sx1272.o(i.SX1272OnTimeoutIrq)
    i.SX1272Random                           0x0800296c   Section        0  sx1272.o(i.SX1272Random)
    i.SX1272Read                             0x080029aa   Section        0  sx1272.o(i.SX1272Read)
    i.SX1272ReadBuffer                       0x080029bc   Section        0  sx1272.o(i.SX1272ReadBuffer)
    i.SX1272ReadFifo                         0x08002a04   Section        0  sx1272.o(i.SX1272ReadFifo)
    i.SX1272ReadRssi                         0x08002a0e   Section        0  sx1272.o(i.SX1272ReadRssi)
    i.SX1272Reset                            0x08002a34   Section        0  sx1272.o(i.SX1272Reset)
    i.SX1272Send                             0x08002a70   Section        0  sx1272.o(i.SX1272Send)
    i.SX1272SetAntSw                         0x08002b6c   Section        0  sx1272-board.o(i.SX1272SetAntSw)
    i.SX1272SetAntSwLowPower                 0x08002bb4   Section        0  sx1272-board.o(i.SX1272SetAntSwLowPower)
    i.SX1272SetChannel                       0x08002bd0   Section        0  sx1272.o(i.SX1272SetChannel)
    i.SX1272SetMaxPayloadLength              0x08002c14   Section        0  sx1272.o(i.SX1272SetMaxPayloadLength)
    i.SX1272SetModem                         0x08002c50   Section        0  sx1272.o(i.SX1272SetModem)
    i.SX1272SetOpMode                        0x08002cc8   Section        0  sx1272.o(i.SX1272SetOpMode)
    i.SX1272SetRx                            0x08002d14   Section        0  sx1272.o(i.SX1272SetRx)
    i.SX1272SetRxConfig                      0x08002ed4   Section        0  sx1272.o(i.SX1272SetRxConfig)
    i.SX1272SetSleep                         0x08003100   Section        0  sx1272.o(i.SX1272SetSleep)
    i.SX1272SetStby                          0x08003128   Section        0  sx1272.o(i.SX1272SetStby)
    i.SX1272SetTx                            0x08003150   Section        0  sx1272.o(i.SX1272SetTx)
    i.SX1272SetTxConfig                      0x080031fc   Section        0  sx1272.o(i.SX1272SetTxConfig)
    i.SX1272StartCad                         0x080034c8   Section        0  sx1272.o(i.SX1272StartCad)
    i.SX1272Write                            0x08003508   Section        0  sx1272.o(i.SX1272Write)
    i.SX1272WriteBuffer                      0x08003514   Section        0  sx1272.o(i.SX1272WriteBuffer)
    i.SX1272WriteFifo                        0x0800355c   Section        0  sx1272.o(i.SX1272WriteFifo)
    i.SYSCFG_EXTILineConfig                  0x08003568   Section        0  stm32l1xx_syscfg.o(i.SYSCFG_EXTILineConfig)
    i.SetSysClock                            0x08003590   Section        0  system_stm32l1xx.o(i.SetSysClock)
    SetSysClock                              0x08003591   Thumb Code   190  system_stm32l1xx.o(i.SetSysClock)
    i.SpiFormat                              0x0800365c   Section        0  spi-board.o(i.SpiFormat)
    i.SpiFrequency                           0x080036d8   Section        0  spi-board.o(i.SpiFrequency)
    i.SpiInOut                               0x08003748   Section        0  spi-board.o(i.SpiInOut)
    i.SpiInit                                0x08003784   Section        0  spi-board.o(i.SpiInit)
    i.SystemInit                             0x0800387c   Section        0  system_stm32l1xx.o(i.SystemInit)
    i.TIM2_IRQHandler                        0x080038d0   Section        0  timer-board.o(i.TIM2_IRQHandler)
    i.TIM3_IRQHandler                        0x0800390c   Section        0  timer-board.o(i.TIM3_IRQHandler)
    i.TIM_ClearITPendingBit                  0x08003934   Section        0  stm32l1xx_tim.o(i.TIM_ClearITPendingBit)
    i.TIM_Cmd                                0x0800393a   Section        0  stm32l1xx_tim.o(i.TIM_Cmd)
    i.TIM_GetITStatus                        0x08003952   Section        0  stm32l1xx_tim.o(i.TIM_GetITStatus)
    i.TIM_ITConfig                           0x0800396a   Section        0  stm32l1xx_tim.o(i.TIM_ITConfig)
    i.TIM_TimeBaseInit                       0x08003980   Section        0  stm32l1xx_tim.o(i.TIM_TimeBaseInit)
    i.TimerExists                            0x080039dc   Section        0  timer.o(i.TimerExists)
    TimerExists                              0x080039dd   Thumb Code    24  timer.o(i.TimerExists)
    i.TimerGetLowPowerEnable                 0x080039f8   Section        0  timer.o(i.TimerGetLowPowerEnable)
    i.TimerGetValue                          0x08003a04   Section        0  timer.o(i.TimerGetValue)
    i.TimerHwDelayMs                         0x08003a20   Section        0  timer-board.o(i.TimerHwDelayMs)
    i.TimerHwGetDelayValue                   0x08003a3c   Section        0  timer-board.o(i.TimerHwGetDelayValue)
    i.TimerHwGetElapsedTime                  0x08003a4c   Section        0  timer-board.o(i.TimerHwGetElapsedTime)
    i.TimerHwGetMinimumTimeout               0x08003a7c   Section        0  timer-board.o(i.TimerHwGetMinimumTimeout)
    i.TimerHwGetTimerValue                   0x08003a80   Section        0  timer-board.o(i.TimerHwGetTimerValue)
    i.TimerHwInit                            0x08003a90   Section        0  timer-board.o(i.TimerHwInit)
    i.TimerHwStart                           0x08003b5c   Section        0  timer-board.o(i.TimerHwStart)
    i.TimerIncrementDelayCounter             0x08003b94   Section        0  timer-board.o(i.TimerIncrementDelayCounter)
    i.TimerIncrementTickCounter              0x08003ba8   Section        0  timer-board.o(i.TimerIncrementTickCounter)
    i.TimerInit                              0x08003bc4   Section        0  timer.o(i.TimerInit)
    i.TimerInsertNewHeadTimer                0x08003bd4   Section        0  timer.o(i.TimerInsertNewHeadTimer)
    TimerInsertNewHeadTimer                  0x08003bd5   Thumb Code    34  timer.o(i.TimerInsertNewHeadTimer)
    i.TimerInsertTimer                       0x08003bfc   Section        0  timer.o(i.TimerInsertTimer)
    TimerInsertTimer                         0x08003bfd   Thumb Code    88  timer.o(i.TimerInsertTimer)
    i.TimerIrqHandler                        0x08003c58   Section        0  timer.o(i.TimerIrqHandler)
    i.TimerSetLowPowerEnable                 0x08003cac   Section        0  timer.o(i.TimerSetLowPowerEnable)
    i.TimerSetTimeout                        0x08003cb8   Section        0  timer.o(i.TimerSetTimeout)
    TimerSetTimeout                          0x08003cb9   Thumb Code    22  timer.o(i.TimerSetTimeout)
    i.TimerSetValue                          0x08003cd4   Section        0  timer.o(i.TimerSetValue)
    i.TimerStart                             0x08003d00   Section        0  timer.o(i.TimerStart)
    i.TimerStop                              0x08003d64   Section        0  timer.o(i.TimerStop)
    i.USART1_IRQHandler                      0x08003df4   Section        0  uart-board.o(i.USART1_IRQHandler)
    i.USART_Cmd                              0x08003eb8   Section        0  stm32l1xx_usart.o(i.USART_Cmd)
    i.USART_DeInit                           0x08003ed0   Section        0  stm32l1xx_usart.o(i.USART_DeInit)
    i.USART_GetFlagStatus                    0x08003f74   Section        0  stm32l1xx_usart.o(i.USART_GetFlagStatus)
    i.USART_GetITStatus                      0x08003f82   Section        0  stm32l1xx_usart.o(i.USART_GetITStatus)
    i.USART_ITConfig                         0x08003fc2   Section        0  stm32l1xx_usart.o(i.USART_ITConfig)
    i.USART_Init                             0x08003ff8   Section        0  stm32l1xx_usart.o(i.USART_Init)
    i.USART_ReceiveData                      0x080040ac   Section        0  stm32l1xx_usart.o(i.USART_ReceiveData)
    i.USART_SendData                         0x080040b4   Section        0  stm32l1xx_usart.o(i.USART_SendData)
    i.UartMcuConfig                          0x080040bc   Section        0  uart-board.o(i.UartMcuConfig)
    i.UartMcuInit                            0x080041f0   Section        0  uart-board.o(i.UartMcuInit)
    i.UsageFault_Handler                     0x08004254   Section        0  sysirqhandlers.o(i.UsageFault_Handler)
    i.__0printf$1                            0x08004258   Section        0  printf1.o(i.__0printf$1)
    i.__kernel_poly                          0x08004278   Section        0  poly.o(i.__kernel_poly)
    i.__mathlib_dbl_divzero                  0x08004324   Section        0  dunder.o(i.__mathlib_dbl_divzero)
    i.__mathlib_dbl_infnan                   0x08004334   Section        0  dunder.o(i.__mathlib_dbl_infnan)
    i.__mathlib_dbl_invalid                  0x0800433a   Section        0  dunder.o(i.__mathlib_dbl_invalid)
    i.__scatterload_copy                     0x08004346   Section       14  handlers.o(i.__scatterload_copy)
    i.__scatterload_null                     0x08004354   Section        2  handlers.o(i.__scatterload_null)
    i.__scatterload_zeroinit                 0x08004356   Section       14  handlers.o(i.__scatterload_zeroinit)
    i.__set_errno                            0x08004364   Section        0  errno.o(i.__set_errno)
    i._printf_core                           0x08004370   Section        0  printf1.o(i._printf_core)
    _printf_core                             0x08004371   Thumb Code   336  printf1.o(i._printf_core)
    i.ceil                                   0x080044c4   Section        0  ceil.o(i.ceil)
    i.floor                                  0x080045a0   Section        0  floor.o(i.floor)
    i.fputc                                  0x0800467c   Section        0  main.o(i.fputc)
    i.free                                   0x080046a0   Section        0  malloc.o(i.free)
    i.int2array                              0x080046f0   Section        0  main.o(i.int2array)
    i.log                                    0x08004738   Section        0  log.o(i.log)
    i.log10                                  0x08004a94   Section        0  log10.o(i.log10)
    i.main                                   0x08004b78   Section        0  main.o(i.main)
    i.malloc                                 0x08004dac   Section        0  malloc.o(i.malloc)
    i.memcpy1                                0x08004e18   Section        0  utilities.o(i.memcpy1)
    i.round                                  0x08004e2c   Section        0  round.o(i.round)
    .constdata                               0x08004ec0   Section       24  rtc-board.o(.constdata)
    DaysInMonth                              0x08004ec0   Data          12  rtc-board.o(.constdata)
    DaysInMonthLeapYear                      0x08004ecc   Data          12  rtc-board.o(.constdata)
    .constdata                               0x08004ed8   Section       84  sx1272-board.o(.constdata)
    .constdata                               0x08004f2c   Section      224  sx1272.o(.constdata)
    .constdata                               0x08005010   Section       56  log.o(.constdata)
    Lg2                                      0x08005010   Data          24  log.o(.constdata)
    Lg                                       0x08005028   Data          32  log.o(.constdata)
    .constdata                               0x08005048   Section        8  qnan.o(.constdata)
    .data                                    0x20000000   Section       17  main.o(.data)
    .data                                    0x20000011   Section        1  board.o(.data)
    McuInitialized                           0x20000011   Data           1  board.o(.data)
    .data                                    0x20000018   Section       16  rtc-board.o(.data)
    RtcInitalized                            0x20000018   Data           1  rtc-board.o(.data)
    RtcTimerEventAllowsLowPower              0x20000019   Data           1  rtc-board.o(.data)
    LowPowerDisableDuringTask                0x2000001a   Data           1  rtc-board.o(.data)
    PreviousYear                             0x2000001b   Data           1  rtc-board.o(.data)
    Century                                  0x2000001c   Data           1  rtc-board.o(.data)
    RtcTimerContext                          0x20000020   Data           8  rtc-board.o(.data)
    .data                                    0x20000028   Section        1  sx1272-board.o(.data)
    RadioIsActive                            0x20000028   Data           1  sx1272-board.o(.data)
    .data                                    0x20000030   Section       32  timer-board.o(.data)
    TimerTickCounterContext                  0x20000040   Data           8  timer-board.o(.data)
    .data                                    0x20000050   Section        2  uart-board.o(.data)
    cnt                                      0x20000050   Data           1  uart-board.o(.data)
    .data                                    0x20000054   Section       29  system_stm32l1xx.o(.data)
    .data                                    0x20000071   Section       25  stm32l1xx_rcc.o(.data)
    PLLMulTable                              0x20000071   Data           9  stm32l1xx_rcc.o(.data)
    APBAHBPrescTable                         0x2000007a   Data          16  stm32l1xx_rcc.o(.data)
    .data                                    0x2000008c   Section       32  sx1272.o(.data)
    opModePrev                               0x2000008c   Data           1  sx1272.o(.data)
    RadioEvents                              0x20000090   Data           4  sx1272.o(.data)
    .data                                    0x200000ac   Section        1  adc_1.o(.data)
    AdcInitialized                           0x200000ac   Data           1  adc_1.o(.data)
    .data                                    0x200000b0   Section        8  timer.o(.data)
    LowPowerModeEnable                       0x200000b0   Data           1  timer.o(.data)
    TimerListHead                            0x200000b4   Data           4  timer.o(.data)
    .data                                    0x200000b8   Section        4  stdout.o(.data)
    .data                                    0x200000bc   Section        4  mvars.o(.data)
    .data                                    0x200000c0   Section        4  mvars.o(.data)
    .data                                    0x200000c4   Section        4  errno.o(.data)
    _errno                                   0x200000c4   Data           4  errno.o(.data)
    .bss                                     0x200000c8   Section       28  main.o(.bss)
    RadioEvents                              0x200000c8   Data          28  main.o(.bss)
    .bss                                     0x200000e4   Section       52  board.o(.bss)
    .bss                                     0x20000118   Section       56  board.o(.bss)
    .bss                                     0x20000150   Section       64  gpio-board.o(.bss)
    GpioIrq                                  0x20000150   Data          64  gpio-board.o(.bss)
    .bss                                     0x20000190   Section       18  spi-board.o(.bss)
    .bss                                     0x200001a4   Section       24  sx1272-board.o(.bss)
    .bss                                     0x200001bc   Section       53  uart-board.o(.bss)
    .bss                                     0x200001f4   Section      548  sx1272.o(.bss)
    RxTxBuffer                               0x200001f4   Data         256  sx1272.o(.bss)
    HEAP                                     0x20000418   Section      512  startup_stm32l1xx_md.o(HEAP)
    STACK                                    0x20000618   Section     1024  startup_stm32l1xx_md.o(STACK)

    Global Symbols

    Symbol Name                              Value     Ov Type        Size  Object(Section)

    BuildAttributes$$THM_ISAv4$P$D$K$B$S$PE$A:L22UL41UL21$X:L11$S22US41US21$IEEE1$IW$USESV6$~STKCKD$USESV7$~SHL$OTIME$ROPI$IEEEX$EBA8$MICROLIB$REQ8$PRES8$EABIv2 0x00000000   Number         0  anon$$obj.o ABSOLUTE
    __ARM_use_no_argv                        0x00000000   Number         0  main.o ABSOLUTE
    _printf_a                                0x00000000   Number         0  stubs.o ABSOLUTE
    _printf_c                                0x00000000   Number         0  stubs.o ABSOLUTE
    _printf_charcount                        0x00000000   Number         0  stubs.o ABSOLUTE
    _printf_d                                0x00000000   Number         0  stubs.o ABSOLUTE
    _printf_e                                0x00000000   Number         0  stubs.o ABSOLUTE
    _printf_f                                0x00000000   Number         0  stubs.o ABSOLUTE
    _printf_flags                            0x00000000   Number         0  stubs.o ABSOLUTE
    _printf_fp_dec                           0x00000000   Number         0  stubs.o ABSOLUTE
    _printf_fp_hex                           0x00000000   Number         0  stubs.o ABSOLUTE
    _printf_g                                0x00000000   Number         0  stubs.o ABSOLUTE
    _printf_i                                0x00000000   Number         0  stubs.o ABSOLUTE
    _printf_int_dec                          0x00000000   Number         0  stubs.o ABSOLUTE
    _printf_l                                0x00000000   Number         0  stubs.o ABSOLUTE
    _printf_lc                               0x00000000   Number         0  stubs.o ABSOLUTE
    _printf_ll                               0x00000000   Number         0  stubs.o ABSOLUTE
    _printf_lld                              0x00000000   Number         0  stubs.o ABSOLUTE
    _printf_lli                              0x00000000   Number         0  stubs.o ABSOLUTE
    _printf_llo                              0x00000000   Number         0  stubs.o ABSOLUTE
    _printf_llu                              0x00000000   Number         0  stubs.o ABSOLUTE
    _printf_llx                              0x00000000   Number         0  stubs.o ABSOLUTE
    _printf_longlong_dec                     0x00000000   Number         0  stubs.o ABSOLUTE
    _printf_longlong_hex                     0x00000000   Number         0  stubs.o ABSOLUTE
    _printf_longlong_oct                     0x00000000   Number         0  stubs.o ABSOLUTE
    _printf_ls                               0x00000000   Number         0  stubs.o ABSOLUTE
    _printf_mbtowc                           0x00000000   Number         0  stubs.o ABSOLUTE
    _printf_n                                0x00000000   Number         0  stubs.o ABSOLUTE
    _printf_o                                0x00000000   Number         0  stubs.o ABSOLUTE
    _printf_p                                0x00000000   Number         0  stubs.o ABSOLUTE
    _printf_percent                          0x00000000   Number         0  stubs.o ABSOLUTE
    _printf_pre_padding                      0x00000000   Number         0  stubs.o ABSOLUTE
    _printf_return_value                     0x00000000   Number         0  stubs.o ABSOLUTE
    _printf_s                                0x00000000   Number         0  stubs.o ABSOLUTE
    _printf_sizespec                         0x00000000   Number         0  stubs.o ABSOLUTE
    _printf_str                              0x00000000   Number         0  stubs.o ABSOLUTE
    _printf_truncate_signed                  0x00000000   Number         0  stubs.o ABSOLUTE
    _printf_truncate_unsigned                0x00000000   Number         0  stubs.o ABSOLUTE
    _printf_u                                0x00000000   Number         0  stubs.o ABSOLUTE
    _printf_wc                               0x00000000   Number         0  stubs.o ABSOLUTE
    _printf_wctomb                           0x00000000   Number         0  stubs.o ABSOLUTE
    _printf_widthprec                        0x00000000   Number         0  stubs.o ABSOLUTE
    _printf_x                                0x00000000   Number         0  stubs.o ABSOLUTE
    __cpp_initialize__aeabi_                  - Undefined Weak Reference
    __cxa_finalize                            - Undefined Weak Reference
    __decompress                              - Undefined Weak Reference
    _clock_init                               - Undefined Weak Reference
    _microlib_exit                            - Undefined Weak Reference
    __Vectors_Size                           0x000000f4   Number         0  startup_stm32l1xx_md.o ABSOLUTE
    __Vectors                                0x08000000   Data           4  startup_stm32l1xx_md.o(RESET)
    __Vectors_End                            0x080000f4   Data           0  startup_stm32l1xx_md.o(RESET)
    __main                                   0x080000f5   Thumb Code     0  entry.o(.ARM.Collect$$$$00000000)
    _main_stk                                0x080000f5   Thumb Code     0  entry2.o(.ARM.Collect$$$$00000001)
    _main_scatterload                        0x080000f9   Thumb Code     0  entry5.o(.ARM.Collect$$$$00000004)
    __main_after_scatterload                 0x080000fd   Thumb Code     0  entry5.o(.ARM.Collect$$$$00000004)
    _main_clock                              0x080000fd   Thumb Code     0  entry7b.o(.ARM.Collect$$$$00000008)
    _main_cpp_init                           0x080000fd   Thumb Code     0  entry8b.o(.ARM.Collect$$$$0000000A)
    _main_init                               0x080000fd   Thumb Code     0  entry9a.o(.ARM.Collect$$$$0000000B)
    __rt_final_cpp                           0x08000105   Thumb Code     0  entry10a.o(.ARM.Collect$$$$0000000D)
    __rt_final_exit                          0x08000105   Thumb Code     0  entry11a.o(.ARM.Collect$$$$0000000F)
    Reset_Handler                            0x08000109   Thumb Code     8  startup_stm32l1xx_md.o(.text)
    HardFault_Handler                        0x08000113   Thumb Code     2  startup_stm32l1xx_md.o(.text)
    SVC_Handler                              0x0800011b   Thumb Code     2  startup_stm32l1xx_md.o(.text)
    PendSV_Handler                           0x0800011f   Thumb Code     2  startup_stm32l1xx_md.o(.text)
    SysTick_Handler                          0x08000121   Thumb Code     2  startup_stm32l1xx_md.o(.text)
    ADC1_IRQHandler                          0x08000123   Thumb Code     0  startup_stm32l1xx_md.o(.text)
    COMP_IRQHandler                          0x08000123   Thumb Code     0  startup_stm32l1xx_md.o(.text)
    DAC_IRQHandler                           0x08000123   Thumb Code     0  startup_stm32l1xx_md.o(.text)
    DMA1_Channel1_IRQHandler                 0x08000123   Thumb Code     0  startup_stm32l1xx_md.o(.text)
    DMA1_Channel2_IRQHandler                 0x08000123   Thumb Code     0  startup_stm32l1xx_md.o(.text)
    DMA1_Channel3_IRQHandler                 0x08000123   Thumb Code     0  startup_stm32l1xx_md.o(.text)
    DMA1_Channel4_IRQHandler                 0x08000123   Thumb Code     0  startup_stm32l1xx_md.o(.text)
    DMA1_Channel5_IRQHandler                 0x08000123   Thumb Code     0  startup_stm32l1xx_md.o(.text)
    DMA1_Channel6_IRQHandler                 0x08000123   Thumb Code     0  startup_stm32l1xx_md.o(.text)
    DMA1_Channel7_IRQHandler                 0x08000123   Thumb Code     0  startup_stm32l1xx_md.o(.text)
    FLASH_IRQHandler                         0x08000123   Thumb Code     0  startup_stm32l1xx_md.o(.text)
    I2C1_ER_IRQHandler                       0x08000123   Thumb Code     0  startup_stm32l1xx_md.o(.text)
    I2C1_EV_IRQHandler                       0x08000123   Thumb Code     0  startup_stm32l1xx_md.o(.text)
    I2C2_ER_IRQHandler                       0x08000123   Thumb Code     0  startup_stm32l1xx_md.o(.text)
    I2C2_EV_IRQHandler                       0x08000123   Thumb Code     0  startup_stm32l1xx_md.o(.text)
    LCD_IRQHandler                           0x08000123   Thumb Code     0  startup_stm32l1xx_md.o(.text)
    PVD_IRQHandler                           0x08000123   Thumb Code     0  startup_stm32l1xx_md.o(.text)
    RCC_IRQHandler                           0x08000123   Thumb Code     0  startup_stm32l1xx_md.o(.text)
    RTC_WKUP_IRQHandler                      0x08000123   Thumb Code     0  startup_stm32l1xx_md.o(.text)
    SPI1_IRQHandler                          0x08000123   Thumb Code     0  startup_stm32l1xx_md.o(.text)
    SPI2_IRQHandler                          0x08000123   Thumb Code     0  startup_stm32l1xx_md.o(.text)
    TAMPER_STAMP_IRQHandler                  0x08000123   Thumb Code     0  startup_stm32l1xx_md.o(.text)
    TIM10_IRQHandler                         0x08000123   Thumb Code     0  startup_stm32l1xx_md.o(.text)
    TIM11_IRQHandler                         0x08000123   Thumb Code     0  startup_stm32l1xx_md.o(.text)
    TIM4_IRQHandler                          0x08000123   Thumb Code     0  startup_stm32l1xx_md.o(.text)
    TIM6_IRQHandler                          0x08000123   Thumb Code     0  startup_stm32l1xx_md.o(.text)
    TIM7_IRQHandler                          0x08000123   Thumb Code     0  startup_stm32l1xx_md.o(.text)
    TIM9_IRQHandler                          0x08000123   Thumb Code     0  startup_stm32l1xx_md.o(.text)
    USART2_IRQHandler                        0x08000123   Thumb Code     0  startup_stm32l1xx_md.o(.text)
    USART3_IRQHandler                        0x08000123   Thumb Code     0  startup_stm32l1xx_md.o(.text)
    USB_FS_WKUP_IRQHandler                   0x08000123   Thumb Code     0  startup_stm32l1xx_md.o(.text)
    USB_HP_IRQHandler                        0x08000123   Thumb Code     0  startup_stm32l1xx_md.o(.text)
    USB_LP_IRQHandler                        0x08000123   Thumb Code     0  startup_stm32l1xx_md.o(.text)
    WWDG_IRQHandler                          0x08000123   Thumb Code     0  startup_stm32l1xx_md.o(.text)
    __aeabi_memcpy                           0x0800012d   Thumb Code    36  memcpya.o(.text)
    __aeabi_memcpy4                          0x0800012d   Thumb Code     0  memcpya.o(.text)
    __aeabi_memcpy8                          0x0800012d   Thumb Code     0  memcpya.o(.text)
    __aeabi_memset                           0x08000151   Thumb Code    14  memseta.o(.text)
    __aeabi_memset4                          0x08000151   Thumb Code     0  memseta.o(.text)
    __aeabi_memset8                          0x08000151   Thumb Code     0  memseta.o(.text)
    __aeabi_memclr                           0x0800015f   Thumb Code     4  memseta.o(.text)
    __aeabi_memclr4                          0x0800015f   Thumb Code     0  memseta.o(.text)
    __aeabi_memclr8                          0x0800015f   Thumb Code     0  memseta.o(.text)
    _memset$wrapper                          0x08000163   Thumb Code    18  memseta.o(.text)
    strcat                                   0x08000175   Thumb Code    24  strcat.o(.text)
    __aeabi_dadd                             0x0800018d   Thumb Code   322  dadd.o(.text)
    __aeabi_dsub                             0x080002cf   Thumb Code     6  dadd.o(.text)
    __aeabi_drsub                            0x080002d5   Thumb Code     6  dadd.o(.text)
    __aeabi_dmul                             0x080002db   Thumb Code   228  dmul.o(.text)
    __aeabi_ddiv                             0x080003bf   Thumb Code   222  ddiv.o(.text)
    __ARM_scalbn                             0x0800049d   Thumb Code    46  dscalb.o(.text)
    scalbn                                   0x0800049d   Thumb Code     0  dscalb.o(.text)
    __aeabi_i2d                              0x080004cb   Thumb Code    34  dflti.o(.text)
    __aeabi_ui2d                             0x080004ed   Thumb Code    26  dfltui.o(.text)
    __aeabi_ul2d                             0x08000507   Thumb Code    24  dfltul.o(.text)
    __aeabi_d2iz                             0x0800051f   Thumb Code    62  dfixi.o(.text)
    __aeabi_d2uiz                            0x0800055d   Thumb Code    50  dfixui.o(.text)
    __aeabi_d2ulz                            0x0800058f   Thumb Code    48  dfixul.o(.text)
    __aeabi_cdcmpeq                          0x080005c1   Thumb Code     0  cdcmple.o(.text)
    __aeabi_cdcmple                          0x080005c1   Thumb Code    48  cdcmple.o(.text)
    __aeabi_cdrcmple                         0x080005f1   Thumb Code    48  cdrcmple.o(.text)
    __aeabi_uidiv                            0x08000621   Thumb Code     0  uidiv.o(.text)
    __aeabi_uidivmod                         0x08000621   Thumb Code    44  uidiv.o(.text)
    __aeabi_llsl                             0x0800064d   Thumb Code    30  llshl.o(.text)
    _ll_shift_l                              0x0800064d   Thumb Code     0  llshl.o(.text)
    __aeabi_llsr                             0x0800066b   Thumb Code    32  llushr.o(.text)
    _ll_ushift_r                             0x0800066b   Thumb Code     0  llushr.o(.text)
    __aeabi_lasr                             0x0800068b   Thumb Code    36  llsshr.o(.text)
    _ll_sshift_r                             0x0800068b   Thumb Code     0  llsshr.o(.text)
    __I$use$fp                               0x080006af   Thumb Code     0  iusefp.o(.text)
    _double_round                            0x080006af   Thumb Code    30  depilogue.o(.text)
    _double_epilogue                         0x080006cd   Thumb Code   156  depilogue.o(.text)
    _drnd                                    0x08000769   Thumb Code   132  drnd.o(.text)
    __scatterload                            0x080007f1   Thumb Code    28  init.o(.text)
    __scatterload_rt2                        0x080007f1   Thumb Code     0  init.o(.text)
    ADC_CommonInit                           0x08000815   Thumb Code    16  stm32l1xx_adc.o(i.ADC_CommonInit)
    ADC_DeInit                               0x08000829   Thumb Code    32  stm32l1xx_adc.o(i.ADC_DeInit)
    ADC_DelaySelectionConfig                 0x0800084d   Thumb Code    12  stm32l1xx_adc.o(i.ADC_DelaySelectionConfig)
    ADC_Init                                 0x08000859   Thumb Code    66  stm32l1xx_adc.o(i.ADC_Init)
    ADC_StructInit                           0x080008a5   Thumb Code    24  stm32l1xx_adc.o(i.ADC_StructInit)
    AdcInit                                  0x080008bd   Thumb Code    38  adc_1.o(i.AdcInit)
    AdcMcuFormat                             0x080008e9   Thumb Code   212  adc-board.o(i.AdcMcuFormat)
    AdcMcuInit                               0x080009c1   Thumb Code    34  adc-board.o(i.AdcMcuInit)
    BoardInitMcu                             0x080009e9   Thumb Code   102  board.o(i.BoardInitMcu)
    BoardInitPeriph                          0x08000a61   Thumb Code    90  board.o(i.BoardInitPeriph)
    BusFault_Handler                         0x08000b03   Thumb Code     2  sysirqhandlers.o(i.BusFault_Handler)
    DBGMCU_Config                            0x08000b05   Thumb Code    22  stm32l1xx_dbgmcu.o(i.DBGMCU_Config)
    DebugMon_Handler                         0x08000b21   Thumb Code     2  sysirqhandlers.o(i.DebugMon_Handler)
    DelayMs                                  0x08000b23   Thumb Code    30  delay.o(i.DelayMs)
    EXTI0_IRQHandler                         0x08000b41   Thumb Code    42  gpio-board.o(i.EXTI0_IRQHandler)
    EXTI15_10_IRQHandler                     0x08000b71   Thumb Code   166  gpio-board.o(i.EXTI15_10_IRQHandler)
    EXTI1_IRQHandler                         0x08000c1d   Thumb Code    42  gpio-board.o(i.EXTI1_IRQHandler)
    EXTI2_IRQHandler                         0x08000c4d   Thumb Code    42  gpio-board.o(i.EXTI2_IRQHandler)
    EXTI3_IRQHandler                         0x08000c7d   Thumb Code    42  gpio-board.o(i.EXTI3_IRQHandler)
    EXTI4_IRQHandler                         0x08000cad   Thumb Code    42  gpio-board.o(i.EXTI4_IRQHandler)
    EXTI9_5_IRQHandler                       0x08000cdd   Thumb Code   130  gpio-board.o(i.EXTI9_5_IRQHandler)
    EXTI_ClearITPendingBit                   0x08000d65   Thumb Code     6  stm32l1xx_exti.o(i.EXTI_ClearITPendingBit)
    EXTI_GetITStatus                         0x08000d71   Thumb Code    16  stm32l1xx_exti.o(i.EXTI_GetITStatus)
    EXTI_Init                                0x08000d85   Thumb Code   110  stm32l1xx_exti.o(i.EXTI_Init)
    FifoPop                                  0x08000e09   Thumb Code    30  fifo.o(i.FifoPop)
    FifoPush                                 0x08000e27   Thumb Code    22  fifo.o(i.FifoPush)
    GPIO_Init                                0x08000e3d   Thumb Code   122  stm32l1xx_gpio.o(i.GPIO_Init)
    GPIO_PinAFConfig                         0x08000eb7   Thumb Code    32  stm32l1xx_gpio.o(i.GPIO_PinAFConfig)
    GPIO_ReadInputDataBit                    0x08000ed7   Thumb Code    14  stm32l1xx_gpio.o(i.GPIO_ReadInputDataBit)
    GPIO_ResetBits                           0x08000ee5   Thumb Code     4  stm32l1xx_gpio.o(i.GPIO_ResetBits)
    GPIO_SetBits                             0x08000ee9   Thumb Code     4  stm32l1xx_gpio.o(i.GPIO_SetBits)
    GPS_Convert                              0x08000eed   Thumb Code    74  main.o(i.GPS_Convert)
    GpioInit                                 0x08000f65   Thumb Code    24  gpio.o(i.GpioInit)
    GpioMcuInit                              0x08000f7d   Thumb Code   124  gpio-board.o(i.GpioMcuInit)
    GpioMcuRead                              0x08001001   Thumb Code    26  gpio-board.o(i.GpioMcuRead)
    GpioMcuSetInterrupt                      0x0800101d   Thumb Code   242  gpio-board.o(i.GpioMcuSetInterrupt)
    GpioMcuWrite                             0x08001115   Thumb Code    38  gpio-board.o(i.GpioMcuWrite)
    GpioRead                                 0x0800113b   Thumb Code    20  gpio.o(i.GpioRead)
    GpioSetInterrupt                         0x0800114f   Thumb Code    24  gpio.o(i.GpioSetInterrupt)
    GpioWrite                                0x08001167   Thumb Code    18  gpio.o(i.GpioWrite)
    IsFifoEmpty                              0x08001179   Thumb Code    16  fifo.o(i.IsFifoEmpty)
    IsFifoFull                               0x08001189   Thumb Code    26  fifo.o(i.IsFifoFull)
    MemManage_Handler                        0x080011a3   Thumb Code     2  sysirqhandlers.o(i.MemManage_Handler)
    NMI_Handler                              0x080011a5   Thumb Code     2  sysirqhandlers.o(i.NMI_Handler)
    NVIC_Init                                0x080011a9   Thumb Code    98  misc.o(i.NVIC_Init)
    NVIC_PriorityGroupConfig                 0x08001211   Thumb Code    10  misc.o(i.NVIC_PriorityGroupConfig)
    OnRxDone                                 0x08001245   Thumb Code   120  main.o(i.OnRxDone)
    OnRxError                                0x080012d9   Thumb Code    10  main.o(i.OnRxError)
    OnRxTimeout                              0x080012f1   Thumb Code    10  main.o(i.OnRxTimeout)
    OnTxDone                                 0x08001309   Thumb Code    32  main.o(i.OnTxDone)
    OnTxTimeout                              0x08001335   Thumb Code    16  main.o(i.OnTxTimeout)
    PWR_PVDCmd                               0x0800134d   Thumb Code     6  stm32l1xx_pwr.o(i.PWR_PVDCmd)
    PWR_RTCAccessCmd                         0x08001359   Thumb Code     6  stm32l1xx_pwr.o(i.PWR_RTCAccessCmd)
    PWR_UltraLowPowerCmd                     0x08001365   Thumb Code     6  stm32l1xx_pwr.o(i.PWR_UltraLowPowerCmd)
    RCC_AHBPeriphClockCmd                    0x08001371   Thumb Code    22  stm32l1xx_rcc.o(i.RCC_AHBPeriphClockCmd)
    RCC_APB1PeriphClockCmd                   0x0800138d   Thumb Code    22  stm32l1xx_rcc.o(i.RCC_APB1PeriphClockCmd)
    RCC_APB1PeriphResetCmd                   0x080013a9   Thumb Code    22  stm32l1xx_rcc.o(i.RCC_APB1PeriphResetCmd)
    RCC_APB2PeriphClockCmd                   0x080013c5   Thumb Code    22  stm32l1xx_rcc.o(i.RCC_APB2PeriphClockCmd)
    RCC_APB2PeriphResetCmd                   0x080013e1   Thumb Code    22  stm32l1xx_rcc.o(i.RCC_APB2PeriphResetCmd)
    RCC_GetClocksFreq                        0x080013fd   Thumb Code   178  stm32l1xx_rcc.o(i.RCC_GetClocksFreq)
    RCC_GetFlagStatus                        0x080014bd   Thumb Code    38  stm32l1xx_rcc.o(i.RCC_GetFlagStatus)
    RCC_GetSYSCLKSource                      0x080014e9   Thumb Code    10  stm32l1xx_rcc.o(i.RCC_GetSYSCLKSource)
    RCC_HSEConfig                            0x080014f9   Thumb Code    10  stm32l1xx_rcc.o(i.RCC_HSEConfig)
    RCC_HSICmd                               0x08001509   Thumb Code     6  stm32l1xx_rcc.o(i.RCC_HSICmd)
    RCC_LSEConfig                            0x08001515   Thumb Code    10  stm32l1xx_rcc.o(i.RCC_LSEConfig)
    RCC_PLLCmd                               0x08001525   Thumb Code     6  stm32l1xx_rcc.o(i.RCC_PLLCmd)
    RCC_RTCCLKCmd                            0x08001531   Thumb Code     6  stm32l1xx_rcc.o(i.RCC_RTCCLKCmd)
    RCC_RTCCLKConfig                         0x0800153d   Thumb Code    48  stm32l1xx_rcc.o(i.RCC_RTCCLKConfig)
    RCC_RTCResetCmd                          0x08001571   Thumb Code     6  stm32l1xx_rcc.o(i.RCC_RTCResetCmd)
    RCC_SYSCLKConfig                         0x0800157d   Thumb Code    14  stm32l1xx_rcc.o(i.RCC_SYSCLKConfig)
    RTC_AlarmCmd                             0x08001591   Thumb Code    88  stm32l1xx_rtc.o(i.RTC_AlarmCmd)
    RTC_Alarm_IRQHandler                     0x080015ed   Thumb Code    42  rtc-board.o(i.RTC_Alarm_IRQHandler)
    RTC_ClearFlag                            0x08001641   Thumb Code    24  stm32l1xx_rtc.o(i.RTC_ClearFlag)
    RTC_ClearITPendingBit                    0x0800165d   Thumb Code    24  stm32l1xx_rtc.o(i.RTC_ClearITPendingBit)
    RTC_DateStructInit                       0x08001679   Thumb Code    14  stm32l1xx_rtc.o(i.RTC_DateStructInit)
    RTC_EnterInitMode                        0x08001689   Thumb Code    62  stm32l1xx_rtc.o(i.RTC_EnterInitMode)
    RTC_ExitInitMode                         0x080016cd   Thumb Code    12  stm32l1xx_rtc.o(i.RTC_ExitInitMode)
    RTC_GetDate                              0x080016dd   Thumb Code    64  stm32l1xx_rtc.o(i.RTC_GetDate)
    RTC_GetITStatus                          0x08001725   Thumb Code    58  stm32l1xx_rtc.o(i.RTC_GetITStatus)
    RTC_GetTime                              0x08001765   Thumb Code    68  stm32l1xx_rtc.o(i.RTC_GetTime)
    RTC_ITConfig                             0x080017b1   Thumb Code    64  stm32l1xx_rtc.o(i.RTC_ITConfig)
    RTC_Init                                 0x080017f5   Thumb Code    74  stm32l1xx_rtc.o(i.RTC_Init)
    RTC_SetAlarm                             0x08001845   Thumb Code   184  stm32l1xx_rtc.o(i.RTC_SetAlarm)
    RTC_SetDate                              0x08001901   Thumb Code   156  stm32l1xx_rtc.o(i.RTC_SetDate)
    RTC_SetTime                              0x080019a5   Thumb Code   160  stm32l1xx_rtc.o(i.RTC_SetTime)
    RTC_TimeStructInit                       0x08001a4d   Thumb Code    12  stm32l1xx_rtc.o(i.RTC_TimeStructInit)
    RTC_WaitForSynchro                       0x08001a59   Thumb Code    70  stm32l1xx_rtc.o(i.RTC_WaitForSynchro)
    RtcDelayMs                               0x08001ac5   Thumb Code    46  rtc-board.o(i.RtcDelayMs)
    RtcGetMinimumTimeout                     0x08001c09   Thumb Code     6  rtc-board.o(i.RtcGetMinimumTimeout)
    RtcGetTimerElapsedTime                   0x08001c11   Thumb Code    48  rtc-board.o(i.RtcGetTimerElapsedTime)
    RtcGetTimerValue                         0x08001c4d   Thumb Code    32  rtc-board.o(i.RtcGetTimerValue)
    RtcInit                                  0x08001c75   Thumb Code    24  rtc-board.o(i.RtcInit)
    RtcRecoverMcuStatus                      0x08001c91   Thumb Code    88  rtc-board.o(i.RtcRecoverMcuStatus)
    RtcSetTimeout                            0x08001dc5   Thumb Code    66  rtc-board.o(i.RtcSetTimeout)
    SPI_Cmd                                  0x08001fb1   Thumb Code    24  stm32l1xx_spi.o(i.SPI_Cmd)
    SPI_I2S_GetFlagStatus                    0x08001fc9   Thumb Code    14  stm32l1xx_spi.o(i.SPI_I2S_GetFlagStatus)
    SPI_I2S_ReceiveData                      0x08001fd7   Thumb Code     4  stm32l1xx_spi.o(i.SPI_I2S_ReceiveData)
    SPI_I2S_SendData                         0x08001fdb   Thumb Code     4  stm32l1xx_spi.o(i.SPI_I2S_SendData)
    SPI_Init                                 0x08001fdf   Thumb Code    56  stm32l1xx_spi.o(i.SPI_Init)
    SPI_StructInit                           0x08002017   Thumb Code    24  stm32l1xx_spi.o(i.SPI_StructInit)
    SX1272AntSwDeInit                        0x08002031   Thumb Code    40  sx1272-board.o(i.SX1272AntSwDeInit)
    SX1272AntSwInit                          0x0800205d   Thumb Code    42  sx1272-board.o(i.SX1272AntSwInit)
    SX1272CheckRfFrequency                   0x0800208d   Thumb Code     4  sx1272-board.o(i.SX1272CheckRfFrequency)
    SX1272GetPaSelect                        0x08002091   Thumb Code     4  sx1272-board.o(i.SX1272GetPaSelect)
    SX1272GetStatus                          0x08002095   Thumb Code     8  sx1272.o(i.SX1272GetStatus)
    SX1272GetTimeOnAir                       0x080020a1   Thumb Code   492  sx1272.o(i.SX1272GetTimeOnAir)
    SX1272Init                               0x080022b5   Thumb Code   102  sx1272.o(i.SX1272Init)
    SX1272IoInit                             0x0800232d   Thumb Code   132  sx1272-board.o(i.SX1272IoInit)
    SX1272IoIrqInit                          0x080023b5   Thumb Code    90  sx1272-board.o(i.SX1272IoIrqInit)
    SX1272IsChannelFree                      0x08002415   Thumb Code    56  sx1272.o(i.SX1272IsChannelFree)
    SX1272OnDio0Irq                          0x0800244d   Thumb Code   570  sx1272.o(i.SX1272OnDio0Irq)
    SX1272OnDio1Irq                          0x08002699   Thumb Code   208  sx1272.o(i.SX1272OnDio1Irq)
    SX1272OnDio2Irq                          0x08002771   Thumb Code   220  sx1272.o(i.SX1272OnDio2Irq)
    SX1272OnDio3Irq                          0x0800285d   Thumb Code    86  sx1272.o(i.SX1272OnDio3Irq)
    SX1272OnDio4Irq                          0x080028bd   Thumb Code    26  sx1272.o(i.SX1272OnDio4Irq)
    SX1272OnTimeoutIrq                       0x080028dd   Thumb Code   130  sx1272.o(i.SX1272OnTimeoutIrq)
    SX1272Random                             0x0800296d   Thumb Code    62  sx1272.o(i.SX1272Random)
    SX1272Read                               0x080029ab   Thumb Code    16  sx1272.o(i.SX1272Read)
    SX1272ReadBuffer                         0x080029bd   Thumb Code    68  sx1272.o(i.SX1272ReadBuffer)
    SX1272ReadFifo                           0x08002a05   Thumb Code    10  sx1272.o(i.SX1272ReadFifo)
    SX1272ReadRssi                           0x08002a0f   Thumb Code    38  sx1272.o(i.SX1272ReadRssi)
    SX1272Reset                              0x08002a35   Thumb Code    54  sx1272.o(i.SX1272Reset)
    SX1272Send                               0x08002a71   Thumb Code   242  sx1272.o(i.SX1272Send)
    SX1272SetAntSw                           0x08002b6d   Thumb Code    64  sx1272-board.o(i.SX1272SetAntSw)
    SX1272SetAntSwLowPower                   0x08002bb5   Thumb Code    22  sx1272-board.o(i.SX1272SetAntSwLowPower)
    SX1272SetChannel                         0x08002bd1   Thumb Code    58  sx1272.o(i.SX1272SetChannel)
    SX1272SetMaxPayloadLength                0x08002c15   Thumb Code    54  sx1272.o(i.SX1272SetMaxPayloadLength)
    SX1272SetModem                           0x08002c51   Thumb Code   114  sx1272.o(i.SX1272SetModem)
    SX1272SetOpMode                          0x08002cc9   Thumb Code    72  sx1272.o(i.SX1272SetOpMode)
    SX1272SetRx                              0x08002d15   Thumb Code   424  sx1272.o(i.SX1272SetRx)
    SX1272SetRxConfig                        0x08002ed5   Thumb Code   546  sx1272.o(i.SX1272SetRxConfig)
    SX1272SetSleep                           0x08003101   Thumb Code    34  sx1272.o(i.SX1272SetSleep)
    SX1272SetStby                            0x08003129   Thumb Code    34  sx1272.o(i.SX1272SetStby)
    SX1272SetTx                              0x08003151   Thumb Code   166  sx1272.o(i.SX1272SetTx)
    SX1272SetTxConfig                        0x080031fd   Thumb Code   704  sx1272.o(i.SX1272SetTxConfig)
    SX1272StartCad                           0x080034c9   Thumb Code    58  sx1272.o(i.SX1272StartCad)
    SX1272Write                              0x08003509   Thumb Code    12  sx1272.o(i.SX1272Write)
    SX1272WriteBuffer                        0x08003515   Thumb Code    66  sx1272.o(i.SX1272WriteBuffer)
    SX1272WriteFifo                          0x0800355d   Thumb Code    10  sx1272.o(i.SX1272WriteFifo)
    SYSCFG_EXTILineConfig                    0x08003569   Thumb Code    34  stm32l1xx_syscfg.o(i.SYSCFG_EXTILineConfig)
    SpiFormat                                0x0800365d   Thumb Code   118  spi-board.o(i.SpiFormat)
    SpiFrequency                             0x080036d9   Thumb Code   104  spi-board.o(i.SpiFrequency)
    SpiInOut                                 0x08003749   Thumb Code    58  spi-board.o(i.SpiInOut)
    SpiInit                                  0x08003785   Thumb Code   236  spi-board.o(i.SpiInit)
    SystemInit                               0x0800387d   Thumb Code    68  system_stm32l1xx.o(i.SystemInit)
    TIM2_IRQHandler                          0x080038d1   Thumb Code    56  timer-board.o(i.TIM2_IRQHandler)
    TIM3_IRQHandler                          0x0800390d   Thumb Code    34  timer-board.o(i.TIM3_IRQHandler)
    TIM_ClearITPendingBit                    0x08003935   Thumb Code     6  stm32l1xx_tim.o(i.TIM_ClearITPendingBit)
    TIM_Cmd                                  0x0800393b   Thumb Code    24  stm32l1xx_tim.o(i.TIM_Cmd)
    TIM_GetITStatus                          0x08003953   Thumb Code    24  stm32l1xx_tim.o(i.TIM_GetITStatus)
    TIM_ITConfig                             0x0800396b   Thumb Code    20  stm32l1xx_tim.o(i.TIM_ITConfig)
    TIM_TimeBaseInit                         0x08003981   Thumb Code    70  stm32l1xx_tim.o(i.TIM_TimeBaseInit)
    TimerGetLowPowerEnable                   0x080039f9   Thumb Code     6  timer.o(i.TimerGetLowPowerEnable)
    TimerGetValue                            0x08003a05   Thumb Code    24  timer.o(i.TimerGetValue)
    TimerHwDelayMs                           0x08003a21   Thumb Code    26  timer-board.o(i.TimerHwDelayMs)
    TimerHwGetDelayValue                     0x08003a3d   Thumb Code    10  timer-board.o(i.TimerHwGetDelayValue)
    TimerHwGetElapsedTime                    0x08003a4d   Thumb Code    42  timer-board.o(i.TimerHwGetElapsedTime)
    TimerHwGetMinimumTimeout                 0x08003a7d   Thumb Code     4  timer-board.o(i.TimerHwGetMinimumTimeout)
    TimerHwGetTimerValue                     0x08003a81   Thumb Code    12  timer-board.o(i.TimerHwGetTimerValue)
    TimerHwInit                              0x08003a91   Thumb Code   194  timer-board.o(i.TimerHwInit)
    TimerHwStart                             0x08003b5d   Thumb Code    50  timer-board.o(i.TimerHwStart)
    TimerIncrementDelayCounter               0x08003b95   Thumb Code    14  timer-board.o(i.TimerIncrementDelayCounter)
    TimerIncrementTickCounter                0x08003ba9   Thumb Code    22  timer-board.o(i.TimerIncrementTickCounter)
    TimerInit                                0x08003bc5   Thumb Code    14  timer.o(i.TimerInit)
    TimerIrqHandler                          0x08003c59   Thumb Code    80  timer.o(i.TimerIrqHandler)
    TimerSetLowPowerEnable                   0x08003cad   Thumb Code     6  timer.o(i.TimerSetLowPowerEnable)
    TimerSetValue                            0x08003cd5   Thumb Code    40  timer.o(i.TimerSetValue)
    TimerStart                               0x08003d01   Thumb Code    94  timer.o(i.TimerStart)
    TimerStop                                0x08003d65   Thumb Code   138  timer.o(i.TimerStop)
    USART1_IRQHandler                        0x08003df5   Thumb Code   180  uart-board.o(i.USART1_IRQHandler)
    USART_Cmd                                0x08003eb9   Thumb Code    24  stm32l1xx_usart.o(i.USART_Cmd)
    USART_DeInit                             0x08003ed1   Thumb Code   144  stm32l1xx_usart.o(i.USART_DeInit)
    USART_GetFlagStatus                      0x08003f75   Thumb Code    14  stm32l1xx_usart.o(i.USART_GetFlagStatus)
    USART_GetITStatus                        0x08003f83   Thumb Code    64  stm32l1xx_usart.o(i.USART_GetITStatus)
    USART_ITConfig                           0x08003fc3   Thumb Code    54  stm32l1xx_usart.o(i.USART_ITConfig)
    USART_Init                               0x08003ff9   Thumb Code   174  stm32l1xx_usart.o(i.USART_Init)
    USART_ReceiveData                        0x080040ad   Thumb Code     8  stm32l1xx_usart.o(i.USART_ReceiveData)
    USART_SendData                           0x080040b5   Thumb Code     8  stm32l1xx_usart.o(i.USART_SendData)
    UartMcuConfig                            0x080040bd   Thumb Code   304  uart-board.o(i.UartMcuConfig)
    UartMcuInit                              0x080041f1   Thumb Code    96  uart-board.o(i.UartMcuInit)
    UsageFault_Handler                       0x08004255   Thumb Code     2  sysirqhandlers.o(i.UsageFault_Handler)
    __0printf$1                              0x08004259   Thumb Code    22  printf1.o(i.__0printf$1)
    __1printf$1                              0x08004259   Thumb Code     0  printf1.o(i.__0printf$1)
    __2printf                                0x08004259   Thumb Code     0  printf1.o(i.__0printf$1)
    __kernel_poly                            0x08004279   Thumb Code   170  poly.o(i.__kernel_poly)
    __mathlib_dbl_divzero                    0x08004325   Thumb Code    12  dunder.o(i.__mathlib_dbl_divzero)
    __mathlib_dbl_infnan                     0x08004335   Thumb Code     6  dunder.o(i.__mathlib_dbl_infnan)
    __mathlib_dbl_invalid                    0x0800433b   Thumb Code    12  dunder.o(i.__mathlib_dbl_invalid)
    __scatterload_copy                       0x08004347   Thumb Code    14  handlers.o(i.__scatterload_copy)
    __scatterload_null                       0x08004355   Thumb Code     2  handlers.o(i.__scatterload_null)
    __scatterload_zeroinit                   0x08004357   Thumb Code    14  handlers.o(i.__scatterload_zeroinit)
    __set_errno                              0x08004365   Thumb Code     6  errno.o(i.__set_errno)
    ceil                                     0x080044c5   Thumb Code   204  ceil.o(i.ceil)
    floor                                    0x080045a1   Thumb Code   204  floor.o(i.floor)
    fputc                                    0x0800467d   Thumb Code    30  main.o(i.fputc)
    free                                     0x080046a1   Thumb Code    76  malloc.o(i.free)
    int2array                                0x080046f1   Thumb Code    70  main.o(i.int2array)
    log                                      0x08004739   Thumb Code   808  log.o(i.log)
    log10                                    0x08004a95   Thumb Code   198  log10.o(i.log10)
    main                                     0x08004b79   Thumb Code   384  main.o(i.main)
    malloc                                   0x08004dad   Thumb Code    92  malloc.o(i.malloc)
    memcpy1                                  0x08004e19   Thumb Code    18  utilities.o(i.memcpy1)
    round                                    0x08004e2d   Thumb Code   136  round.o(i.round)
    Radio                                    0x08004ed8   Data          84  sx1272-board.o(.constdata)
    RadioRegsInit                            0x08004f2c   Data          48  sx1272.o(.constdata)
    FskBandwidths                            0x08004f5c   Data         176  sx1272.o(.constdata)
    __mathlib_zero                           0x08005048   Data           8  qnan.o(.constdata)
    Region$$Table$$Base                      0x08005050   Number         0  anon$$obj.o(Region$$Table)
    Region$$Table$$Limit                     0x08005070   Number         0  anon$$obj.o(Region$$Table)
    State                                    0x20000000   Data           1  main.o(.data)
    BufferSize                               0x20000002   Data           2  main.o(.data)
    RssiValue                                0x20000004   Data           2  main.o(.data)
    SnrValue                                 0x20000006   Data           2  main.o(.data)
    dem2                                     0x20000008   Data           2  main.o(.data)
    dem1                                     0x2000000a   Data           2  main.o(.data)
    Buffer                                   0x2000000c   Data           5  main.o(.data)
    TimerDelayCounter                        0x20000030   Data           4  timer-board.o(.data)
    TimerTickCounter                         0x20000038   Data           8  timer-board.o(.data)
    TimeoutCntValue                          0x20000048   Data           8  timer-board.o(.data)
    gps_received                             0x20000051   Data           1  uart-board.o(.data)
    SystemCoreClock                          0x20000054   Data           4  system_stm32l1xx.o(.data)
    PLLMulTable                              0x20000058   Data           9  system_stm32l1xx.o(.data)
    AHBPrescTable                            0x20000061   Data          16  system_stm32l1xx.o(.data)
    DioIrq                                   0x20000094   Data          24  sx1272.o(.data)
    HasLoopedThroughMain                     0x200000b1   Data           1  timer.o(.data)
    __stdout                                 0x200000b8   Data           4  stdout.o(.data)
    __microlib_freelist                      0x200000bc   Data           4  mvars.o(.data)
    __microlib_freelist_initialised          0x200000c0   Data           4  mvars.o(.data)
    Led2                                     0x200000e4   Data          12  board.o(.bss)
    Led3                                     0x200000f0   Data          12  board.o(.bss)
    Led4                                     0x200000fc   Data          12  board.o(.bss)
    Adc                                      0x20000108   Data          16  board.o(.bss)
    Uart1                                    0x20000118   Data          56  board.o(.bss)
    SPI_InitStructure                        0x20000190   Data          18  spi-board.o(.bss)
    AntRx                                    0x200001a4   Data          12  sx1272-board.o(.bss)
    AntTx                                    0x200001b0   Data          12  sx1272-board.o(.bss)
    received_data                            0x200001bc   Data          53  uart-board.o(.bss)
    SX1272                                   0x200002f4   Data         232  sx1272.o(.bss)
    TxTimeoutTimer                           0x200003dc   Data          20  sx1272.o(.bss)
    RxTimeoutTimer                           0x200003f0   Data          20  sx1272.o(.bss)
    RxTimeoutSyncWord                        0x20000404   Data          20  sx1272.o(.bss)
    __heap_base                              0x20000418   Data           0  startup_stm32l1xx_md.o(HEAP)
    __heap_limit                             0x20000618   Data           0  startup_stm32l1xx_md.o(HEAP)
    __initial_sp                             0x20000a18   Data           0  startup_stm32l1xx_md.o(STACK)



==============================================================================

Memory Map of the image

  Image Entry point : 0x080000f5

  Load Region LR_IROM1 (Base: 0x08000000, Size: 0x00005138, Max: 0x00020000, ABSOLUTE)

    Execution Region ER_IROM1 (Base: 0x08000000, Size: 0x00005070, Max: 0x00020000, ABSOLUTE)

    Base Addr    Size         Type   Attr      Idx    E Section Name        Object

    0x08000000   0x000000f4   Data   RO         1003    RESET               startup_stm32l1xx_md.o
    0x080000f4   0x00000000   Code   RO         4419  * .ARM.Collect$$$$00000000  mc_w.l(entry.o)
    0x080000f4   0x00000004   Code   RO         4807    .ARM.Collect$$$$00000001  mc_w.l(entry2.o)
    0x080000f8   0x00000004   Code   RO         4810    .ARM.Collect$$$$00000004  mc_w.l(entry5.o)
    0x080000fc   0x00000000   Code   RO         4812    .ARM.Collect$$$$00000008  mc_w.l(entry7b.o)
    0x080000fc   0x00000000   Code   RO         4814    .ARM.Collect$$$$0000000A  mc_w.l(entry8b.o)
    0x080000fc   0x00000008   Code   RO         4815    .ARM.Collect$$$$0000000B  mc_w.l(entry9a.o)
    0x08000104   0x00000000   Code   RO         4817    .ARM.Collect$$$$0000000D  mc_w.l(entry10a.o)
    0x08000104   0x00000000   Code   RO         4819    .ARM.Collect$$$$0000000F  mc_w.l(entry11a.o)
    0x08000104   0x00000004   Code   RO         4808    .ARM.Collect$$$$00002712  mc_w.l(entry2.o)
    0x08000108   0x00000024   Code   RO         1004    .text               startup_stm32l1xx_md.o
    0x0800012c   0x00000024   Code   RO         4422    .text               mc_w.l(memcpya.o)
    0x08000150   0x00000024   Code   RO         4424    .text               mc_w.l(memseta.o)
    0x08000174   0x00000018   Code   RO         4426    .text               mc_w.l(strcat.o)
    0x0800018c   0x0000014e   Code   RO         4727    .text               mf_w.l(dadd.o)
    0x080002da   0x000000e4   Code   RO         4729    .text               mf_w.l(dmul.o)
    0x080003be   0x000000de   Code   RO         4731    .text               mf_w.l(ddiv.o)
    0x0800049c   0x0000002e   Code   RO         4733    .text               mf_w.l(dscalb.o)
    0x080004ca   0x00000022   Code   RO         4737    .text               mf_w.l(dflti.o)
    0x080004ec   0x0000001a   Code   RO         4739    .text               mf_w.l(dfltui.o)
    0x08000506   0x00000018   Code   RO         4741    .text               mf_w.l(dfltul.o)
    0x0800051e   0x0000003e   Code   RO         4745    .text               mf_w.l(dfixi.o)
    0x0800055c   0x00000032   Code   RO         4747    .text               mf_w.l(dfixui.o)
    0x0800058e   0x00000030   Code   RO         4749    .text               mf_w.l(dfixul.o)
    0x080005be   0x00000002   PAD
    0x080005c0   0x00000030   Code   RO         4753    .text               mf_w.l(cdcmple.o)
    0x080005f0   0x00000030   Code   RO         4755    .text               mf_w.l(cdrcmple.o)
    0x08000620   0x0000002c   Code   RO         4822    .text               mc_w.l(uidiv.o)
    0x0800064c   0x0000001e   Code   RO         4826    .text               mc_w.l(llshl.o)
    0x0800066a   0x00000020   Code   RO         4828    .text               mc_w.l(llushr.o)
    0x0800068a   0x00000024   Code   RO         4830    .text               mc_w.l(llsshr.o)
    0x080006ae   0x00000000   Code   RO         4841    .text               mc_w.l(iusefp.o)
    0x080006ae   0x000000ba   Code   RO         4846    .text               mf_w.l(depilogue.o)
    0x08000768   0x00000088   Code   RO         4848    .text               mf_w.l(drnd.o)
    0x080007f0   0x00000024   Code   RO         4863    .text               mc_w.l(init.o)
    0x08000814   0x00000014   Code   RO         1160    i.ADC_CommonInit    stm32l1xx_adc.o
    0x08000828   0x00000024   Code   RO         1165    i.ADC_DeInit        stm32l1xx_adc.o
    0x0800084c   0x0000000c   Code   RO         1166    i.ADC_DelaySelectionConfig  stm32l1xx_adc.o
    0x08000858   0x0000004c   Code   RO         1179    i.ADC_Init          stm32l1xx_adc.o
    0x080008a4   0x00000018   Code   RO         1188    i.ADC_StructInit    stm32l1xx_adc.o
    0x080008bc   0x0000002c   Code   RO         3842    i.AdcInit           adc_1.o
    0x080008e8   0x000000d8   Code   RO          310    i.AdcMcuFormat      adc-board.o
    0x080009c0   0x00000028   Code   RO          311    i.AdcMcuInit        adc-board.o
    0x080009e8   0x00000078   Code   RO          363    i.BoardInitMcu      board.o
    0x08000a60   0x00000060   Code   RO          364    i.BoardInitPeriph   board.o
    0x08000ac0   0x00000042   Code   RO          367    i.BoardUnusedIoInit  board.o
    0x08000b02   0x00000002   Code   RO         3520    i.BusFault_Handler  sysirqhandlers.o
    0x08000b04   0x0000001c   Code   RO         1396    i.DBGMCU_Config     stm32l1xx_dbgmcu.o
    0x08000b20   0x00000002   Code   RO         3521    i.DebugMon_Handler  sysirqhandlers.o
    0x08000b22   0x0000001e   Code   RO         3876    i.DelayMs           delay.o
    0x08000b40   0x00000030   Code   RO          435    i.EXTI0_IRQHandler  gpio-board.o
    0x08000b70   0x000000ac   Code   RO          436    i.EXTI15_10_IRQHandler  gpio-board.o
    0x08000c1c   0x00000030   Code   RO          437    i.EXTI1_IRQHandler  gpio-board.o
    0x08000c4c   0x00000030   Code   RO          438    i.EXTI2_IRQHandler  gpio-board.o
    0x08000c7c   0x00000030   Code   RO          439    i.EXTI3_IRQHandler  gpio-board.o
    0x08000cac   0x00000030   Code   RO          440    i.EXTI4_IRQHandler  gpio-board.o
    0x08000cdc   0x00000088   Code   RO          441    i.EXTI9_5_IRQHandler  gpio-board.o
    0x08000d64   0x0000000c   Code   RO         1519    i.EXTI_ClearITPendingBit  stm32l1xx_exti.o
    0x08000d70   0x00000014   Code   RO         1523    i.EXTI_GetITStatus  stm32l1xx_exti.o
    0x08000d84   0x00000074   Code   RO         1524    i.EXTI_Init         stm32l1xx_exti.o
    0x08000df8   0x00000010   Code   RO         3901    i.FifoNext          fifo.o
    0x08000e08   0x0000001e   Code   RO         3902    i.FifoPop           fifo.o
    0x08000e26   0x00000016   Code   RO         3903    i.FifoPush          fifo.o
    0x08000e3c   0x0000007a   Code   RO         1581    i.GPIO_Init         stm32l1xx_gpio.o
    0x08000eb6   0x00000020   Code   RO         1582    i.GPIO_PinAFConfig  stm32l1xx_gpio.o
    0x08000ed6   0x0000000e   Code   RO         1585    i.GPIO_ReadInputDataBit  stm32l1xx_gpio.o
    0x08000ee4   0x00000004   Code   RO         1588    i.GPIO_ResetBits    stm32l1xx_gpio.o
    0x08000ee8   0x00000004   Code   RO         1589    i.GPIO_SetBits      stm32l1xx_gpio.o
    0x08000eec   0x0000004a   Code   RO            4    i.GPS_Convert       main.o
    0x08000f36   0x00000002   PAD
    0x08000f38   0x0000002c   Code   RO         3622    i.GetFskBandwidthRegValue  sx1272.o
    0x08000f64   0x00000018   Code   RO         3948    i.GpioInit          gpio.o
    0x08000f7c   0x00000084   Code   RO          442    i.GpioMcuInit       gpio-board.o
    0x08001000   0x0000001a   Code   RO          443    i.GpioMcuRead       gpio-board.o
    0x0800101a   0x00000002   PAD
    0x0800101c   0x000000f8   Code   RO          445    i.GpioMcuSetInterrupt  gpio-board.o
    0x08001114   0x00000026   Code   RO          446    i.GpioMcuWrite      gpio-board.o
    0x0800113a   0x00000014   Code   RO         3949    i.GpioRead          gpio.o
    0x0800114e   0x00000018   Code   RO         3951    i.GpioSetInterrupt  gpio.o
    0x08001166   0x00000012   Code   RO         3952    i.GpioWrite         gpio.o
    0x08001178   0x00000010   Code   RO         3904    i.IsFifoEmpty       fifo.o
    0x08001188   0x0000001a   Code   RO         3905    i.IsFifoFull        fifo.o
    0x080011a2   0x00000002   Code   RO         3522    i.MemManage_Handler  sysirqhandlers.o
    0x080011a4   0x00000002   Code   RO         3523    i.NMI_Handler       sysirqhandlers.o
    0x080011a6   0x00000002   PAD
    0x080011a8   0x00000068   Code   RO         1108    i.NVIC_Init         misc.o
    0x08001210   0x00000014   Code   RO         1109    i.NVIC_PriorityGroupConfig  misc.o
    0x08001224   0x00000020   Code   RO            7    i.NVIC_SystemReset  main.o
    0x08001244   0x00000094   Code   RO            8    i.OnRxDone          main.o
    0x080012d8   0x00000018   Code   RO            9    i.OnRxError         main.o
    0x080012f0   0x00000018   Code   RO           10    i.OnRxTimeout       main.o
    0x08001308   0x0000002c   Code   RO           11    i.OnTxDone          main.o
    0x08001334   0x00000018   Code   RO           12    i.OnTxTimeout       main.o
    0x0800134c   0x0000000c   Code   RO         1898    i.PWR_PVDCmd        stm32l1xx_pwr.o
    0x08001358   0x0000000c   Code   RO         1900    i.PWR_RTCAccessCmd  stm32l1xx_pwr.o
    0x08001364   0x0000000c   Code   RO         1901    i.PWR_UltraLowPowerCmd  stm32l1xx_pwr.o
    0x08001370   0x0000001c   Code   RO         1988    i.RCC_AHBPeriphClockCmd  stm32l1xx_rcc.o
    0x0800138c   0x0000001c   Code   RO         1991    i.RCC_APB1PeriphClockCmd  stm32l1xx_rcc.o
    0x080013a8   0x0000001c   Code   RO         1993    i.RCC_APB1PeriphResetCmd  stm32l1xx_rcc.o
    0x080013c4   0x0000001c   Code   RO         1994    i.RCC_APB2PeriphClockCmd  stm32l1xx_rcc.o
    0x080013e0   0x0000001c   Code   RO         1996    i.RCC_APB2PeriphResetCmd  stm32l1xx_rcc.o
    0x080013fc   0x000000c0   Code   RO         2003    i.RCC_GetClocksFreq  stm32l1xx_rcc.o
    0x080014bc   0x0000002c   Code   RO         2004    i.RCC_GetFlagStatus  stm32l1xx_rcc.o
    0x080014e8   0x00000010   Code   RO         2006    i.RCC_GetSYSCLKSource  stm32l1xx_rcc.o
    0x080014f8   0x00000010   Code   RO         2008    i.RCC_HSEConfig     stm32l1xx_rcc.o
    0x08001508   0x0000000c   Code   RO         2009    i.RCC_HSICmd        stm32l1xx_rcc.o
    0x08001514   0x00000010   Code   RO         2012    i.RCC_LSEConfig     stm32l1xx_rcc.o
    0x08001524   0x0000000c   Code   RO         2019    i.RCC_PLLCmd        stm32l1xx_rcc.o
    0x08001530   0x0000000c   Code   RO         2021    i.RCC_RTCCLKCmd     stm32l1xx_rcc.o
    0x0800153c   0x00000034   Code   RO         2022    i.RCC_RTCCLKConfig  stm32l1xx_rcc.o
    0x08001570   0x0000000c   Code   RO         2023    i.RCC_RTCResetCmd   stm32l1xx_rcc.o
    0x0800157c   0x00000014   Code   RO         2024    i.RCC_SYSCLKConfig  stm32l1xx_rcc.o
    0x08001590   0x0000005c   Code   RO         2232    i.RTC_AlarmCmd      stm32l1xx_rtc.o
    0x080015ec   0x0000002a   Code   RO          589    i.RTC_Alarm_IRQHandler  rtc-board.o
    0x08001616   0x00000012   Code   RO         2235    i.RTC_Bcd2ToByte    stm32l1xx_rtc.o
    0x08001628   0x00000018   Code   RO         2237    i.RTC_ByteToBcd2    stm32l1xx_rtc.o
    0x08001640   0x0000001c   Code   RO         2240    i.RTC_ClearFlag     stm32l1xx_rtc.o
    0x0800165c   0x0000001c   Code   RO         2241    i.RTC_ClearITPendingBit  stm32l1xx_rtc.o
    0x08001678   0x0000000e   Code   RO         2244    i.RTC_DateStructInit  stm32l1xx_rtc.o
    0x08001686   0x00000002   PAD
    0x08001688   0x00000044   Code   RO         2247    i.RTC_EnterInitMode  stm32l1xx_rtc.o
    0x080016cc   0x00000010   Code   RO         2248    i.RTC_ExitInitMode  stm32l1xx_rtc.o
    0x080016dc   0x00000048   Code   RO         2251    i.RTC_GetDate       stm32l1xx_rtc.o
    0x08001724   0x00000040   Code   RO         2253    i.RTC_GetITStatus   stm32l1xx_rtc.o
    0x08001764   0x0000004c   Code   RO         2256    i.RTC_GetTime       stm32l1xx_rtc.o
    0x080017b0   0x00000044   Code   RO         2260    i.RTC_ITConfig      stm32l1xx_rtc.o
    0x080017f4   0x00000050   Code   RO         2261    i.RTC_Init          stm32l1xx_rtc.o
    0x08001844   0x000000bc   Code   RO         2266    i.RTC_SetAlarm      stm32l1xx_rtc.o
    0x08001900   0x000000a4   Code   RO         2267    i.RTC_SetDate       stm32l1xx_rtc.o
    0x080019a4   0x000000a8   Code   RO         2268    i.RTC_SetTime       stm32l1xx_rtc.o
    0x08001a4c   0x0000000c   Code   RO         2281    i.RTC_TimeStructInit  stm32l1xx_rtc.o
    0x08001a58   0x0000004c   Code   RO         2282    i.RTC_WaitForSynchro  stm32l1xx_rtc.o
    0x08001aa4   0x00000020   Code   RO          590    i.RtcClearStatus    rtc-board.o
    0x08001ac4   0x0000002e   Code   RO          591    i.RtcDelayMs        rtc-board.o
    0x08001af2   0x00000002   PAD
    0x08001af4   0x00000114   Code   RO          593    i.RtcGetCalendarValue  rtc-board.o
    0x08001c08   0x00000006   Code   RO          594    i.RtcGetMinimumTimeout  rtc-board.o
    0x08001c0e   0x00000002   PAD
    0x08001c10   0x0000003c   Code   RO          595    i.RtcGetTimerElapsedTime  rtc-board.o
    0x08001c4c   0x00000028   Code   RO          596    i.RtcGetTimerValue  rtc-board.o
    0x08001c74   0x0000001c   Code   RO          597    i.RtcInit           rtc-board.o
    0x08001c90   0x0000005c   Code   RO          598    i.RtcRecoverMcuStatus  rtc-board.o
    0x08001cec   0x00000064   Code   RO          599    i.RtcSetAlarmConfig  rtc-board.o
    0x08001d50   0x00000074   Code   RO          600    i.RtcSetConfig      rtc-board.o
    0x08001dc4   0x00000050   Code   RO          601    i.RtcSetTimeout     rtc-board.o
    0x08001e14   0x0000019c   Code   RO          602    i.RtcStartWakeUpAlarm  rtc-board.o
    0x08001fb0   0x00000018   Code   RO         2579    i.SPI_Cmd           stm32l1xx_spi.o
    0x08001fc8   0x0000000e   Code   RO         2587    i.SPI_I2S_GetFlagStatus  stm32l1xx_spi.o
    0x08001fd6   0x00000004   Code   RO         2590    i.SPI_I2S_ReceiveData  stm32l1xx_spi.o
    0x08001fda   0x00000004   Code   RO         2591    i.SPI_I2S_SendData  stm32l1xx_spi.o
    0x08001fde   0x00000038   Code   RO         2592    i.SPI_Init          stm32l1xx_spi.o
    0x08002016   0x00000018   Code   RO         2595    i.SPI_StructInit    stm32l1xx_spi.o
    0x0800202e   0x00000002   PAD
    0x08002030   0x0000002c   Code   RO          756    i.SX1272AntSwDeInit  sx1272-board.o
    0x0800205c   0x00000030   Code   RO          757    i.SX1272AntSwInit   sx1272-board.o
    0x0800208c   0x00000004   Code   RO          758    i.SX1272CheckRfFrequency  sx1272-board.o
    0x08002090   0x00000004   Code   RO          759    i.SX1272GetPaSelect  sx1272-board.o
    0x08002094   0x0000000c   Code   RO         3623    i.SX1272GetStatus   sx1272.o
    0x080020a0   0x00000214   Code   RO         3624    i.SX1272GetTimeOnAir  sx1272.o
    0x080022b4   0x00000078   Code   RO         3625    i.SX1272Init        sx1272.o
    0x0800232c   0x00000088   Code   RO          761    i.SX1272IoInit      sx1272-board.o
    0x080023b4   0x00000060   Code   RO          762    i.SX1272IoIrqInit   sx1272-board.o
    0x08002414   0x00000038   Code   RO         3626    i.SX1272IsChannelFree  sx1272.o
    0x0800244c   0x0000024c   Code   RO         3627    i.SX1272OnDio0Irq   sx1272.o
    0x08002698   0x000000d8   Code   RO         3628    i.SX1272OnDio1Irq   sx1272.o
    0x08002770   0x000000ec   Code   RO         3629    i.SX1272OnDio2Irq   sx1272.o
    0x0800285c   0x00000060   Code   RO         3630    i.SX1272OnDio3Irq   sx1272.o
    0x080028bc   0x00000020   Code   RO         3631    i.SX1272OnDio4Irq   sx1272.o
    0x080028dc   0x00000090   Code   RO         3633    i.SX1272OnTimeoutIrq  sx1272.o
    0x0800296c   0x0000003e   Code   RO         3634    i.SX1272Random      sx1272.o
    0x080029aa   0x00000010   Code   RO         3635    i.SX1272Read        sx1272.o
    0x080029ba   0x00000002   PAD
    0x080029bc   0x00000048   Code   RO         3636    i.SX1272ReadBuffer  sx1272.o
    0x08002a04   0x0000000a   Code   RO         3637    i.SX1272ReadFifo    sx1272.o
    0x08002a0e   0x00000026   Code   RO         3638    i.SX1272ReadRssi    sx1272.o
    0x08002a34   0x0000003c   Code   RO         3639    i.SX1272Reset       sx1272.o
    0x08002a70   0x000000fc   Code   RO         3640    i.SX1272Send        sx1272.o
    0x08002b6c   0x00000048   Code   RO          763    i.SX1272SetAntSw    sx1272-board.o
    0x08002bb4   0x0000001c   Code   RO          764    i.SX1272SetAntSwLowPower  sx1272-board.o
    0x08002bd0   0x00000044   Code   RO         3641    i.SX1272SetChannel  sx1272.o
    0x08002c14   0x0000003c   Code   RO         3642    i.SX1272SetMaxPayloadLength  sx1272.o
    0x08002c50   0x00000078   Code   RO         3643    i.SX1272SetModem    sx1272.o
    0x08002cc8   0x0000004c   Code   RO         3644    i.SX1272SetOpMode   sx1272.o
    0x08002d14   0x000001c0   Code   RO         3645    i.SX1272SetRx       sx1272.o
    0x08002ed4   0x0000022c   Code   RO         3646    i.SX1272SetRxConfig  sx1272.o
    0x08003100   0x00000028   Code   RO         3647    i.SX1272SetSleep    sx1272.o
    0x08003128   0x00000028   Code   RO         3648    i.SX1272SetStby     sx1272.o
    0x08003150   0x000000ac   Code   RO         3649    i.SX1272SetTx       sx1272.o
    0x080031fc   0x000002cc   Code   RO         3650    i.SX1272SetTxConfig  sx1272.o
    0x080034c8   0x00000040   Code   RO         3651    i.SX1272StartCad    sx1272.o
    0x08003508   0x0000000c   Code   RO         3652    i.SX1272Write       sx1272.o
    0x08003514   0x00000048   Code   RO         3653    i.SX1272WriteBuffer  sx1272.o
    0x0800355c   0x0000000a   Code   RO         3654    i.SX1272WriteFifo   sx1272.o
    0x08003566   0x00000002   PAD
    0x08003568   0x00000028   Code   RO         2727    i.SYSCFG_EXTILineConfig  stm32l1xx_syscfg.o
    0x08003590   0x000000cc   Code   RO         1010    i.SetSysClock       system_stm32l1xx.o
    0x0800365c   0x0000007c   Code   RO          710    i.SpiFormat         spi-board.o
    0x080036d8   0x00000070   Code   RO          711    i.SpiFrequency      spi-board.o
    0x08003748   0x0000003a   Code   RO          712    i.SpiInOut          spi-board.o
    0x08003782   0x00000002   PAD
    0x08003784   0x000000f8   Code   RO          713    i.SpiInit           spi-board.o
    0x0800387c   0x00000054   Code   RO         1012    i.SystemInit        system_stm32l1xx.o
    0x080038d0   0x0000003c   Code   RO          839    i.TIM2_IRQHandler   timer-board.o
    0x0800390c   0x00000028   Code   RO          840    i.TIM3_IRQHandler   timer-board.o
    0x08003934   0x00000006   Code   RO         2825    i.TIM_ClearITPendingBit  stm32l1xx_tim.o
    0x0800393a   0x00000018   Code   RO         2830    i.TIM_Cmd           stm32l1xx_tim.o
    0x08003952   0x00000018   Code   RO         2850    i.TIM_GetITStatus   stm32l1xx_tim.o
    0x0800396a   0x00000014   Code   RO         2854    i.TIM_ITConfig      stm32l1xx_tim.o
    0x0800397e   0x00000002   PAD
    0x08003980   0x0000005c   Code   RO         2898    i.TIM_TimeBaseInit  stm32l1xx_tim.o
    0x080039dc   0x0000001c   Code   RO         4050    i.TimerExists       timer.o
    0x080039f8   0x0000000c   Code   RO         4052    i.TimerGetLowPowerEnable  timer.o
    0x08003a04   0x0000001c   Code   RO         4053    i.TimerGetValue     timer.o
    0x08003a20   0x0000001a   Code   RO          842    i.TimerHwDelayMs    timer-board.o
    0x08003a3a   0x00000002   PAD
    0x08003a3c   0x00000010   Code   RO          844    i.TimerHwGetDelayValue  timer-board.o
    0x08003a4c   0x00000030   Code   RO          845    i.TimerHwGetElapsedTime  timer-board.o
    0x08003a7c   0x00000004   Code   RO          846    i.TimerHwGetMinimumTimeout  timer-board.o
    0x08003a80   0x00000010   Code   RO          848    i.TimerHwGetTimerValue  timer-board.o
    0x08003a90   0x000000cc   Code   RO          849    i.TimerHwInit       timer-board.o
    0x08003b5c   0x00000038   Code   RO          850    i.TimerHwStart      timer-board.o
    0x08003b94   0x00000014   Code   RO          852    i.TimerIncrementDelayCounter  timer-board.o
    0x08003ba8   0x0000001c   Code   RO          853    i.TimerIncrementTickCounter  timer-board.o
    0x08003bc4   0x0000000e   Code   RO         4054    i.TimerInit         timer.o
    0x08003bd2   0x00000002   PAD
    0x08003bd4   0x00000028   Code   RO         4055    i.TimerInsertNewHeadTimer  timer.o
    0x08003bfc   0x0000005c   Code   RO         4056    i.TimerInsertTimer  timer.o
    0x08003c58   0x00000054   Code   RO         4057    i.TimerIrqHandler   timer.o
    0x08003cac   0x0000000c   Code   RO         4060    i.TimerSetLowPowerEnable  timer.o
    0x08003cb8   0x0000001c   Code   RO         4061    i.TimerSetTimeout   timer.o
    0x08003cd4   0x0000002c   Code   RO         4062    i.TimerSetValue     timer.o
    0x08003d00   0x00000064   Code   RO         4063    i.TimerStart        timer.o
    0x08003d64   0x00000090   Code   RO         4064    i.TimerStop         timer.o
    0x08003df4   0x000000c4   Code   RO          946    i.USART1_IRQHandler  uart-board.o
    0x08003eb8   0x00000018   Code   RO         3336    i.USART_Cmd         stm32l1xx_usart.o
    0x08003ed0   0x000000a4   Code   RO         3338    i.USART_DeInit      stm32l1xx_usart.o
    0x08003f74   0x0000000e   Code   RO         3339    i.USART_GetFlagStatus  stm32l1xx_usart.o
    0x08003f82   0x00000040   Code   RO         3340    i.USART_GetITStatus  stm32l1xx_usart.o
    0x08003fc2   0x00000036   Code   RO         3342    i.USART_ITConfig    stm32l1xx_usart.o
    0x08003ff8   0x000000b4   Code   RO         3343    i.USART_Init        stm32l1xx_usart.o
    0x080040ac   0x00000008   Code   RO         3350    i.USART_ReceiveData  stm32l1xx_usart.o
    0x080040b4   0x00000008   Code   RO         3353    i.USART_SendData    stm32l1xx_usart.o
    0x080040bc   0x00000134   Code   RO          947    i.UartMcuConfig     uart-board.o
    0x080041f0   0x00000064   Code   RO          950    i.UartMcuInit       uart-board.o
    0x08004254   0x00000002   Code   RO         3524    i.UsageFault_Handler  sysirqhandlers.o
    0x08004256   0x00000002   PAD
    0x08004258   0x00000020   Code   RO         4477    i.__0printf$1       mc_w.l(printf1.o)
    0x08004278   0x000000aa   Code   RO         4852    i.__kernel_poly     m_ws.l(poly.o)
    0x08004322   0x00000002   PAD
    0x08004324   0x00000010   Code   RO         4759    i.__mathlib_dbl_divzero  m_ws.l(dunder.o)
    0x08004334   0x00000006   Code   RO         4760    i.__mathlib_dbl_infnan  m_ws.l(dunder.o)
    0x0800433a   0x0000000c   Code   RO         4762    i.__mathlib_dbl_invalid  m_ws.l(dunder.o)
    0x08004346   0x0000000e   Code   RO         4869    i.__scatterload_copy  mc_w.l(handlers.o)
    0x08004354   0x00000002   Code   RO         4870    i.__scatterload_null  mc_w.l(handlers.o)
    0x08004356   0x0000000e   Code   RO         4871    i.__scatterload_zeroinit  mc_w.l(handlers.o)
    0x08004364   0x0000000c   Code   RO         4836    i.__set_errno       mc_w.l(errno.o)
    0x08004370   0x00000154   Code   RO         4484    i._printf_core      mc_w.l(printf1.o)
    0x080044c4   0x000000dc   Code   RO         4390    i.ceil              m_ws.l(ceil.o)
    0x080045a0   0x000000dc   Code   RO         4394    i.floor             m_ws.l(floor.o)
    0x0800467c   0x00000024   Code   RO           14    i.fputc             main.o
    0x080046a0   0x00000050   Code   RO         4693    i.free              mc_w.l(malloc.o)
    0x080046f0   0x00000046   Code   RO           15    i.int2array         main.o
    0x08004736   0x00000002   PAD
    0x08004738   0x0000035c   Code   RO         4788    i.log               m_ws.l(log.o)
    0x08004a94   0x000000e4   Code   RO         4398    i.log10             m_ws.l(log10.o)
    0x08004b78   0x00000234   Code   RO           16    i.main              main.o
    0x08004dac   0x0000006c   Code   RO         4694    i.malloc            mc_w.l(malloc.o)
    0x08004e18   0x00000012   Code   RO         3565    i.memcpy1           utilities.o
    0x08004e2a   0x00000002   PAD
    0x08004e2c   0x00000094   Code   RO         4415    i.round             m_ws.l(round.o)
    0x08004ec0   0x00000018   Data   RO          604    .constdata          rtc-board.o
    0x08004ed8   0x00000054   Data   RO          766    .constdata          sx1272-board.o
    0x08004f2c   0x000000e0   Data   RO         3656    .constdata          sx1272.o
    0x0800500c   0x00000004   PAD
    0x08005010   0x00000038   Data   RO         4789    .constdata          m_ws.l(log.o)
    0x08005048   0x00000008   Data   RO         4854    .constdata          m_ws.l(qnan.o)
    0x08005050   0x00000020   Data   RO         4867    Region$$Table       anon$$obj.o


    Execution Region RW_IRAM1 (Base: 0x20000000, Size: 0x00000a18, Max: 0x00004000, ABSOLUTE)

    Base Addr    Size         Type   Attr      Idx    E Section Name        Object

    0x20000000   0x00000011   Data   RW           18    .data               main.o
    0x20000011   0x00000001   Data   RW          371    .data               board.o
    0x20000012   0x00000006   PAD
    0x20000018   0x00000010   Data   RW          605    .data               rtc-board.o
    0x20000028   0x00000001   Data   RW          767    .data               sx1272-board.o
    0x20000029   0x00000007   PAD
    0x20000030   0x00000020   Data   RW          854    .data               timer-board.o
    0x20000050   0x00000002   Data   RW          953    .data               uart-board.o
    0x20000052   0x00000002   PAD
    0x20000054   0x0000001d   Data   RW         1013    .data               system_stm32l1xx.o
    0x20000071   0x00000019   Data   RW         2026    .data               stm32l1xx_rcc.o
    0x2000008a   0x00000002   PAD
    0x2000008c   0x00000020   Data   RW         3657    .data               sx1272.o
    0x200000ac   0x00000001   Data   RW         3844    .data               adc_1.o
    0x200000ad   0x00000003   PAD
    0x200000b0   0x00000008   Data   RW         4065    .data               timer.o
    0x200000b8   0x00000004   Data   RW         4821    .data               mc_w.l(stdout.o)
    0x200000bc   0x00000004   Data   RW         4832    .data               mc_w.l(mvars.o)
    0x200000c0   0x00000004   Data   RW         4833    .data               mc_w.l(mvars.o)
    0x200000c4   0x00000004   Data   RW         4837    .data               mc_w.l(errno.o)
    0x200000c8   0x0000001c   Zero   RW           17    .bss                main.o
    0x200000e4   0x00000034   Zero   RW          368    .bss                board.o
    0x20000118   0x00000038   Zero   RW          370    .bss                board.o
    0x20000150   0x00000040   Zero   RW          447    .bss                gpio-board.o
    0x20000190   0x00000012   Zero   RW          714    .bss                spi-board.o
    0x200001a2   0x00000002   PAD
    0x200001a4   0x00000018   Zero   RW          765    .bss                sx1272-board.o
    0x200001bc   0x00000035   Zero   RW          952    .bss                uart-board.o
    0x200001f1   0x00000003   PAD
    0x200001f4   0x00000224   Zero   RW         3655    .bss                sx1272.o
    0x20000418   0x00000200   Zero   RW         1002    HEAP                startup_stm32l1xx_md.o
    0x20000618   0x00000400   Zero   RW         1001    STACK               startup_stm32l1xx_md.o


==============================================================================

Image component sizes


      Code (inc. data)   RO Data    RW Data    ZI Data      Debug   Object Name

       256         10          0          0          0       2104   adc-board.o
        44          6          0          1          0       1134   adc_1.o
       282         24          0          1        108       2036   board.o
        30          0          0          0          0        562   delay.o
       110          0          0          0          0       3080   fifo.o
       992         56          0          0         64       7916   gpio-board.o
        86          0          0          0          0       2741   gpio.o
      1040        270          0         17         28     291236   main.o
       124         16          0          0          0       1883   misc.o
      1330         90         24         16          0       9659   rtc-board.o
       542         26          0          0         18       4068   spi-board.o
        36          8        244          0       1536        876   startup_stm32l1xx_md.o
       168         18          0          0          0       4769   stm32l1xx_adc.o
        28          6          0          0          0        664   stm32l1xx_dbgmcu.o
       148         16          0          0          0       2592   stm32l1xx_exti.o
       176          0          0          0          0       4043   stm32l1xx_gpio.o
        36         18          0          0          0       1771   stm32l1xx_pwr.o
       544        102          0         25          0      12616   stm32l1xx_rcc.o
      1256         80          0          0          0      14144   stm32l1xx_rtc.o
       126          0          0          0          0       4491   stm32l1xx_spi.o
        40          6          0          0          0        732   stm32l1xx_syscfg.o
       166         22          0          0          0       4150   stm32l1xx_tim.o
       516         26          0          0          0       7308   stm32l1xx_usart.o
       432         34         84          1         24       8442   sx1272-board.o
      5040        260        224         32        548      24761   sx1272.o
        10          0          0          0          0       2425   sysirqhandlers.o
       288         30          0         29          0      80689   system_stm32l1xx.o
       518         54          0         32          0       7021   timer-board.o
       626         56          0          8          0       8212   timer.o
       604         24          0          2         53       3403   uart-board.o
        18          0          0          0          0       1082   utilities.o

    ----------------------------------------------------------------------
     15644       1258        612        184       2384     520610   Object Totals
         0          0         32          0          0          0   (incl. Generated)
        32          0          4         20          5          0   (incl. Padding)

    ----------------------------------------------------------------------

      Code (inc. data)   RO Data    RW Data    ZI Data      Debug   Library Member Name

       220         16          0          0          0         84   ceil.o
        34          4          0          0          0        204   dunder.o
       220         16          0          0          0         84   floor.o
       860         52         56          0          0        256   log.o
       228         30          0          0          0        120   log10.o
       170          0          0          0          0         96   poly.o
         0          0          8          0          0          0   qnan.o
       148         12          0          0          0         88   round.o
         0          0          0          0          0          0   entry.o
         0          0          0          0          0          0   entry10a.o
         0          0          0          0          0          0   entry11a.o
         8          4          0          0          0          0   entry2.o
         4          0          0          0          0          0   entry5.o
         0          0          0          0          0          0   entry7b.o
         0          0          0          0          0          0   entry8b.o
         8          4          0          0          0          0   entry9a.o
        12          6          0          4          0         68   errno.o
        30          0          0          0          0          0   handlers.o
        36          8          0          0          0         68   init.o
         0          0          0          0          0          0   iusefp.o
        30          0          0          0          0         68   llshl.o
        36          0          0          0          0         68   llsshr.o
        32          0          0          0          0         68   llushr.o
       188         20          0          0          0        160   malloc.o
        36          0          0          0          0         68   memcpya.o
        36          0          0          0          0        108   memseta.o
         0          0          0          8          0          0   mvars.o
       372         14          0          0          0        184   printf1.o
         0          0          0          4          0          0   stdout.o
        24          0          0          0          0         68   strcat.o
        44          0          0          0          0         80   uidiv.o
        48          0          0          0          0         68   cdcmple.o
        48          0          0          0          0         68   cdrcmple.o
       334          0          0          0          0        148   dadd.o
       222          0          0          0          0        100   ddiv.o
       186          0          0          0          0        176   depilogue.o
        62          0          0          0          0         80   dfixi.o
        50          0          0          0          0         76   dfixui.o
        48          0          0          0          0         68   dfixul.o
        34          0          0          0          0         76   dflti.o
        26          0          0          0          0         76   dfltui.o
        24          0          0          0          0         76   dfltul.o
       228          0          0          0          0         96   dmul.o
       136          4          0          0          0         92   drnd.o
        46          0          0          0          0         80   dscalb.o

    ----------------------------------------------------------------------
      4272        190         64         16          0       3220   Library Totals
         4          0          0          0          0          0   (incl. Padding)

    ----------------------------------------------------------------------

      Code (inc. data)   RO Data    RW Data    ZI Data      Debug   Library Name

      1880        130         64          0          0        932   m_ws.l
       896         56          0         16          0       1008   mc_w.l
      1492          4          0          0          0       1280   mf_w.l

    ----------------------------------------------------------------------
      4272        190         64         16          0       3220   Library Totals

    ----------------------------------------------------------------------

==============================================================================


      Code (inc. data)   RO Data    RW Data    ZI Data      Debug   

     19916       1448        676        200       2384     512022   Grand Totals
     19916       1448        676        200       2384     512022   ELF Image Totals
     19916       1448        676        200          0          0   ROM Totals

==============================================================================

    Total RO  Size (Code + RO Data)                20592 (  20.11kB)
    Total RW  Size (RW Data + ZI Data)              2584 (   2.52kB)
    Total ROM Size (Code + RO Data + RW Data)      20792 (  20.30kB)

==============================================================================

